******************************************************************************
            TI ARM Clang Linker PC v2.1.3                      
******************************************************************************
>> Linked Thu Jan 25 15:17:10 2024

OUTPUT FILE NAME:   <S2S_V0-3-final.out>
ENTRY POINT SYMBOL: "_c_int00"  address: 0001bd85


MEMORY CONFIGURATION

         name            origin    length      used     unused   attr    fill
----------------------  --------  ---------  --------  --------  ----  --------
  FLASH_IMG_HDR         00000000   00000090  0000008d  00000003  R  X
  ENTRY                 00000090   00000040  0000003c  00000004  R  X
  FLASH                 000000d0   00037f30  00028284  0000fcac  R  X
  RTOS_SRAM             20000000   0000012c  00000000  0000012c  RW X
  SRAM                  20000fdf   00013021  00004d38  0000e2e9  RW X


SEGMENT ALLOCATION MAP

run origin  load origin   length   init length attrs members
----------  ----------- ---------- ----------- ----- -------
00000000    00000000    00024354   00024354    r-x
  00000000    00000000    0000008d   0000008d    r-- .image_header
  00000090    00000090    0000003c   0000003c    r-- .resetVecs
  000000d0    000000d0    0001fb20   0001fb20    r-x .text
  0001fbf0    0001fbf0    0000306c   0000306c    r-- .rodata
  00022c5c    00022c5c    000016f8   000016f8    r-- .cinit
00034000    00034000    00004000   00000000    rw-
  00034000    00034000    00004000   00000000    rw- .TI.bound:flashBuf0
20001810    20001810    00000010   00000000    rw-
  20001810    20001810    00000010   00000000    rw- .TI.bound:dmaUart0RxControlTableEntry
20001820    20001820    00000010   00000000    rw-
  20001820    20001820    00000010   00000000    rw- .TI.bound:dmaUart0TxControlTableEntry
20001830    20001830    00000010   00000000    rw-
  20001830    20001830    00000010   00000000    rw- .TI.bound:dmaSpi0RxControlTableEntry
20001840    20001840    00000010   00000000    rw-
  20001840    20001840    00000010   00000000    rw- .TI.bound:dmaSpi0TxControlTableEntry
20001a30    20001a30    00000010   00000000    rw-
  20001a30    20001a30    00000010   00000000    rw- .TI.bound:dmaSpi0RxAltControlTableEntry
20001a40    20001a40    00000010   00000000    rw-
  20001a40    20001a40    00000010   00000000    rw- .TI.bound:dmaSpi0TxAltControlTableEntry
20001b00    20001b00    000047b5   00000000    rw-
  20001b00    20001b00    0000165c   00000000    rw- .data
  20003160    20003160    00003155   00000000    rw- .bss
20006300    20006300    000000d8   00000000    rw-
  20006300    20006300    000000d8   00000000    rw- .ramVecs
20013c00    20013c00    00000400   00000000    rw-
  20013c00    20013c00    00000400   00000000    rw- .stack


SECTION ALLOCATION MAP

 output                                  attributes/
section   page    origin      length       input sections
--------  ----  ----------  ----------   ----------------
.image_header 
*          0    00000000    0000008d     
                  00000000    0000008d     oad_image_header_app.o (.image_header)

.resetVecs 
*          0    00000090    0000003c     
                  00000090    0000003c     ti_sysbios_config.o (.resetVecs)

.intvecs   0    000000cc    00000000     UNINITIALIZED

EntrySection 
*          0    000000cc    00000000     UNINITIALIZED

.text      0    000000d0    0001fb20     
                  000000d0    0000107c     simple_peripheral_oad_onchip.o (.text.SimplePeripheral_taskFxn)
                  0000114c    00000b48     StackWrapper.a : gapbondmgr.o (.text)
                  00001c94    000006f8     OneLib.a : ll_adv_end_causes.o (.text)
                  0000238c    000006f8     StackWrapper.a : gapbondmgr.o (.text)
                  00002a84    000006f4     oad.o (.text.OAD_processQueue)
                  00003178    00000514     OneLib.a : ble.o (.text)
                  0000368c    000004d0              : ll_ae.o (.text)
                  00003b5c    00000490     rf_multiMode_cc26x2.a : RFCC26X2_multiMode.c.cc26x2.ticlang.o (.text.RF_fsmActiveState)
                  00003fec    00000478     OneLib.a : ll_isr.o (.text)
                  00004464    00000448              : ll.o (.text)
                  000048ac    0000043c              : ll_slave_end_causes.o (.text)
                  00004ce8    0000041c              : ll_scheduler.o (.text)
                  00005104    000003e0     oad.o (.text.oadProcessExtControlCmd)
                  000054e4    00000388     OneLib.a : ll_slave_end_causes.o (.text)
                  0000586c    00000344              : ll_ae.o (.text)
                  00005bb0    00000340     ti_sysbios_config.o (.text.ti_sysbios_runtime_System_doPrint)
                  00005ef0    00000338     OneLib.a : ll_ae.o (.text)
                  00006228    00000334              : ll_scheduler.o (.text)
                  0000655c    0000030c              : ll_ae.o (.text)
                  00006868    000002b0     StackWrapper.a : gapbondmgr.o (.text)
                  00006b18    000002a8     nvocmp.o (.text.NVOCMP_initNvApi)
                  00006dc0    0000029c     rf_multiMode_cc26x2.a : RFCC26X2_multiMode.c.cc26x2.ticlang.o (.text.RF_open)
                  0000705c    0000029c     OneLib.a : ll_isr.o (.text)
                  000072f8    00000294              : ll.o (.text)
                  0000758c    00000290              : ll_ae.o (.text)
                  0000781c    00000284     nvocmp.o (.text.NVOCMP_compactPage)
                  00007aa0    00000274     OneLib.a : ll_ae.o (.text)
                  00007d14    00000264              : ll_common.o (.text)
                  00007f78    00000264              : ll_isr.o (.text)
                  000081dc    0000025c     StackWrapper.a : gapbondmgr.o (.text)
                  00008438    0000024c     nvocmp.o (.text.NVOCMP_addItem)
                  00008684    00000238     OneLib.a : ll_data.o (.text)
                  000088bc    00000220     drivers_cc26x2.a : ECDHCC26X2.c.obj (.text.ECDHCC26X2_hwiFxn)
                  00008adc    00000204     OneLib.a : gattservapp.o (.text)
                  00008ce0    00000200     nwt_i2c.o (.text.read_MLC_trehshold)
                  00008ee0    000001fc     OneLib.a : ll.o (.text)
                  000090dc    000001f0     drivers_cc26x2.a : UART2CC26X2.c.obj (.text.UART2CC26X2_hwiIntFxn)
                  000092cc    000001e8     rf_multiMode_cc26x2.a : RFCC26X2_multiMode.c.cc26x2.ticlang.o (.text.RF_scheduleCmd)
                  000094b4    000001e0     StackWrapper.a : osal.o (.text)
                  00009694    000001dc     rf_multiMode_cc26x2.a : RFCC26X2_multiMode.c.cc26x2.ticlang.o (.text.RF_dispatchNextCmd)
                  00009870    000001dc     OneLib.a : ll_scheduler.o (.text)
                  00009a4c    000001c8              : ll_ae.o (.text)
                  00009c14    000001b6     libclang_rt.builtins.a : adddf3.S.obj (.text)
                  00009dca    00000002     ti_sysbios_config.o (.text.BIOS_nullFunc)
                  00009dcc    000001a0     drivers_cc26x2.a : AESECBCC26XX.c.obj (.text.AESECB_addDataInternal)
                  00009f6c    00000198     OneLib.a : ll_common.o (.text)
                  0000a104    00000196              : ll_common.o (.text)
                  0000a29a    00000002     ti_drivers_config.o (.text.Board_initHook)
                  0000a29c    00000194     drivers_cc26x2.a : PowerCC26X2_calibrateRCOSC.c.obj (.text.PowerCC26X2_auxISR)
                  0000a430    0000018c                      : UART2CC26X2.c.obj (.text.UART2_open)
                  0000a5bc    00000188                      : AESCCMCC26XX.c.obj (.text.AESCCM_startOperation)
                  0000a744    00000188     OneLib.a : ll_ae.o (.text)
                  0000a8cc    00000184              : ll_isr.o (.text)
                  0000aa50    0000017c     drivers_cc26x2.a : ECDHCC26X2.c.obj (.text.ECDH_computeSharedSecret)
                  0000abcc    00000178     OneLib.a : gattservapp.o (.text)
                  0000ad44    00000174     crc32.o (.text.CRC32_calc)
                  0000aeb8    00000174     drivers_cc26x2.a : UART2.c.obj (.text.UART2_writeTimeoutBlocking)
                  0000b02c    00000174     OneLib.a : ll_scheduler.o (.text)
                  0000b1a0    00000160     icall.o (.text.ICall_waitMatch)
                  0000b300    00000160     OneLib.a : ll_ae.o (.text)
                  0000b460    0000015c     nwt_i2c.o (.text.I2C_read_feature)
                  0000b5bc    00000158     drivers_cc26x2.a : AESCTRCC26XX.c.obj (.text.AESCTR_processData)
                  0000b714    00000158                      : PowerCC26X2.c.obj (.text.Power_sleep)
                  0000b86c    00000158     OneLib.a : ll_common.o (.text)
                  0000b9c4    00000150              : gap_task.o (.text)
                  0000bb14    00000150              : ll_ae.o (.text)
                  0000bc64    00000150              : ll_isr.o (.text)
                  0000bdb4    0000014c     rf_multiMode_cc26x2.a : RFCC26X2_multiMode.c.cc26x2.ticlang.o (.text.RF_radioOpDoneCb)
                  0000bf00    00000144     ble_user_config_stack.o (.text.setBleUserConfig)
                  0000c044    00000004     drivers_cc26x2.a : AESCTRDRBGXX.c.obj (.text.AESCTRDRBG_getBytes)
                  0000c048    00000144     ti_sysbios_config.o (.text.ti_sysbios_runtime_System_printfExtend)
                  0000c18c    00000144     StackWrapper.a : osal.o (.text)
                  0000c2d0    00000140     OneLib.a : gattservapp.o (.text)
                  0000c410    00000140     StackWrapper.a : gap.o (.text)
                  0000c550    00000136     libclang_rt.builtins.a : divdf3.S.obj (.text)
                  0000c686    00000002     board_key.o (.text.Board_initKeys)
                  0000c688    00000134     rf_multiMode_cc26x2.a : RFCC26X2_multiMode.c.cc26x2.ticlang.o (.text.RF_ratSetupChannel)
                  0000c7bc    00000130     driverlib.lib : aes.o (.text.NOROM_AESWriteToKeyStore)
                  0000c8ec    0000012c     drivers_cc26x2.a : I2CCC26XX.c.obj (.text.I2C_open)
                  0000ca18    0000012c     rf_multiMode_cc26x2.a : RFCC26X2_multiMode.c.cc26x2.ticlang.o (.text.RF_close)
                  0000cb44    0000012c     drivers_cc26x2.a : TRNGCC26XX.c.obj (.text.TRNGCC26XX_hwiFxn)
                  0000cc70    00000126                      : I2C.c.obj (.text.I2C_transferTimeout)
                  0000cd96    00000002     ble_user_config.o (.text.DefaultAssertCback)
                  0000cd98    00000124     rf_multiMode_cc26x2.a : RFCC26X2_multiMode.c.cc26x2.ticlang.o (.text.RF_abortCmd)
                  0000cebc    00000124                           : RFCC26X2_multiMode.c.cc26x2.ticlang.o (.text.RF_fsmSetupState)
                  0000cfe0    00000124     OneLib.a : ll_ae.o (.text)
                  0000d104    00000120     nvocmp.o (.text.NVOCMP_findItem)
                  0000d224    00000120     ti_sysbios_config.o (.text.ti_sysbios_family_arm_cc26xx_Timer_construct)
                  0000d344    00000120     OneLib.a : ll_common.o (.text)
                  0000d464    00000120              : ll_data.o (.text)
                  0000d584    0000011c     sysbios.a : Hwi_asm_gcc.s.obj (.text.ti_sysbios_family_arm_m3_Hwi_dispatch)
                  0000d6a0    0000011c     OneLib.a : sm_rsppairing.o (.text)
                  0000d7bc    0000011a     drivers_cc26x2.a : UART2.c.obj (.text.UART2_writeTimeoutNonblocking)
                  0000d8d6    00000002     display_cc26x2.a : DisplayUart2.c.obj (.text.DisplayUart2Ansi_init)
                  0000d8d8    00000118     drivers_cc26x2.a : PowerCC26X2.c.obj (.text.Power_init)
                  0000d9f0    00000118     rf_multiMode_cc26x2.a : RFCC26X2_multiMode.c.cc26x2.ticlang.o (.text.RF_decodeOverridePointers)
                  0000db08    00000114     OneLib.a : ll_common.o (.text)
                  0000dc1c    0000010c     main.o (.text.AssertHandler)
                  0000dd28    0000010c     drivers_cc26x2.a : ECDHCC26X2.c.obj (.text.ECDH_generatePublicKey)
                  0000de34    0000010c                      : PowerCC26X2_calibrateRCOSC.c.obj (.text.PowerCC26X2_calibrate)
                  0000df40    0000010a     OneLib.a : gatt_client.o (.text)
                  0000e04a    00000002     drivers_cc26x2.a : I2C.c.obj (.text.I2C_init)
                  0000e04c    00000108                      : NVSCC26XX.c.obj (.text.NVSCC26XX_write)
                  0000e154    00000108     rf_multiMode_cc26x2.a : RFCC26X2_multiMode.c.cc26x2.ticlang.o (.text.RF_fsmPowerUpState)
                  0000e25c    00000108     OneLib.a : ll_scheduler.o (.text)
                  0000e364    00000104     drivers_cc26x2.a : GPIOCC26X2.c.obj (.text.GPIO_init)
                  0000e468    00000104                      : UART2CC26X2.c.obj (.text.UART2CC26X2_initHw)
                  0000e56c    00000104     simple_peripheral_oad_onchip.o (.text.config_mlc_threshold)
                  0000e670    00000102     drivers_cc26x2.a : AESCTRDRBGXX.c.obj (.text.AESCTRDRBG_getRandomBytes)
                  0000e772    00000002     rom_init.o (.text.MAP_HCI_CteRequestFailedEvent)
                  0000e774    00000100     simple_peripheral_oad_onchip.o (.text.config_ble_service)
                  0000e874    000000fe     OneLib.a : ll_scheduler.o (.text)
                  0000e972    00000002     rom_init.o (.text.MAP_llClearPeriodicAdvSets)
                  0000e974    000000fc     rf_multiMode_cc26x2.a : RFCC26X2_multiMode.c.cc26x2.ticlang.o (.text.RF_hwiCpe0Active)
                  0000ea70    000000fc     OneLib.a : ll_isr.o (.text)
                  0000eb6c    000000fc     libclang_rt.builtins.a : muldf3.S.obj (.text)
                  0000ec68    000000f8     drivers_cc26x2.a : TRNGCC26XX.c.obj (.text.TRNG_getRandom)
                  0000ed60    000000f8     OneLib.a : sm_rsppairing.o (.text)
                  0000ee58    000000f4     driverlib.lib : sys_ctrl.o (.text.NOROM_SysCtrlStandby)
                  0000ef4c    000000f0     simple_peripheral_oad_onchip_menu.o (.text.SimplePeripheral_buildMenu)
                  0000f03c    000000f0     drivers_cc26x2.a : UART2CC26X2.c.obj (.text.UART2Support_dmaStartRx)
                  0000f12c    000000f0     OneLib.a : ll_ae.o (.text)
                  0000f21c    000000ec              : gap_advertiser.o (.text)
                  0000f308    000000ec              : ll_ae.o (.text)
                  0000f3f4    000000ec              : ll_common.o (.text)
                  0000f4e0    000000ec              : ll_common.o (.text)
                  0000f5cc    000000e8     drivers_cc26x2.a : AESCTRDRBGXX.c.obj (.text.AESCTRDRBG_construct)
                  0000f6b4    000000e4     driverlib.lib : setup.o (.text.NOROM_SetupTrimDevice)
                  0000f798    000000e4     ti_sysbios_config.o (.text.ti_sysbios_knl_Semaphore_pend)
                  0000f87c    000000e2     drivers_cc26x2.a : I2CCC26XX.c.obj (.text.I2CCC26XX_hwiFxn)
                  0000f95e    000000e2     OneLib.a : gapgattserver.o (.text)
                  0000fa40    000000e0     simple_peripheral_oad_onchip.o (.text.SimplePeripheral_menuSwitchCb)
                  0000fb20    000000e0     ti_sysbios_config.o (.text.ti_sysbios_knl_Event_pend)
                  0000fc00    000000e0     OneLib.a : ll_scheduler.o (.text)
                  0000fce0    000000e0     StackWrapper.a : osal_timers.o (.text)
                  0000fdc0    000000dc     nwt_i2c.o (.text.I2C_taskFxn)
                  0000fe9c    000000dc     rf_multiMode_cc26x2.a : RFCC26X2_multiMode.c.cc26x2.ticlang.o (.text.RF_control)
                  0000ff78    000000dc     OneLib.a : ll_ae.o (.text)
                  00010054    000000d8     devinfoservice.o (.text.DevInfo_SetParameter)
                  0001012c    000000d8     scif_framework.o (.text.scifInit)
                  00010204    000000d8     ti_sysbios_config.o (.text.ti_sysbios_family_arm_m3_Hwi_excFillContext)
                  000102dc    000000d0     drivers_cc26x2.a : PowerCC26X2.c.obj (.text.configureXOSCHF)
                  000103ac    000000cc                      : AESCTRDRBGXX.c.obj (.text.AESCTRDRBG_reseed)
                  00010478    000000cc     ti_sysbios_config.o (.text.ti_sysbios_knl_Clock_workFuncDynamic)
                  00010544    000000cc     OneLib.a : hci_event.o (.text)
                  00010610    000000cc     StackWrapper.a : osal.o (.text)
                  000106dc    000000ca     rf_multiMode_cc26x2.a : RFCC26X2_multiMode.c.cc26x2.ticlang.o (.text.RF_updatePaConfiguration)
                  000107a6    00000002     rom_init.o (.text.MAP_llClearPeriodicScanSets)
                  000107a8    000000c8     OneLib.a : gap_scanner.o (.text)
                  00010870    000000c8              : ll.o (.text)
                  00010938    000000c8              : ll_ae.o (.text)
                  00010a00    000000c4     driverlib.lib : setup.o (.text.TrimAfterColdResetWakeupFromShutDown)
                  00010ac4    000000c4     OneLib.a : gapgattserver.o (.text)
                  00010b88    000000c4              : ll_ae.o (.text)
                  00010c4c    000000c0              : ll.o (.text)
                  00010d0c    000000c0              : ll.o (.text)
                  00010dcc    000000c0              : ll_isr.o (.text)
                  00010e8c    000000c0              : ll_scheduler.o (.text)
                  00010f4c    000000bc     rf_multiMode_cc26x2.a : RFCC26X2_multiMode.c.cc26x2.ticlang.o (.text.RF_swiHw)
                  00011008    000000bc     drivers_cc26x2.a : UART2CC26X2.c.obj (.text.UART2Support_dmaStartTx)
                  000110c4    000000bc     OneLib.a : ble.o (.text)
                  00011180    000000bc              : ll_ecc.o (.text)
                  0001123c    00000004     drivers_cc26x2.a : AESCTRCC26XX.c.obj (.text.AESCTR_releaseLock)
                  00011240    000000b8     nwt_i2c.o (.text.I2C_read_acc)
                  000112f8    000000b8     devinfoservice.o (.text.devInfo_ReadAttrCB)
                  000113b0    000000b8     ti_ble_config.o (.text.setBondManagerParameters)
                  00011468    000000b8     ti_sysbios_config.o (.text.ti_sysbios_knl_Task_Instance_finalize)
                  00011520    000000b8     OneLib.a : ll_slave_end_causes.o (.text)
                  000115d8    000000b8     StackWrapper.a : gattservapp_util.o (.text)
                  00011690    000000b4     drivers_cc26x2.a : ECDHCC26X2.c.obj (.text.ECDHCC26X2_getKeyResult)
                  00011744    000000b4     driverlib.lib : osc.o (.text.NOROM_OSCHF_AttemptToSwitchToXosc)
                  000117f8    000000b4     ti_sysbios_config.o (.text.PowerCC26XX_standbyPolicy)
                  000118ac    000000b4     drivers_cc26x2.a : PowerCC26X2.c.obj (.text.Power_releaseDependency)
                  00011960    000000b4     ti_sysbios_config.o (.text.ti_sysbios_knl_Task_setPri)
                  00011a14    000000b4     OneLib.a : gap_scanner.o (.text)
                  00011ac8    000000b4     StackWrapper.a : gapbondmgr.o (.text)
                  00011b7c    000000b0     drivers_cc26x2.a : PowerCC26X2.c.obj (.text.Power_setDependency)
                  00011c2c    000000b0     nwt_i2c.o (.text.i2cErrorHandler)
                  00011cdc    000000b0     OneLib.a : ll_common.o (.text)
                  00011d8c    000000b0              : ll_enc.o (.text)
                  00011e3c    000000b0     StackWrapper.a : gapbondmgr.o (.text)
                  00011eec    000000b0                    : gattservapp_util.o (.text)
                  00011f9c    000000b0     libclang_rt.builtins.a : udivmoddi4.S.obj (.text)
                  0001204c    000000ac     rf_multiMode_cc26x2.a : RFCC26X2_multiMode.c.cc26x2.ticlang.o (.text.RF_pendCmd)
                  000120f8    000000ac     simple_gatt_profile.o (.text.SimpleProfile_SetParameter)
                  000121a4    000000ac     scif_framework.o (.text.scifCtrlTasksNbl)
                  00012250    000000ac     StackWrapper.a : gapbondmgr.o (.text)
                  000122fc    000000a8     OneLib.a : hci_data.o (.text)
                  000123a4    000000a8              : ll.o (.text)
                  0001244c    000000a8              : ll_common.o (.text)
                  000124f4    000000a8     StackWrapper.a : osal_cbtimer.o (.text)
                  0001259c    000000a4     drivers_cc26x2.a : AESCTRCC26XX.c.obj (.text.AESCTR_startOneStepOperation)
                  00012640    000000a4     icall.o (.text.ICall_heapMalloc)
                  000126e4    000000a4     rf_multiMode_cc26x2.a : RFCC26X2_multiMode.c.cc26x2.ticlang.o (.text.RF_initRadioSetup)
                  00012788    000000a4     ti_sysbios_config.o (.text.ti_sysbios_knl_Task_Instance_init)
                  0001282c    000000a4     OneLib.a : ll_ae.o (.text)
                  000128d0    000000a4              : ll_ae.o (.text)
                  00012974    000000a0     drivers_cc26x2.a : I2CCC26XX.c.obj (.text.I2CCC26XX_swiFxn)
                  00012a14    000000a0     rf_multiMode_cc26x2.a : RFCC26X2_multiMode.c.cc26x2.ticlang.o (.text.RF_calculateDispatchTime)
                  00012ab4    000000a0     OneLib.a : gattservapp.o (.text)
                  00012b54    000000a0              : ll_common.o (.text)
                  00012bf4    000000a0              : ll_scheduler.o (.text)
                  00012c94    0000009c     display_cc26x2.a : DisplayUart2.c.obj (.text.DisplayUart2Ansi_clearLines)
                  00012d30    0000009c     simple_peripheral_oad_onchip.o (.text.SimplePeripheral_doSetConnPhy)
                  00012dcc    0000009c     libc.a : s_floorf.c.obj (.text.floorf)
                  00012e68    0000009c     OneLib.a : ll_common.o (.text)
                  00012f04    0000009c              : ll_ecc.o (.text)
                  00012fa0    0000009a     drivers_cc26x2.a : UART2.c.obj (.text.UART2_writeCancel)
                  0001303a    00000002     rom_init.o (.text.MAP_llCoexInit)
                  0001303c    00000098     nvocmp.o (.text.NVOCMP_erase)
                  000130d4    00000098     rf_multiMode_cc26x2.a : RFCC26X2_multiMode.c.cc26x2.ticlang.o (.text.RF_defaultSubmitPolicy)
                  0001316c    00000098     nwt_sc.o (.text.SC_taskFxn)
                  00013204    00000098     simple_peripheral_oad_onchip.o (.text.SimplePeripheral_updatePHYStat)
                  0001329c    00000098     drivers_cc26x2.a : UART2CC26X2.c.obj (.text.UART2_close)
                  00013334    00000098     OneLib.a : gattservapp.o (.text)
                  000133cc    00000098              : hci_event.o (.text)
                  00013464    00000098              : ll_isr.o (.text)
                  000134fc    00000096     rf_multiMode_cc26x2.a : RFCC26X2_multiMode.c.cc26x2.ticlang.o (.text.RF_verifyGap)
                  00013592    00000002     rom_init.o (.text.MAP_llCoexSetParams)
                  00013594    00000094     rf_multiMode_cc26x2.a : RFCC26X2_multiMode.c.cc26x2.ticlang.o (.text.RF_ratRestartChannels)
                  00013628    00000094     ti_sysbios_config.o (.text.ti_sysbios_knl_Clock_startI)
                  000136bc    00000094     ti_sysbios_config.o (.text.ti_sysbios_knl_Task_sleep)
                  00013750    00000094     OneLib.a : gatt_server.o (.text)
                  000137e4    00000094              : ll.o (.text)
                  00013878    00000094              : ll_common.o (.text)
                  0001390c    00000094              : ll_scheduler.o (.text)
                  000139a0    00000092              : gap_task.o (.text)
                  00013a32    00000002     rom_init.o (.text.MAP_llCoexUpdateCounters)
                  00013a34    00000090     display_cc26x2.a : DisplayUart2.c.obj (.text.DisplayUart2Ansi_vprintf)
                  00013ac4    00000090     drivers_cc26x2.a : GPIOCC26XX.c.obj (.text.GPIO_setConfigAndMux)
                  00013b54    00000090     osal_icall_ble.o (.text.osalInitTasks)
                  00013be4    00000090     OneLib.a : ll.o (.text)
                  00013c74    0000008c     BQ27427.o (.text.BQ27427_writeExtendedData)
                  00013d00    0000008c     drivers_cc26x2.a : TRNGCC26XX.c.obj (.text.TRNG_construct)
                  00013d8c    0000008c     ti_sysbios_config.o (.text.ti_sysbios_knl_Clock_init)
                  00013e18    0000008c     OneLib.a : ll_ae.o (.text)
                  00013ea4    00000088     rf_multiMode_cc26x2.a : RFCC26X2_multiMode.c.cc26x2.ticlang.o (.text.RF_cmdDispatchTime)
                  00013f2c    00000088                           : RFCC26X2_multiMode.c.cc26x2.ticlang.o (.text.RF_discardPendCmd)
                  00013fb4    00000088     simple_gatt_profile.o (.text.simpleProfile_WriteAttrCB)
                  0001403c    00000088     OneLib.a : ll_isr.o (.text)
                  000140c4    00000088              : sm_rsppairing.o (.text)
                  0001414c    00000088     StackWrapper.a : osal_cbtimer.o (.text)
                  000141d4    00000084     icall.o (.text.ICall_setTimer)
                  00014258    00000084     nvocmp.o (.text.NVOCMP_readHeader)
                  000142dc    00000084     rf_multiMode_cc26x2.a : RFCC26X2_multiMode.c.cc26x2.ticlang.o (.text.RF_getInfo)
                  00014360    00000084     main.o (.text.main)
                  000143e4    00000084     oad.o (.text.oadResetState)
                  00014468    00000084     OneLib.a : ll_common.o (.text)
                  000144ec    00000080     drivers_cc26x2.a : AESCTRCC26XX.c.obj (.text.AESCTR_hwiFxn)
                  0001456c    00000080     nwt_i2c.o (.text.I2C_MLC_FSM_ULP_MODE)
                  000145ec    00000080     nwt_i2c.o (.text.I2C_MLC_Features)
                  0001466c    00000080     driverlib.lib : sys_ctrl.o (.text.NOROM_SysCtrlSetRechargeBeforePowerDown)
                  000146ec    00000080     drivers_cc26x2.a : UART2CC26X2.c.obj (.text.UART2Support_dmaStopTx)
                  0001476c    00000080                      : NVSCC26XX.c.obj (.text.doErase)
                  000147ec    00000080     oad.o (.text.oadSendNotification)
                  0001486c    00000080     ti_sysbios_config.o (.text.ti_sysbios_family_arm_m3_Hwi_initNVIC)
                  000148ec    00000080     ti_sysbios_config.o (.text.ti_sysbios_gates_GateMutexPri_enter)
                  0001496c    00000080     OneLib.a : ll_ae.o (.text)
                  000149ec    00000080              : ll_enc.o (.text)
                  00014a6c    0000007e     driverlib.lib : chipinfo.o (.text.NOROM_ChipInfo_GetChipType)
                  00014aea    0000007e     libc.a : s_roundf.c.obj (.text.roundf)
                  00014b68    0000007e     OneLib.a : gap_task.o (.text)
                  00014be6    00000002     rom_init.o (.text.MAP_llDmmDynamicFree)
                  00014be8    0000007c     nwt_i2c.o (.text.I2C_MLC_FSM_LP_MODE)
                  00014c64    0000007c     rf_multiMode_cc26x2.a : RFCC26X2_multiMode.c.cc26x2.ticlang.o (.text.RF_ratDisableChannel)
                  00014ce0    0000007c     icall.o (.text.icall_directAPI)
                  00014d5c    0000007c     two_btn_menu.o (.text.tbm_displayItemPage)
                  00014dd8    0000007c     ti_sysbios_config.o (.text.ti_sysbios_family_arm_m3_Hwi_postInit)
                  00014e54    0000007c     OneLib.a : ll_common.o (.text)
                  00014ed0    0000007c     StackWrapper.a : gapbondmgr.o (.text)
                  00014f4c    0000007a     drivers_cc26x2.a : AESCTRDRBGXX.c.obj (.text.AESCTRDRBGXX_updateState)
                  00014fc6    00000002     rom_init.o (.text.MAP_llDmmSetThreshold)
                  00014fc8    00000078     icall.o (.text.ICall_heapInit)
                  00015040    00000078     driverlib.lib : osc.o (.text.NOROM_OSCHF_SwitchToRcOscTurnOffXosc)
                  000150b8    00000078                   : osc.o (.text.NOROM_OSC_CapArrayAdjustWorkaround_Boot)
                  00015130    00000078     drivers_cc26x2.a : NVSCC26XX.c.obj (.text.NVSCC26XX_open)
                  000151a8    00000078     rf_multiMode_cc26x2.a : RFCC26X2_multiMode.c.cc26x2.ticlang.o (.text.RF_ratFreeChannel)
                  00015220    00000078     simple_peripheral_oad_onchip.o (.text.SimplePeripheral_processParamUpdate)
                  00015298    00000078     ti_sysbios_config.o (.text.ti_sysbios_knl_Task_postInit)
                  00015310    00000078     OneLib.a : l2cap_task.o (.text)
                  00015388    00000078     StackWrapper.a : osal_bufmgr.o (.text)
                  00015400    00000078                    : osal_cbtimer.o (.text)
                  00015478    00000076     OneLib.a : gattservapp.o (.text)
                  000154ee    00000076              : ll_common.o (.text)
                  00015564    00000076     StackWrapper.a : gap.o (.text)
                  000155da    00000002     rom_init.o (.text.MAP_llHealthUpdate)
                  000155dc    00000074     drivers_cc26x2.a : I2CCC26XX.c.obj (.text.I2C_close)
                  00015650    00000074     nvocmp.o (.text.NVOCMP_readItemApi)
                  000156c4    00000074     drivers_cc26x2.a : PowerCC26X2_calibrateRCOSC_helpers.c.obj (.text.PowerCC26X2_updateSubSecInc)
                  00015738    00000074     rf_multiMode_cc26x2.a : RFCC26X2_multiMode.c.cc26x2.ticlang.o (.text.RF_hwiHw)
                  000157ac    00000074     scif_framework.o (.text.scifInitIo)
                  00015820    00000074     ti_sysbios_config.o (.text.ti_sysbios_knl_Swi_restoreHwi)
                  00015894    00000074     ti_sysbios_config.o (.text.ti_sysbios_knl_Task_startup)
                  00015908    00000074     OneLib.a : gap_linkmgr.o (.text)
                  0001597c    00000074              : ll.o (.text)
                  000159f0    00000074              : ll_common.o (.text)
                  00015a64    00000074              : ll_common.o (.text)
                  00015ad8    00000074              : ll_common.o (.text)
                  00015b4c    00000074              : ll_enc.o (.text)
                  00015bc0    00000072     simple_gatt_profile.o (.text.simpleProfile_ReadAttrCB)
                  00015c32    00000002     rom_init.o (.text.MAP_llMaster_TaskEnd)
                  00015c34    00000070     drivers_cc26x2.a : AESCCMCC26XX.c.obj (.text.AESCCM_cleanup)
                  00015ca4    00000070                      : AESCTRCC26XX.c.obj (.text.AESCTR_construct)
                  00015d14    00000070                      : AESECBCC26XX.c.obj (.text.AESECB_construct)
                  00015d84    00000070     icall_cc2650.o (.text.ICallPlatform_pwrUpdActivityCounter)
                  00015df4    00000070     icall.o (.text.ICall_createRemoteTasksAtRuntime)
                  00015e64    00000070     ti_sysbios_config.o (.text.ti_sysbios_family_arm_m3_Hwi_Instance_init)
                  00015ed4    00000070     ti_sysbios_config.o (.text.ti_sysbios_runtime_System_formatNum)
                  00015f44    00000070     OneLib.a : gatt_server.o (.text)
                  00015fb4    00000070              : ll_ae.o (.text)
                  00016024    00000070              : ll_common.o (.text)
                  00016094    00000070              : ll_common.o (.text)
                  00016104    00000070              : ll_enc.o (.text)
                  00016174    00000070              : sm_rsppairing.o (.text)
                  000161e4    00000070     StackWrapper.a : osal.o (.text)
                  00016254    0000006e     libclang_rt.builtins.a : comparedf2.c.obj (.text.__gedf2)
                  000162c2    00000002     rom_init.o (.text.MAP_llPeriodicAdv_PostProcess)
                  000162c4    0000006e     libclang_rt.builtins.a : comparedf2.c.obj (.text.__ledf2)
                  00016332    00000002     rom_init.o (.text.MAP_llProcessPeriodicScanRxFIFO)
                  00016334    0000006e     libclang_rt.builtins.a : truncdfsf2.S.obj (.text)
                  000163a2    00000002     rom_init.o (.text.MAP_llSetPeriodicSyncInfo)
                  000163a4    0000006c     drivers_cc26x2.a : AESECBCC26XX.c.obj (.text.AESECB_hwiFxn)
                  00016410    0000006c     nwt_i2c.o (.text.I2C_read_wake_up_thr)
                  0001647c    0000006c     icall.o (.text.ICall_wait)
                  000164e8    0000006c     nvocmp.o (.text.NVOCMP_eraseNvApi)
                  00016554    0000006c     nvocmp.o (.text.NVOCMP_writeItemApi)
                  000165c0    0000006c     rf_multiMode_cc26x2.a : RFCC26X2_multiMode.c.cc26x2.ticlang.o (.text.RF_getTxPower)
                  0001662c    0000006c                           : RFCC26X2_multiMode.c.cc26x2.ticlang.o (.text.RF_issueRadioFreeCb)
                  00016698    0000006c     drivers_cc26x2.a : Random.c.obj (.text.Random_seedAutomatic)
                  00016704    0000006c                      : PowerCC26X2.c.obj (.text.oscillatorISR)
                  00016770    0000006c     ti_sysbios_config.o (.text.ti_sysbios_family_arm_m3_Hwi_dispatchC)
                  000167dc    0000006c     OneLib.a : gatt_server.o (.text)
                  00016848    0000006c              : ll_isr.o (.text)
                  000168b4    0000006c     StackWrapper.a : osal_cbtimer.o (.text)
                  00016920    0000006a     drivers_cc26x2.a : I2CCC26XX.c.obj (.text.I2CSupport_primeTransfer)
                  0001698a    0000006a     nvocmp.o (.text.NVOCMP_verifyCRC)
                  000169f4    0000006a     libc.a : copy_decompress_lzss.c.obj (.text:decompress:lzss)
                  00016a5e    00000002     rom_init.o (.text.MAP_llTerminatePeriodicScan)
                  00016a60    00000068     nwt_i2c.o (.text.I2C_read_fsm)
                  00016ac8    00000068     icall.o (.text.ICall_enrollService)
                  00016b30    00000068     icall.o (.text.ICall_send)
                  00016b98    00000068     icall.o (.text.ICall_sendServiceComplete)
                  00016c00    00000068     rf_multiMode_cc26x2.a : RFCC26X2_multiMode.c.cc26x2.ticlang.o (.text.RF_detachOverrides)
                  00016c68    00000068     drivers_cc26x2.a : UART2CC26X2.c.obj (.text.UART2Support_dmaStopRx)
                  00016cd0    00000068     two_btn_menu.o (.text.tbm_displayItem)
                  00016d38    00000068     ti_sysbios_config.o (.text.ti_sysbios_knl_Event_post)
                  00016da0    00000068     ti_sysbios_config.o (.text.ti_sysbios_knl_Swi_run)
                  00016e08    00000068     OneLib.a : gap_task.o (.text)
                  00016e70    00000068              : ll.o (.text)
                  00016ed8    00000068              : ll_ae.o (.text)
                  00016f40    00000068              : ll_common.o (.text)
                  00016fa8    00000068     StackWrapper.a : osal_timers.o (.text)
                  00017010    00000066                    : icall_lite_translation.o (.text)
                  00017076    00000002     rom_init.o (.text.MAP_llUpdateCteState)
                  00017078    00000064     drivers_cc26x2.a : AESCCMCC26XX.c.obj (.text.AESCCM_hwiFxn)
                  000170dc    00000064     display_cc26x2.a : DisplayUart2.c.obj (.text.DisplayUart2Ansi_open)
                  00017140    00000064     drivers_cc26x2.a : PowerCC26X2_calibrateRCOSC.c.obj (.text.PowerCC26X2_initiateCalibration)
                  000171a4    00000064     rf_multiMode_cc26x2.a : RFCC26X2_multiMode.c.cc26x2.ticlang.o (.text.RF_attachOverrides)
                  00017208    00000064                           : RFCC26X2_multiMode.c.cc26x2.ticlang.o (.text.RF_dispatchNextEvent)
                  0001726c    00000064                           : RFCC26X2_multiMode.c.cc26x2.ticlang.o (.text.RF_hwiCpe0PowerFsm)
                  000172d0    00000064     simple_gatt_profile.o (.text.SimpleProfile_AddService)
                  00017334    00000064     drivers_cc26x2.a : UDMACC26XX.c.obj (.text.UDMACC26XX_open)
                  00017398    00000064     oad.o (.text.oadFindCurrentImageHdr)
                  000173fc    00000064     oad.o (.text.oadValidateCandidateHdr)
                  00017460    00000064     ti_sysbios_config.o (.text.ti_sysbios_gates_GateMutexPri_leave)
                  000174c4    00000064     ti_sysbios_config.o (.text.ti_sysbios_knl_Idle_init)
                  00017528    00000064     ti_sysbios_config.o (.text.ti_sysbios_knl_TaskSupport_buildTaskStack)
                  0001758c    00000064     OneLib.a : gapgattserver.o (.text)
                  000175f0    00000064              : gattservapp.o (.text)
                  00017654    00000064              : gattservapp.o (.text)
                  000176b8    00000064              : ll_common.o (.text)
                  0001771c    00000064              : ll_scheduler.o (.text)
                  00017780    00000062     rf_multiMode_cc26x2.a : RFCC26X2_multiMode.c.cc26x2.ticlang.o (.text.RF_syncCb)
                  000177e2    00000002     rom_init.o (.text.MAP_llUpdatePeriodicAdvChainPacket)
                  000177e4    00000062     libclang_rt.builtins.a : aeabi_dcmp.S.obj (.text)
                  00017846    00000002     rf_multiMode_cc26x2.a : rfc.c.cc26x2.ticlang.o (.text.NOROM_RFCCpePatchReset)
                  00017848    00000060     drivers_cc26x2.a : CryptoResourceCC26XX.c.obj (.text.CryptoResourceCC26XX_constructRTOSObjects)
                  000178a8    00000060     nvocmp.o (.text.NVOCMP_checkItem)
                  00017908    00000060     drivers_cc26x2.a : PKAResourceCC26XX.c.obj (.text.PKAResourceCC26XX_constructRTOSObjects)
                  00017968    00000060     simple_gatt_profile.o (.text.SimpleProfile_GetParameter)
                  000179c8    00000060     ti_drivers_config.o (.text.rfDriverCallbackAntennaSwitching)
                  00017a28    00000060     scif_framework.o (.text.scifSetSceOpmode)
                  00017a88    00000060     osal_icall_ble.o (.text.stack_main)
                  00017ae8    00000060     ti_sysbios_config.o (.text.ti_sysbios_knl_Clock_walkQueueDynamic)
                  00017b48    00000060     ti_sysbios_config.o (.text.ti_sysbios_knl_Semaphore_post)
                  00017ba8    00000060     ti_sysbios_config.o (.text.ti_sysbios_knl_Swi_schedule)
                  00017c08    00000060     OneLib.a : ll_common.o (.text)
                  00017c68    00000060              : sm_pairing.o (.text)
                  00017cc8    00000060     StackWrapper.a : gapbondmgr.o (.text)
                  00017d28    0000005e     rf_multiMode_cc26x2.a : rfc.c.cc26x2.ticlang.o (.text.NOROM_RFCAnaDivTxOverride)
                  00017d86    0000005e     OneLib.a : ll_common.o (.text)
                  00017de4    0000005c     drivers_cc26x2.a : TRNGCC26XX.c.obj (.text.TRNGCC26XX_startTrng)
                  00017e40    0000005c     rf_multiMode_cc26x2.a : rf_patch_mce_bt5.c.cc26x2.ticlang.o (.text.rf_patch_mce_bt5)
                  00017e9c    0000005c     OneLib.a : gap_perilinkmgr.o (.text)
                  00017ef8    0000005c              : ll_scheduler.o (.text)
                  00017f54    0000005c              : sm_intpairing.o (.text)
                  00017fb0    0000005c              : sm_rsppairing.o (.text)
                  0001800c    0000005c     StackWrapper.a : gapbondmgr.o (.text)
                  00018068    0000005a     OneLib.a : hci.o (.text)
                  000180c2    00000002     rf_multiMode_cc26x2.a : RFCC26X2_multiMode.c.cc26x2.ticlang.o (.text.RF_defaultCallback)
                  000180c4    00000058     BQ27427.o (.text.BQ27427_i2cWriteBytes)
                  0001811c    00000058     drivers_cc26x2.a : ECDHCC26X2.c.obj (.text.ECDH_construct)
                  00018174    00000058     icall.o (.text.HEAPMGR_GETLARGESTFREEBUF)
                  000181cc    00000058     icall.o (.text.ICall_fetchMsg)
                  00018224    00000058     rf_multiMode_cc26x2.a : RFCC26X2_multiMode.c.cc26x2.ticlang.o (.text.RF_applyRfCorePatch)
                  0001827c    00000058     drivers_cc26x2.a : TRNGCC26XX.c.obj (.text.TRNG_init)
                  000182d4    00000058     sysbios.a : Hwi_asm_switch_gcc.s.obj (.text.ti_sysbios_family_arm_m3_Hwi_initStacks)
                  0001832c    00000058     OneLib.a : gap_scanner.o (.text)
                  00018384    00000058              : ll_ae.o (.text)
                  000183dc    00000058              : ll_common.o (.text)
                  00018434    00000058              : ll_enc.o (.text)
                  0001848c    00000058              : ll_isr.o (.text)
                  000184e4    00000058              : sm_pairing.o (.text)
                  0001853c    00000058     StackWrapper.a : sm_ecc.o (.text)
                  00018594    00000056     drivers_cc26x2.a : StructRingBuf.c.obj (.text.StructRingBuf_put)
                  000185ea    00000056                      : UART2.c.obj (.text.UART2_readCancel)
                  00018640    00000056     ti_sysbios_config.o (.text.ti_sysbios_knl_Mailbox_pend)
                  00018696    00000056     StackWrapper.a : gapbondmgr.o (.text)
                  000186ec    00000054     drivers_cc26x2.a : AESCCMCC26XX.c.obj (.text.AESCCM_construct)
                  00018740    00000054     BQ27427.o (.text.BQ27427_enterConfig)
                  00018794    00000054     drivers_cc26x2.a : I2CCC26XX.c.obj (.text.I2CCC26XX_initHw)
                  000187e8    00000054     icall.o (.text.ICall_registerApp)
                  0001883c    00000054     nvocmp.o (.text.NVOCMP_compactNvApi)
                  00018890    00000054     nvocmp.o (.text.NVOCMP_getDstPage)
                  000188e4    00000054     rf_multiMode_cc26x2.a : RFCC26X2_multiMode.c.cc26x2.ticlang.o (.text.RF_getCurrentTime)
                  00018938    00000054     util.o (.text.Util_constructClock)
                  0001898c    00000054     OneLib.a : gattservapp.o (.text)
                  000189e0    00000054              : hci_event.o (.text)
                  00018a34    00000054              : linkdb.o (.text)
                  00018a88    00000054              : ll.o (.text)
                  00018adc    00000054              : ll_ae.o (.text)
                  00018b30    00000054              : ll_ae.o (.text)
                  00018b84    00000054              : ll_ae.o (.text)
                  00018bd8    00000052     driverlib.lib : chipinfo.o (.text.NOROM_ChipInfo_GetHwRevision)
                  00018c2a    00000052     OneLib.a : gap_centlinkmgr.o (.text)
                  00018c7c    00000050     ti_drivers_config.o (.text.Board_shutDownExtFlash)
                  00018ccc    00000050     display_cc26x2.a : Display.c.obj (.text.Display_doOpen)
                  00018d1c    00000050     nvocmp.o (.text.NVOCMP_loadApiPtrsMin)
                  00018d6c    00000050     rf_multiMode_cc26x2.a : RFCC26X2_multiMode.c.cc26x2.ticlang.o (.text.RF_wakeupNotification)
                  00018dbc    00000050     simple_peripheral_oad_onchip.o (.text.SimplePeripheral_doSelectConn)
                  00018e0c    00000050     ti_sysbios_config.o (.text.ti_sysbios_knl_Swi_post)
                  00018e5c    00000050     ti_sysbios_config.o (.text.ti_sysbios_knl_Swi_runLoop)
                  00018eac    00000050     ti_sysbios_config.o (.text.ti_sysbios_knl_Task_schedule)
                  00018efc    00000050     OneLib.a : gap_perilinkmgr.o (.text)
                  00018f4c    00000050              : gattservapp.o (.text)
                  00018f9c    00000050              : hci_tl.o (.text)
                  00018fec    00000050              : ll_enc.o (.text)
                  0001903c    00000050     StackWrapper.a : osal.o (.text)
                  0001908c    00000050                    : osal_clock.o (.text)
                  000190dc    0000004e     drivers_cc26x2.a : AESECBCC26XX.c.obj (.text.AESECB_startOperation)
                  0001912a    0000004e     ti_drivers_config.o (.text.Board_sendExtFlashByte)
                  00019178    0000004e     nvocmp.o (.text.NVOCMP_readItem)
                  000191c6    0000004e     StackWrapper.a : gap.o (.text)
                  00019214    0000004c     ti_sysbios_config.o (.text.BIOS_startFunc)
                  00019260    0000004c     drivers_cc26x2.a : CryptoUtils.c.obj (.text.CryptoUtils_reverseCopyPad)
                  000192ac    0000004c     icall.o (.text.ICall_newTask)
                  000192f8    0000004c     driverlib.lib : osc.o (.text.NOROM_OSC_HPOSCRelativeFrequencyOffsetGet)
                  00019344    0000004c     nvocmp.o (.text.NVOCMP_setItemInactive)
                  00019390    0000004c     drivers_cc26x2.a : NVSCC26XX.c.obj (.text.NVSCC26XX_init)
                  000193dc    0000004c                      : NVSCC26XX.c.obj (.text.NVSCC26XX_read)
                  00019428    0000004c     rf_multiMode_cc26x2.a : RFCC26X2_multiMode.c.cc26x2.ticlang.o (.text.RF_fsmXOSCState)
                  00019474    0000004c     drivers_cc26x2.a : StructRingBuf.c.obj (.text.StructRingBuf_get)
                  000194c0    0000004c     rf_multiMode_cc26x2.a : rf_patch_cpe_bt5.c.cc26x2.ticlang.o (.text.configureBt5Patch)
                  0001950c    0000004c     drivers_cc26x2.a : PowerCC26X2.c.obj (.text.switchXOSCHF)
                  00019558    0000004c     ti_sysbios_config.o (.text.ti_sysbios_knl_Swi_Instance_init)
                  000195a4    0000004c     ti_sysbios_config.o (.text.ti_sysbios_runtime_Startup_exec)
                  000195f0    0000004c     OneLib.a : ble.o (.text)
                  0001963c    0000004c              : ll_common.o (.text)
                  00019688    0000004c              : ll_scheduler.o (.text)
                  000196d4    0000004c              : ll_scheduler.o (.text)
                  00019720    0000004c     StackWrapper.a : gattservapp_util.o (.text)
                  0001976c    00000048     BQ27427.o (.text.BQ27427_exitConfig)
                  000197b4    00000048     rom_init.o (.text.MAP_llInitFeatureSet)
                  000197fc    00000048     driverlib.lib : aux_sysif.o (.text.NOROM_AUXSYSIFOpModeChange)
                  00019844    00000048     rf_multiMode_cc26x2.a : rfc.c.cc26x2.ticlang.o (.text.NOROM_RFCSynthPowerDown)
                  0001988c    00000048     drivers_cc26x2.a : NVS.c.obj (.text.NVS_open)
                  000198d4    00000048                      : PowerCC26X2.c.obj (.text.PowerCC26XX_switchXOSC_HF)
                  0001991c    00000048     simple_peripheral_oad_onchip.o (.text.SimplePeripheral_clearConnListEntry)
                  00019964    00000048     shared.o (.text.init_semaphore)
                  000199ac    00000048     ti_sysbios_config.o (.text.ti_sysbios_family_arm_cc26xx_Timer_start)
                  000199f4    00000048     OneLib.a : att_util.o (.text)
                  00019a3c    00000048              : gattservapp.o (.text)
                  00019a84    00000048              : ll.o (.text)
                  00019acc    00000048              : ll.o (.text)
                  00019b14    00000048              : ll.o (.text)
                  00019b5c    00000048              : ll_common.o (.text)
                  00019ba4    00000048              : ll_common.o (.text)
                  00019bec    00000048     libclang_rt.builtins.a : fixdfsi.S.obj (.text)
                  00019c34    00000046     drivers_cc26x2.a : RingBuf.c.obj (.text.RingBuf_put)
                  00019c7a    00000002                      : UART2CC26X2.c.obj (.text.UART2CC26X2_eventCallback)
                  00019c7c    00000044     ti_sysbios_config.o (.text.BIOS_atExitFunc)
                  00019cc0    00000044     EEPROM.o (.text.EEPROM_Read)
                  00019d04    00000044     drivers_cc26x2.a : GPIOCC26X2.c.obj (.text.GPIO_hwiIntFxn)
                  00019d48    00000044     nwt_i2c.o (.text.I2C_GET_SENSOR_ODR)
                  00019d8c    00000044     icall.o (.text.ICall_getEntityId)
                  00019dd0    00000044     driverlib.lib : prcm.o (.text.NOROM_PRCMPowerDomainsAllOff)
                  00019e14    00000044                   : prcm.o (.text.NOROM_PRCMPowerDomainsAllOn)
                  00019e58    00000044     rf_multiMode_cc26x2.a : RFCC26X2_multiMode.c.cc26x2.ticlang.o (.text.RF_cmdGet)
                  00019e9c    00000044                           : RFCC26X2_multiMode.c.cc26x2.ticlang.o (.text.RF_updatePowerupDuration)
                  00019ee0    00000044     two_btn_menu.o (.text.tbm_goTo)
                  00019f24    00000044     ti_sysbios_config.o (.text.ti_sysbios_family_arm_m3_Hwi_Instance_finalize)
                  00019f68    00000044     ti_sysbios_config.o (.text.ti_sysbios_family_arm_m3_Hwi_construct2)
                  00019fac    00000044     ti_sysbios_config.o (.text.ti_sysbios_family_arm_m3_Hwi_disableInterrupt)
                  00019ff0    00000044     ti_sysbios_config.o (.text.ti_sysbios_family_arm_m3_Hwi_enableInterrupt)
                  0001a034    00000044     ti_sysbios_config.o (.text.ti_sysbios_knl_Swi_restore)
                  0001a078    00000044     OneLib.a : ll.o (.text)
                  0001a0bc    00000044              : ll.o (.text)
                  0001a100    00000044              : ll_ae.o (.text)
                  0001a144    00000044     StackWrapper.a : osal.o (.text)
                  0001a188    00000044                    : osal_timers.o (.text)
                  0001a1cc    00000044     libclang_rt.builtins.a : fixunsdfsi.S.obj (.text)
                  0001a210    00000042     simple_peripheral_oad_onchip.o (.text.SimplePeripheral_passcodeCb)
                  0001a252    00000042     OneLib.a : ll.o (.text)
                  0001a294    00000042              : ll_ae.o (.text)
                  0001a2d6    00000042              : ll_common.o (.text)
                  0001a318    00000040     drivers_cc26x2.a : AESCTRDRBGXX.c.obj (.text.AESCTRDRBGXX_addBigendCounter)
                  0001a358    00000040                      : ECDHCC26X2.c.obj (.text.ECDHCC26X2_waitForResult)
                  0001a398    00000040     icall.o (.text.ICall_setTimerMSecs)
                  0001a3d8    00000040     drivers_cc26x2.a : PowerCC26X2_calibrateRCOSC.c.obj (.text.PowerCC26X2_RCOSC_clockFunc)
                  0001a418    00000040                      : PowerCC26X2_calibrateRCOSC_helpers.c.obj (.text.PowerCC26X2_setAclkRefSrc)
                  0001a458    00000040     oad_reset_service.o (.text.ResetWriteAttrCB)
                  0001a498    00000040     simple_peripheral_oad_onchip.o (.text.SimplePeripheral_stopAutoPhyChange)
                  0001a4d8    00000040     util.o (.text.Util_convertBdAddr2Str)
                  0001a518    00000040     util.o (.text.Util_rescheduleClock)
                  0001a558    00000040     drivers_cc26x2.a : NVSCC26XX.c.obj (.text.disableFlashCache)
                  0001a598    00000040     simple_peripheral_oad_onchip.o (.text.sp_enable_advertising)
                  0001a5d8    00000040     two_btn_menu.o (.text.tbm_findActiveItem)
                  0001a618    00000040     ti_sysbios_config.o (.text.ti_sysbios_knl_Clock_getTicksUntilInterrupt)
                  0001a658    00000040     ti_sysbios_config.o (.text.ti_sysbios_knl_Task_exit)
                  0001a698    00000040     OneLib.a : gap_configmgr.o (.text)
                  0001a6d8    00000040              : gattservapp.o (.text)
                  0001a718    00000040              : ll_common.o (.text)
                  0001a758    00000040              : ll_common.o (.text)
                  0001a798    00000040              : sm_intpairing.o (.text)
                  0001a7d8    00000040     StackWrapper.a : osal.o (.text)
                  0001a818    00000040                    : osal_bufmgr.o (.text)
                  0001a858    00000040                    : osal_bufmgr.o (.text)
                  0001a898    00000040                    : osal_timers.o (.text)
                  0001a8d8    0000003e     OneLib.a : ll_common.o (.text)
                  0001a916    00000002     libclang_rt.builtins.a : aeabi_div0.c.obj (.text.__aeabi_ldiv0)
                  0001a918    0000003c     drivers_cc26x2.a : GPIO.c.obj (.text.GPIO_resetConfig)
                  0001a954    0000003c     ti_sysbios_config.o (.text.HwiP_construct)
                  0001a990    0000003c     icall.o (.text.ICall_dispatch)
                  0001a9cc    0000003c     driverlib.lib : sys_ctrl.o (.text.NOROM_SysCtrlIdle)
                  0001aa08    0000003c     nvocmp.o (.text.NVOCMP_getFreeNvApi)
                  0001aa44    0000003c     oad.o (.text.OAD_setBlockSize)
                  0001aa80    0000003c     drivers_cc26x2.a : PowerCC26X2_calibrateRCOSC_helpers.c.obj (.text.PowerCC26X2_setTdcClkSrc24M)
                  0001aabc    0000003c     simple_peripheral_oad_onchip.o (.text.SimplePeripheral_clockHandler)
                  0001aaf8    0000003c     ti_sysbios_config.o (.text.ti_sysbios_family_arm_cc26xx_Timer_periodicStub)
                  0001ab34    0000003c     ti_sysbios_config.o (.text.ti_sysbios_family_arm_cc26xx_Timer_setThreshold)
                  0001ab70    0000003c     ti_sysbios_config.o (.text.ti_sysbios_heaps_HeapCallback_construct)
                  0001abac    0000003c     ti_sysbios_config.o (.text.ti_sysbios_knl_ClockSupport_init)
                  0001abe8    0000003c     ti_sysbios_config.o (.text.ti_sysbios_knl_Task_blockI)
                  0001ac24    0000003c     ti_sysbios_config.o (.text.ti_sysbios_knl_Task_create)
                  0001ac60    0000003c     ti_sysbios_config.o (.text.ti_sysbios_knl_Task_restore)
                  0001ac9c    0000003c     ti_sysbios_config.o (.text.ti_sysbios_runtime_Memory_alloc)
                  0001acd8    0000003c     OneLib.a : gap_linkmgr.o (.text)
                  0001ad14    0000003c              : gattservapp.o (.text)
                  0001ad50    0000003c              : gattservapp.o (.text)
                  0001ad8c    0000003c              : gattservapp.o (.text)
                  0001adc8    0000003c              : hci_event.o (.text)
                  0001ae04    0000003c              : hci_tl.o (.text)
                  0001ae40    0000003c              : linkdb.o (.text)
                  0001ae7c    0000003c              : ll_ae.o (.text)
                  0001aeb8    0000003c     StackWrapper.a : osal.o (.text)
                  0001aef4    0000003c                    : osal.o (.text)
                  0001af30    0000003c                    : osal.o (.text)
                  0001af6c    0000003c                    : osal_timers.o (.text)
                  0001afa8    0000003c                    : sm_ecc.o (.text)
                  0001afe4    0000003a     drivers_cc26x2.a : CryptoUtils.c.obj (.text.CryptoUtils_copyPad)
                  0001b01e    0000003a     nwt_i2c.o (.text.half_to_uint16)
                  0001b058    0000003a     ti_sysbios_config.o (.text.ti_sysbios_knl_Task_checkStacks)
                  0001b092    0000003a     StackWrapper.a : osal.o (.text)
                  0001b0cc    00000038     drivers_cc26x2.a : AESCTRCC26XX.c.obj (.text.AESCTR_cleanup)
                  0001b104    00000038                      : AESECBCC26XX.c.obj (.text.AESECB_cleanup)
                  0001b13c    00000038     nwt_i2c.o (.text.I2C_createTask)
                  0001b174    00000038     icall.o (.text.ICall_heapFree)
                  0001b1ac    00000038     icall.o (.text.ICall_searchServiceEntity)
                  0001b1e4    00000038     nvocmp.o (.text.NVOCMP_disableCache)
                  0001b21c    00000038     nvocmp.o (.text.NVOCMP_write)
                  0001b254    00000038     drivers_cc26x2.a : PowerCC26X2_helpers.c.obj (.text.PowerCC26X2_oscDisableQualifiers)
                  0001b28c    00000038                      : Random.c.obj (.text.Random_getNumber)
                  0001b2c4    00000038                      : RingBuf.c.obj (.text.RingBuf_putAdvance)
                  0001b2fc    00000038     nwt_sc.o (.text.SC_createTask)
                  0001b334    00000038     simple_peripheral_oad_onchip.o (.text.SimplePeripheral_createTask)
                  0001b36c    00000038     simple_peripheral_oad_onchip.o (.text.SimplePeripheral_setPhy)
                  0001b3a4    00000038     drivers_cc26x2.a : UDMACC26XX.c.obj (.text.UDMACC26XX_close)
                  0001b3dc    00000038     rf_multiMode_cc26x2.a : rf_patch_cpe_bt5.c.cc26x2.ticlang.o (.text.rf_patch_cpe_bt5)
                  0001b414    00000038     scif_framework.o (.text.scifAckAlertEvents)
                  0001b44c    00000038     scif_framework.o (.text.scifReinitIo)
                  0001b484    00000038     scif_framework.o (.text.scifSetMcuwusel)
                  0001b4bc    00000038     ti_sysbios_config.o (.text.ti_sysbios_knl_Task_processVitalTaskFlag)
                  0001b4f4    00000038     OneLib.a : hci.o (.text)
                  0001b52c    00000038              : linkdb.o (.text)
                  0001b564    00000038              : ll_ae.o (.text)
                  0001b59c    00000038              : ll_ae.o (.text)
                  0001b5d4    00000038              : ll_enc.o (.text)
                  0001b60c    00000038              : ll_scheduler.o (.text)
                  0001b644    00000038              : ll_scheduler.o (.text)
                  0001b67c    00000038              : ll_scheduler.o (.text)
                  0001b6b4    00000038              : sm_rsppairing.o (.text)
                  0001b6ec    00000038     StackWrapper.a : gattservapp_util.o (.text)
                  0001b724    00000038                    : osal_timers.o (.text)
                  0001b75c    00000038     libc.a : autoinit.c.obj (.text:__TI_auto_init_nobinit_nopinit)
                  0001b794    00000038     libclang_rt.builtins.a : extendsfdf2.S.obj (.text)
                  0001b7cc    00000036     drivers_cc26x2.a : CryptoUtils.c.obj (.text.CryptoUtils_buffersMatch)
                  0001b802    00000036     icall.o (.text.ICall_fetchServiceMsg)
                  0001b838    00000036     ti_sysbios_config.o (.text.mq_receive)
                  0001b86e    00000036     StackWrapper.a : ble_dispatch_lite.o (.text)
                  0001b8a4    00000034     icall.o (.text.ICall_searchTask)
                  0001b8d8    00000034     nvocmp.o (.text.NVOCMP_changePageState)
                  0001b90c    00000034     drivers_cc26x2.a : PowerCC26X2_helpers.c.obj (.text.PowerCC26X2_setSubSecIncToXoscLf)
                  0001b940    00000034                      : PowerCC26X2.c.obj (.text.Power_releaseConstraint)
                  0001b974    00000034     rf_multiMode_cc26x2.a : RFCC26X2_multiMode.c.cc26x2.ticlang.o (.text.RF_powerConstraintRelease)
                  0001b9a8    00000034                           : RFCC26X2_multiMode.c.cc26x2.ticlang.o (.text.RF_runDirectImmediateCmd)
                  0001b9dc    00000034     oad_reset_service.o (.text.Reset_addService)
                  0001ba10    00000034     ti_sysbios_config.o (.text.SwiP_construct)
                  0001ba44    00000034     drivers_cc26x2.a : UART2CC26X2.c.obj (.text.UART2Support_sendData)
                  0001ba78    00000034                      : UART2.c.obj (.text.UART2_rxDisable)
                  0001baac    00000034     util.o (.text.Util_enqueueMsg)
                  0001bae0    00000034     ti_sysbios_config.o (.text._pthread_cleanupFxn)
                  0001bb14    00000034     flash_interface_int_rtos_NVS.o (.text.eraseFlashPg)
                  0001bb48    00000034     ti_sysbios_config.o (.text.ti_sysbios_family_arm_m3_Hwi_getStackInfo)
                  0001bb7c    00000034     ti_sysbios_config.o (.text.ti_sysbios_family_arm_m3_Hwi_init)
                  0001bbb0    00000034     ti_sysbios_config.o (.text.ti_sysbios_knl_Clock_Instance_init)
                  0001bbe4    00000034     ti_sysbios_config.o (.text.ti_sysbios_knl_Task_unblockI)
                  0001bc18    00000034     ti_sysbios_config.o (.text.ti_sysbios_runtime_Error_raiseX)
                  0001bc4c    00000034     flash_interface_int_rtos_NVS.o (.text.writeFlash)
                  0001bc80    00000034     flash_interface_int_rtos_NVS.o (.text.writeFlashPg)
                  0001bcb4    00000034     OneLib.a : hci.o (.text)
                  0001bce8    00000034              : ll_ae.o (.text)
                  0001bd1c    00000034     StackWrapper.a : gapbondmgr.o (.text)
                  0001bd50    00000034                    : icall_startup.o (.text)
                  0001bd84    00000034     sysbios.a : boot_cortex_m.c.obj (.text:_c_int00)
                  0001bdb8    00000032     ti_sysbios_config.o (.text.ti_sysbios_knl_Event_pendTimeout)
                  0001bdea    00000032     ti_sysbios_config.o (.text.ti_sysbios_knl_Semaphore_pendTimeout)
                  0001be1c    00000030     ti_sysbios_config.o (.text.BIOS_init)
                  0001be4c    00000030     BQ27427.o (.text.BQ27427_i2cReadBytes)
                  0001be7c    00000030     BQ27427.o (.text.BQ27427_readControlWord)
                  0001beac    00000030     BQ27427.o (.text.BQ27427_setTerminateVoltageMin)
                  0001bedc    00000030     ti_drivers_config.o (.text.Board_wakeUpExtFlash)
                  0001bf0c    00000030     ti_sysbios_config.o (.text.ClockP_construct)
                  0001bf3c    00000030     icall.o (.text.ICall_primEntityId2ServiceId)
                  0001bf6c    00000030     drivers_cc26x2.a : NVSCC26XX.c.obj (.text.NVSCC26XX_erase)
                  0001bf9c    00000030                      : PowerCC26X2.c.obj (.text.Power_setConstraint)
                  0001bfcc    00000030     rf_multiMode_cc26x2.a : RFCC26X2_multiMode.c.cc26x2.ticlang.o (.text.RF_checkCmdFsError)
                  0001bffc    00000030     rom_init.o (.text.ROM_Init)
                  0001c02c    00000030     simple_peripheral_oad_onchip.o (.text.SimplePeripheral_enqueueMsg)
                  0001c05c    00000030     flash_interface_int_rtos_NVS.o (.text.flash_open)
                  0001c08c    00000030     drivers_cc26x2.a : PowerCC26X2.c.obj (.text.notify)
                  0001c0bc    00000030     oad.o (.text.oadEraseExtFlashPages)
                  0001c0ec    00000030     oad.o (.text.oadGetNextBlockReq)
                  0001c11c    00000030     flash_interface_int_rtos_NVS.o (.text.readFlash)
                  0001c14c    00000030     flash_interface_int_rtos_NVS.o (.text.readFlashPg)
                  0001c17c    00000030     scif_framework.o (.text.scifOsalInit)
                  0001c1ac    00000030     two_btn_menu.o (.text.tbm_initTwoBtnMenu)
                  0001c1dc    00000030     ti_sysbios_config.o (.text.ti_sysbios_family_arm_m3_Hwi_excHandlerMin)
                  0001c20c    00000030     ti_sysbios_config.o (.text.ti_sysbios_knl_TaskSupport_start)
                  0001c23c    00000030     ti_sysbios_config.o (.text.ti_sysbios_runtime_System_atexit)
                  0001c26c    00000030     ti_sysbios_config.o (.text.ti_sysbios_runtime_System_processAtExit)
                  0001c29c    00000030     OneLib.a : ll.o (.text)
                  0001c2cc    00000030              : ll_scheduler.o (.text)
                  0001c2fc    00000030     StackWrapper.a : osal_timers.o (.text)
                  0001c32c    0000002e     driverlib.lib : chipinfo.o (.text.NOROM_ThisLibraryIsFor_CC13x2_CC26x2_HwRev20AndLater_HaltIfViolated)
                  0001c35a    0000002e     rf_multiMode_cc26x2.a : RFCC26X2_multiMode.c.cc26x2.ticlang.o (.text.RF_calculateDeltaTimeUs)
                  0001c388    0000002e     drivers_cc26x2.a : RingBuf.c.obj (.text.RingBuf_getConsume)
                  0001c3b6    0000002e                      : RingBuf.c.obj (.text.RingBuf_putPointer)
                  0001c3e4    0000002e     simple_peripheral_oad_onchip.o (.text.SimplePeripheral_pairStateCb)
                  0001c412    0000002e     OneLib.a : gattservapp.o (.text)
                  0001c440    0000002e              : gattservapp.o (.text)
                  0001c46e    00000002     libc.a : _lock.c.obj (.text._nop)
                  0001c470    0000002e     libclang_rt.builtins.a : floatsidf.S.obj (.text)
                  0001c49e    00000002     drivers_cc26x2.a : PowerCC26X2.c.obj (.text.emptyClockFunc)
                  0001c4a0    0000002c     BQ27427.o (.text.BQ27427_init)
                  0001c4cc    0000002c     display_cc26x2.a : DisplayUart2.c.obj (.text.DisplayUart2Ansi_clear)
                  0001c4f8    0000002c     main.o (.text.I2C_INIT)
                  0001c524    0000002c     icall_cc2650.o (.text.ICallPlatform_pwrDispenseImpl)
                  0001c550    0000002c     icall_cc2650.o (.text.ICallPlatform_pwrRequireImpl)
                  0001c57c    0000002c     icall.o (.text.ICall_getLocalMsgEntityId)
                  0001c5a8    0000002c     icall.o (.text.ICall_init)
                  0001c5d4    0000002c     nvocmp.o (.text.NVOCMP_setCompactHdr)
                  0001c600    0000002c     drivers_cc26x2.a : NVS.c.obj (.text.NVS_init)
                  0001c62c    0000002c     ti_sysbios_config.o (.text.PowerCC26XX_schedulerDisable)
                  0001c658    0000002c     rf_multiMode_cc26x2.a : RFCC26X2_multiMode.c.cc26x2.ticlang.o (.text.RF_executeDirectImmediateCmd)
                  0001c684    0000002c     drivers_cc26x2.a : TRNGCC26XX.c.obj (.text.TRNGCC26XX_stopTrng)
                  0001c6b0    0000002c                      : UART2CC26X2.c.obj (.text.UART2CC26X2_getRxData)
                  0001c6dc    0000002c     ti_sysbios_config.o (.text._pthread_delete)
                  0001c708    0000002c     simple_peripheral_oad_onchip.o (.text.sp_disable_advertising)
                  0001c734    0000002c     ti_sysbios_config.o (.text.ti_sysbios_knl_Clock_getTicks)
                  0001c760    0000002c     ti_sysbios_config.o (.text.ti_sysbios_knl_Clock_getTimeout)
                  0001c78c    0000002c     ti_sysbios_config.o (.text.ti_sysbios_knl_Swi_setPri)
                  0001c7b8    0000002c     ti_sysbios_config.o (.text.ti_sysbios_knl_Task_restoreHwi)
                  0001c7e4    0000002c     OneLib.a : gatt_task.o (.text)
                  0001c810    0000002c              : gattservapp.o (.text)
                  0001c83c    0000002c              : ll_common.o (.text)
                  0001c868    0000002c     StackWrapper.a : hal_assert.o (.text)
                  0001c894    0000002c                    : osal_bufmgr.o (.text)
                  0001c8c0    0000002a     BQ27427.o (.text.BQ27427_computeBlockChecksum)
                  0001c8ea    0000002a     BQ27427.o (.text.BQ27427_setTaperRateTime)
                  0001c914    0000002a     driverlib.lib : osc.o (.text.NOROM_OSCHF_TurnOnXosc)
                  0001c93e    0000002a     simple_peripheral_oad_onchip.o (.text.SimplePeripheral_advCallback)
                  0001c968    0000002a     drivers_cc26x2.a : TRNGCC26XX.c.obj (.text.TRNG_generateKey)
                  0001c992    0000002a                      : UART2CC26X2.c.obj (.text.UART2Support_powerRelConstraint)
                  0001c9bc    0000002a     ti_sysbios_config.o (.text.ti_sysbios_family_arm_cc26xx_Timer_setNextTick)
                  0001c9e6    0000002a     ti_sysbios_config.o (.text.ti_sysbios_knl_Task_allBlockedFunction)
                  0001ca10    00000028     ti_sysbios_config.o (.text.BIOS_registerRTSLock)
                  0001ca38    00000028     BQ27427.o (.text.BQ27427_setSLEEPenable)
                  0001ca60    00000028     devinfoservice.o (.text.DevInfo_AddService)
                  0001ca88    00000028     drivers_cc26x2.a : I2C.c.obj (.text.I2C_cancel)
                  0001cab0    00000028     icall.o (.text.ICall_createRemoteTasks)
                  0001cad8    00000028     icall.o (.text.ICall_getMaxMSecs)
                  0001cb00    00000028     icall.o (.text.ICall_heapGetStats)
                  0001cb28    00000028     icall.o (.text.ICall_sendServiceMsg)
                  0001cb50    00000028     drivers_cc26x2.a : List.c.obj (.text.List_remove)
                  0001cb78    00000028     driverlib.lib : chipinfo.o (.text.NOROM_ChipInfo_GetChipFamily)
                  0001cba0    00000028     drivers_cc26x2.a : PowerCC26X2.c.obj (.text.PowerCC26XX_isStableXOSC_HF)
                  0001cbc8    00000028     rf_multiMode_cc26x2.a : RFCC26X2_multiMode.c.cc26x2.ticlang.o (.text.RF_cmdStoreEvents)
                  0001cbf0    00000028     scif_framework.o (.text.osalCtrlReadyIsr)
                  0001cc18    00000028     scif_framework.o (.text.scifUninitIo)
                  0001cc40    00000028     sysbios.a : Hwi_asm_gcc.s.obj (.text.ti_sysbios_family_arm_m3_Hwi_excHandlerAsm)
                  0001cc68    00000028     ti_sysbios_config.o (.text.ti_sysbios_knl_Semaphore_Instance_init)
                  0001cc90    00000028     ti_sysbios_config.o (.text.ti_sysbios_knl_Swi_init)
                  0001ccb8    00000028     sysbios.a : TaskSupport_asm_gcc.s.obj (.text.ti_sysbios_knl_TaskSupport_swap)
                  0001cce0    00000028     ti_sysbios_config.o (.text.ti_sysbios_knl_Task_construct)
                  0001cd08    00000028     ti_sysbios_config.o (.text.ti_sysbios_knl_Task_init)
                  0001cd30    00000028     OneLib.a : gattservapp.o (.text)
                  0001cd58    00000028              : ll.o (.text)
                  0001cd80    00000028              : ll_common.o (.text)
                  0001cda8    00000028     StackWrapper.a : osal.o (.text)
                  0001cdd0    00000028                    : osal_snv_wrapper.o (.text)
                  0001cdf8    00000028                    : osal_snv_wrapper.o (.text)
                  0001ce20    00000028                    : osal_snv_wrapper.o (.text)
                  0001ce48    00000026     drivers_cc26x2.a : AESCTRDRBGXX.c.obj (.text.AESCTRDRBG_generateKey)
                  0001ce6e    00000026     icall.o (.text.ICall_msgEnqueue)
                  0001ce94    00000026     drivers_cc26x2.a : List.c.obj (.text.List_insert)
                  0001ceba    00000026                      : List.c.obj (.text.List_putHead)
                  0001cee0    00000026     rf_multiMode_cc26x2.a : RFCC26X2_multiMode.c.cc26x2.ticlang.o (.text.RF_runScheduleCmd)
                  0001cf06    00000026     simple_peripheral_oad_onchip.o (.text.SimplePeripheral_charValueChangeCB)
                  0001cf2c    00000026     simple_peripheral_oad_onchip.o (.text.SimplePeripheral_keyChangeHandler)
                  0001cf52    00000026     drivers_cc26x2.a : UART2CC26X2.c.obj (.text.UART2Support_powerSetConstraint)
                  0001cf78    00000026     ti_sysbios_config.o (.text.ti_sysbios_knl_Clock_create)
                  0001cf9e    00000026     StackWrapper.a : gattservapp_util.o (.text)
                  0001cfc4    00000024     drivers_cc26x2.a : AESCTRCC26XX.c.obj (.text.AESCTR_setOperationInProgress)
                  0001cfe8    00000024     ti_sysbios_config.o (.text.BIOS_removeRTSLock)
                  0001d00c    00000024     display_cc26x2.a : Display.c.obj (.text.Display_doInit)
                  0001d030    00000024     drivers_cc26x2.a : List.c.obj (.text.List_put)
                  0001d054    00000024                      : PowerCC26X2_helpers.c.obj (.text.PowerCC26X2_getOscHfSourceReady)
                  0001d078    00000024                      : PowerCC26X2_calibrateRCOSC_helpers.c.obj (.text.PowerCC26X2_writeCtrim)
                  0001d09c    00000024                      : PowerCC26X2_calibrateRCOSC_helpers.c.obj (.text.PowerCC26X2_writeCtrimFract)
                  0001d0c0    00000024                      : PowerCC26X2_calibrateRCOSC_helpers.c.obj (.text.PowerCC26X2_writeCtrimFractEn)
                  0001d0e4    00000024                      : PowerCC26X2_calibrateRCOSC_helpers.c.obj (.text.PowerCC26X2_writeRtrim)
                  0001d108    00000024                      : PowerCC26X2.c.obj (.text.Power_registerNotify)
                  0001d12c    00000024     rf_multiMode_cc26x2.a : RFCC26X2_multiMode.c.cc26x2.ticlang.o (.text.RF_clkPowerUp)
                  0001d150    00000024                           : RFCC26X2_multiMode.c.cc26x2.ticlang.o (.text.RF_hwiCpe0ChangePhy)
                  0001d174    00000024                           : RFCC26X2_multiMode.c.cc26x2.ticlang.o (.text.RF_isStateTransitionAllowed)
                  0001d198    00000024                           : RFCC26X2_multiMode.c.cc26x2.ticlang.o (.text.RF_searchAndReplacePAOverride)
                  0001d1bc    00000024     ti_sysbios_config.o (.text.SemaphoreP_createBinary)
                  0001d1e0    00000024     drivers_cc26x2.a : NVSCC26XX.c.obj (.text.restoreFlashCache)
                  0001d204    00000024     scif.o (.text.scifDriverSetupInit)
                  0001d228    00000024     two_btn_menu.o (.text.tbm_getNumDisplayItem)
                  0001d24c    00000024     two_btn_menu.o (.text.tbm_setItemStatus)
                  0001d270    00000024     ti_sysbios_config.o (.text.ti_sysbios_family_arm_m3_Hwi_construct)
                  0001d294    00000024     ti_sysbios_config.o (.text.ti_sysbios_knl_Semaphore_create)
                  0001d2b8    00000024     ti_sysbios_config.o (.text.ti_sysbios_knl_Semaphore_destruct)
                  0001d2dc    00000024     ti_sysbios_config.o (.text.ti_sysbios_knl_Task_enter)
                  0001d300    00000024     nwt_i2c.o (.text.uint16_to_half)
                  0001d324    00000024     OneLib.a : gapgattserver.o (.text)
                  0001d348    00000024              : gatt_server.o (.text)
                  0001d36c    00000024              : ll_common.o (.text)
                  0001d390    00000024              : ll_isr.o (.text)
                  0001d3b4    00000024     StackWrapper.a : ble_dispatch_lite.o (.text)
                  0001d3d8    00000024                    : gapbondmgr.o (.text)
                  0001d3fc    00000024                    : osal.o (.text)
                  0001d420    00000024                    : osal.o (.text)
                  0001d444    00000024                    : osal_timers.o (.text)
                  0001d468    00000024                    : osal_timers.o (.text)
                  0001d48c    00000022     drivers_cc26x2.a : List.c.obj (.text.List_get)
                  0001d4ae    00000022     oad.o (.text.OAD_getSWVersion)
                  0001d4d0    00000022     rf_multiMode_cc26x2.a : RFCC26X2_multiMode.c.cc26x2.ticlang.o (.text.RF_queueEnd)
                  0001d4f2    00000022     drivers_cc26x2.a : RingBuf.c.obj (.text.RingBuf_getPointer)
                  0001d514    00000022     nvocmp.o (.text.memcmp)
                  0001d536    00000022     ti_sysbios_config.o (.text.ti_sysbios_gates_GateMutexPri_insertPri)
                  0001d558    00000022     OneLib.a : gatt_server.o (.text)
                  0001d57a    00000002     drivers_cc26x2.a : CryptoResourceCC26XX.c.obj (.text.errorSpin)
                  0001d57c    00000020     driverlib.lib : aes.o (.text.AESReadNonAuthenticationModeIV)
                  0001d59c    00000020     BQ27427.o (.text.BQ27427_executeControlWord)
                  0001d5bc    00000020     BQ27427.o (.text.BQ27427_unseal)
                  0001d5dc    00000020     crc32.o (.text.CRC32_value)
                  0001d5fc    00000020     drivers_cc26x2.a : ECDHCC26X2.c.obj (.text.ECDHCC26X2_internalCallbackFxn)
                  0001d61c    00000020     icall.o (.text.ICall_primRepostSync)
                  0001d63c    00000020     driverlib.lib : pka.o (.text.NOROM_PKAClearPkaRam)
                  0001d65c    00000020     rf_multiMode_cc26x2.a : rfc.c.cc26x2.ticlang.o (.text.NOROM_RFCDoorbellSendTo)
                  0001d67c    00000020                           : rfc.c.cc26x2.ticlang.o (.text.NOROM_RFCOverrideSearch)
                  0001d69c    00000020     drivers_cc26x2.a : NVSCC26XX.c.obj (.text.NVSCC26XX_getAttrs)
                  0001d6bc    00000020                      : PowerCC26X2_helpers.c.obj (.text.PowerCC26X2_disableTCXOQual)
                  0001d6dc    00000020                      : PowerCC26X2_helpers.c.obj (.text.PowerCC26X2_enableTCXOQual)
                  0001d6fc    00000020     ti_sysbios_config.o (.text.PowerCC26XX_schedulerRestore)
                  0001d71c    00000020     drivers_cc26x2.a : PowerCC26X2.c.obj (.text.Power_unregisterNotify)
                  0001d73c    00000020     rf_multiMode_cc26x2.a : RFCC26X2_multiMode.c.cc26x2.ticlang.o (.text.RF_cmdAlloc)
                  0001d75c    00000020                           : RFCC26X2_multiMode.c.cc26x2.ticlang.o (.text.RF_getRssi)
                  0001d77c    00000020                           : RFCC26X2_multiMode.c.cc26x2.ticlang.o (.text.RF_invokeGlobalCallback)
                  0001d79c    00000020                           : RFCC26X2_multiMode.c.cc26x2.ticlang.o (.text.RF_ratIsRunning)
                  0001d7bc    00000020                           : RFCC26X2_multiMode.c.cc26x2.ticlang.o (.text.RF_setTxPower)
                  0001d7dc    00000020     ti_sysbios_config.o (.text.SemaphoreP_constructBinary)
                  0001d7fc    00000020     simple_peripheral_oad_onchip.o (.text.SimplePeripheral_getConnIndex)
                  0001d81c    00000020     flash_interface_int_rtos_NVS.o (.text.flash_close)
                  0001d83c    00000020     shared.o (.text.init_display)
                  0001d85c    00000020     ti_sysbios_config.o (.text.ti_sysbios_family_arm_m3_Hwi_clearInterrupt)
                  0001d87c    00000020     ti_sysbios_config.o (.text.ti_sysbios_family_arm_m3_Hwi_initStack)
                  0001d89c    00000020     ti_sysbios_config.o (.text.ti_sysbios_gates_GateMutexPri_Instance_init)
                  0001d8bc    00000020     ti_sysbios_config.o (.text.ti_sysbios_knl_Semaphore_delete)
                  0001d8dc    00000020     ti_sysbios_config.o (.text.ti_sysbios_knl_Task_delete)
                  0001d8fc    00000020     ti_sysbios_config.o (.text.ti_sysbios_knl_Task_destruct)
                  0001d91c    00000020     OneLib.a : gattservapp.o (.text)
                  0001d93c    00000020              : ll.o (.text)
                  0001d95c    00000020              : ll_isr.o (.text)
                  0001d97c    00000020              : ll_isr.o (.text)
                  0001d99c    00000020              : ll_isr.o (.text)
                  0001d9bc    00000020              : ll_rat.o (.text)
                  0001d9dc    00000020              : sm_intpairing.o (.text)
                  0001d9fc    00000020              : sm_rsppairing.o (.text)
                  0001da1c    00000020     StackWrapper.a : gattservapp_util.o (.text)
                  0001da3c    00000020                    : osal_cbtimer.o (.text)
                  0001da5c    00000020                    : osal_snv_wrapper.o (.text)
                  0001da7c    0000001e     driverlib.lib : flash.o (.text.NOROM_FlashProgram)
                  0001da9a    0000001e                   : flash.o (.text.NOROM_FlashSectorErase)
                  0001dab8    0000001e     drivers_cc26x2.a : UART2.c.obj (.text.UART2_writeTimeout)
[...]
20002964  variance_V_values                                                  
20002a40  pOverrides_bleCommon                                               
20002a98  fsm_mlc_conf_ULP                                                   
20002aea  read_mlc_features                                                  
20002b80  gattAttrTbl                                                        
20002bc0  sm_eccKeys_sc_host_debug                                           
20002c00  nvintfFncStruct                                                    
20002c3c  ti_sysbios_knl_Task_Module_state                                   
20002ce8  argPeriodic                                                        
20002ce9  advertising_initialized                                            
20002cea  reconfig_mlc_flag                                                  
20002cee  resetConnHandle                                                    
20002cf0  sn                                                                 
20002cf2  iter_counter                                                       
20002cf4  sw_v                                                               
20002cf8  delta_thr                                                          
20002cfc  delta_thr_off                                                      
20002d5a  metaPage                                                           
20002da6  bleUserCfg_maxPduSize                                              
20002dd0  eccParams_NISTP256                                                 
20002df4  pOverrides_ble2Mbps                                                
20002e58  advParams1                                                         
20002e74  advParams2                                                         
20002e90  pOverrides_bleTx20                                                 
20002eac  pOverrides_bleTxStd                                                
20002ee4  pOverrides_ble1Mbps                                                
20002f14  ICall_enterCriticalSection                                         
20002f18  ICall_leaveCriticalSection                                         
20002f1c  heapmgrMemFreeTotal                                                
20002f38  DisplayUart2Ansi_escInitial                                        
20002f4b  scanResData1                                                       
20002f94  RF_modeBle                                                         
20002fa4  _hposcCoeffs                                                       
20002fb4  bleAppServiceInfoTable                                             
20002fc4  pOverrides_bleCoded                                                
20002ff4  user0Cfg                                                           
20003004  gattAttrTbl_gatt_no_service_changed                                
20003014  sizeInfo                                                           
20003024  pairMode                                                           
20003025  mitm                                                               
20003026  ioCap                                                              
20003027  bonding                                                            
20003028  secureConnection                                                   
20003029  authenPairingOnly                                                  
2000302a  autoSyncWL                                                         
2000302b  eccReGenPolicy                                                     
2000302c  KeySize                                                            
2000302d  removeLRUBond                                                      
2000302e  KeyDistList                                                        
2000302f  eccDebugKeys                                                       
20003030  allowDebugKeys                                                     
20003031  eraseBondWhileInConn                                               
20003032  sameIrkAction                                                      
20003042  attDeviceName                                                      
20003068  advData1                                                           
20003071  advData2                                                           
20003083  PKAResourceCC26XX_pollingFlag                                      
200030ac  RFCC26XX_schedulerPolicy                                           
200030b4  ti_sysbios_gates_GateMutexPri_Module_state                         
200030bc  ti_sysbios_heaps_HeapCallback_Module_state                         
200030c4  ti_sysbios_knl_Event_state                                         
200030cc  ti_sysbios_knl_Semaphore_Module_state                              
200030d4  periConnParameters                                                 
200030dc  clientCbs                                                          
200030e4  DisplayUart2Ansi_escClearScreen                                    
200030e9  SelfCheck                                                          
200030ee  disconnectImmedConnId                                              
200030f4  __aeabi_errno                                                      
200030f8  _lock                                                              
200030fc  _unlock                                                            
20003100  acc                                                                
20003104  appAssertCback                                                     
20003108  icallServiceTblPtr                                                 
20003110  pRandomAddress                                                     
20003114  pRfErrCb                                                           
20003118  pfnBMAlloc                                                         
2000311c  pfnBMFree                                                          
20003120  patchedSlaveCtrlPktList                                            
20003124  halAssertCback                                                     
20003128  llUserConfig_maxPduSize                                            
2000312a  baseTaskID                                                         
20003136  i2c_error_flag                                                     
20003140  mlc_config                                                         
2000314c  deviceNameCharProps                                                
2000314d  appearanceCharProps                                                
2000314e  periConnParamCharProps                                             
2000314f  centAddrResCharProps                                               
20003150  centAddrRes                                                        
20003151  resolvablePrivateAddressOnlyCharProps                              
20003152  GATTServApp_gatt_no_service_changed                                
20003154  qosDefaultPriorityConnParameter                                    
20003155  extScanChanMap                                                     
20003156  sizeOfAllExtConnParam                                              
20003157  rfRatHandle                                                        
20003158  smAllowDebugKeysMode                                               
20003159  gapEndAppTaskID                                                    
2000315a  gapAppTaskID                                                       
2000315b  legacyMode                                                         
20003160  i2cTaskStack                                                       
20003960  scTaskStack                                                        
20004160  spTaskStack                                                        
20004960  ti_sysbios_knl_Idle_taskStack                                      
20004f20  uart2CC26X2Objects                                                 
20005090  i2cCC26xxObjects                                                   
200051d0  rfObject                                                           
200052d0  crcBuf                                                             
200053d0  ti_sysbios_family_arm_m3_Hwi_dispatchTable                         
200054a8  aesctrdrbgXXObjects                                                
2000567a  appearance                                                         
2000567c  trngCC26XXObjects                                                  
20005780  gpioCallbackFunctions                                              
20005800  gpioUserArgs                                                       
20005880  cbTimers                                                           
20005960  ti_sysbios_knl_ClockSupport_timerStruct                            
200059c0  i2cTask                                                            
20005a18  scTask                                                             
20005a70  spTask                                                             
20005ac8  ti_sysbios_knl_Idle_taskStruct                                     
20005b20  CryptoResourceCC26XX_accessSemaphore                               
20005b70  CryptoResourceCC26XX_operationSemaphore                            
20005bc0  PKAResourceCC26XX_accessSemaphore                                  
20005c10  PKAResourceCC26XX_operationSemaphore                               
20005d24  nvFptrs                                                            
20005d60  ti_sysbios_knl_Swi_readyQs                                         
20005d90  ti_sysbios_knl_Task_readyQs                                        
20005dc0  NVOCMP_nvHandle                                                    
20005dee  maximumPduSize                                                     
20005df0  rfSetup                                                            
20005e1c  aesecbCC26XXObjects                                                
20005e44  llCteSamples                                                       
20005ea8  req                                                                
20005ec8  extInitCmd                                                         
20005ee8  extScanCmd                                                         
20005f08  gapBond_remoteOobData                                              
20005f28  gapBond_localOobData                                               
20005f48  ecdhCC26X2Objects                                                  
20005f68  i2cTransaction                                                     
20005f88  ti_sysbios_runtime_System_atexitHandlers                           
20005fa8  udmaCC26XXObject                                                   
20006000  BIOS_heapCallbackObject                                            
2000601c  BIOS_rtsGate                                                       
20006038  CryptoResourceCC26XX_hwi                                           
20006054  PKAResourceCC26XX_hwi                                              
20006070  deviceName                                                         
20006088  aesccmCC26XXObjects                                                
200060a0  SensorData                                                         
200060cc  spMenuConnPhy                                                      
200060e0  spMenuMain                                                         
200060f4  spMenuPerConn                                                      
20006108  spMenuSelectConn                                                   
2000611c  rfMode                                                             
2000612c  i2cParams                                                          
2000614b  scanResToDiscard                                                   
2000614c  llCteTest                                                          
20006158  cteAntennaProp                                                     
20006164  llTaskList                                                         
20006170  BQ27427                                                            
2000617c  displayUart2Object                                                 
20006190  defaultChannelMap                                                  
20006198  secondaryAdvChannelMap                                             
200061a0  llRfCmdPreemption                                                  
200061b0  rxBuffer                                                           
200061b8  txBuffer                                                           
200061d8  ggs_AppCBs                                                         
200061dc  pClientSecCBs                                                      
200061e4  BDAddrPerConnHandle                                                
200061e8  llCte                                                              
200061ec  llConnExtParam                                                     
200061f0  extStackSettings                                                   
200061f4  trngHandle                                                         
200061f8  LSTORecoveryArr                                                    
200061fc  pNextAdvSet                                                        
20006200  llCurrentMappedChan                                                
20006204  drbgHandle                                                         
20006208  pRpaCfg                                                            
2000620c  gapBond_lruBondList                                                
20006210  gapBondStateNodeHead                                               
20006214  osal_syncHandle                                                    
20006218  osal_icallMsg_hook                                                 
2000621c  osal_qHead                                                         
20006220  osal_max_msecs                                                     
20006224  osal_tickperiod                                                    
20006228  osal_eventloop_hook                                                
2000622c  bm_preReleaseBuffCB                                                
20006238  OSAL_timeSeconds                                                   
2000623c  timerHead                                                          
20006244  osal_last_timestamp                                                
20006248  HEAPMGR_SIZE                                                       
2000624c  PowerCC26XX_swiKey                                                 
20006250  PowerCC26XX_taskKey                                                
20006254  cptF1                                                              
20006258  cptON                                                              
2000625c  dispHandle                                                         
20006260  i2c                                                                
20006264  sail_real_state                                                    
20006268  sem_display                                                        
2000626c  sem_fdcan_thread                                                   
20006270  sem_i2c_thread                                                     
20006274  sem_magn                                                           
20006278  sem_sc_event                                                       
2000627c  sem_sc_thread                                                      
20006280  tasksEvents                                                        
20006284  ti_sysbios_family_arm_cc26xx_TimestampProvider_Module_state        
20006288  ti_sysbios_knl_Task_defaultStackHeap                               
2000628c  pwrmgr_attribute                                                   
2000628e  CellCurrent_s                                                      
20006290  CellSoC_s                                                          
20006292  CellVoltage_s                                                      
20006294  nvsCC26XXObjects                                                   
20006296  resolvablePrivateAddressOnly                                       
20006297  GATTServApp_att_delayed_req                                        
20006298  hciTaskID                                                          
20006299  hciL2capTaskID                                                     
2000629a  hciGapTaskID                                                       
2000629b  hciSmpTaskID                                                       
2000629c  hciTestTaskID                                                      
2000629d  hciVsEvtMask                                                       
2000629e  scanReqRpt                                                         
2000629f  secondaryAdvChannelMapPopCount                                     
200062a0  qosDefaultPriorityAdvParameter                                     
200062a1  maxNumCteDataBufs                                                  
200062a2  numActiveAdvSets                                                   
200062a3  wlSize                                                             
200062a4  rlSize                                                             
200062a5  decryptResult                                                      
200062a6  llUnhandleNextIntFlag                                              
200062a7  smAuthenPairingOnlyMode                                            
200062a8  icall_liteTaskId                                                   
200062a9  gapBond_removeLRUBond                                              
200062aa  gapBond_syncRL                                                     
200062ab  assertSubcause                                                     
200062ac  osal_entity                                                        
200062ad  pwrmgr_initialized                                                 
200062ae  NVOCMP_size                                                        
200062af  SelfCheckFlags                                                     
200062b0  advHandleLegacy                                                    
200062b1  advHandleLongRange                                                 
200062b2  calculated_threshold                                               
200062b3  gAction                                                            
200062b4  tbmRowItemLast                                                     
20006300  ti_sysbios_family_arm_m3_Hwi_ramVectors                            
200063d8  heapStart                                                          
20013c00  __stack                                                            
20013c00  heapEnd                                                            
20014000  __STACK_END                                                        
20014000  __STACK_TOP                                                        
20014000  __UNUSED_SRAM_end__                                                
ffffffff  __TI_pprof_out_hndl                                                
ffffffff  __TI_prof_data_size                                                
ffffffff  __TI_prof_data_start                                               
ffffffff  __binit__                                                          
ffffffff  binit                                                              
UNDEFED   ITM_flush                                                          
UNDEFED   ITM_restore                                                        
UNDEFED   __c_args__                                                         
UNDEFED   __mpu_init                                                         

[2801 symbols]
