******************************************************************************
            TI ARM Clang Linker PC v2.1.3                      
******************************************************************************
>> Linked Tue Feb 20 12:26:06 2024

OUTPUT FILE NAME:   <S2S_V0-3-16.out>
ENTRY POINT SYMBOL: "_c_int00"  address: 0001bfa9


MEMORY CONFIGURATION

         name            origin    length      used     unused   attr    fill
----------------------  --------  ---------  --------  --------  ----  --------
  FLASH_IMG_HDR         00000000   00000090  0000008d  00000003  R  X
  ENTRY                 00000090   00000040  0000003c  00000004  R  X
  FLASH                 000000d0   00037f30  000287b4  0000f77c  R  X
  RTOS_SRAM             20000000   0000012c  00000000  0000012c  RW X
  SRAM                  20000fdf   00013021  00005638  0000d9e9  RW X


SEGMENT ALLOCATION MAP

run origin  load origin   length   init length attrs members
----------  ----------- ---------- ----------- ----- -------
00000000    00000000    00024884   00024884    r-x
  00000000    00000000    0000008d   0000008d    r-- .image_header
  00000090    00000090    0000003c   0000003c    r-- .resetVecs
  000000d0    000000d0    0001fd24   0001fd24    r-x .text
  0001fdf4    0001fdf4    00003385   00003385    r-- .rodata
  0002317c    0002317c    00001708   00001708    r-- .cinit
00034000    00034000    00004000   00000000    rw-
  00034000    00034000    00004000   00000000    rw- .TI.bound:flashBuf0
20001810    20001810    00000010   00000000    rw-
  20001810    20001810    00000010   00000000    rw- .TI.bound:dmaUart0RxControlTableEntry
20001820    20001820    00000010   00000000    rw-
  20001820    20001820    00000010   00000000    rw- .TI.bound:dmaUart0TxControlTableEntry
20001830    20001830    00000010   00000000    rw-
  20001830    20001830    00000010   00000000    rw- .TI.bound:dmaSpi0RxControlTableEntry
20001840    20001840    00000010   00000000    rw-
  20001840    20001840    00000010   00000000    rw- .TI.bound:dmaSpi0TxControlTableEntry
20001a30    20001a30    00000010   00000000    rw-
  20001a30    20001a30    00000010   00000000    rw- .TI.bound:dmaSpi0RxAltControlTableEntry
20001a40    20001a40    00000010   00000000    rw-
  20001a40    20001a40    00000010   00000000    rw- .TI.bound:dmaSpi0TxAltControlTableEntry
20001b00    20001b00    00005022   00000000    rw-
  20001b00    20001b00    0000166c   00000000    rw- .data
  20003170    20003170    000039b2   00000000    rw- .bss
20006c00    20006c00    000000d8   00000000    rw-
  20006c00    20006c00    000000d8   00000000    rw- .ramVecs
20013c00    20013c00    00000400   00000000    rw-
  20013c00    20013c00    00000400   00000000    rw- .stack


SECTION ALLOCATION MAP

 output                                  attributes/
section   page    origin      length       input sections
--------  ----  ----------  ----------   ----------------
.image_header 
*          0    00000000    0000008d     
                  00000000    0000008d     oad_image_header_app.o (.image_header)

.resetVecs 
*          0    00000090    0000003c     
                  00000090    0000003c     ti_sysbios_config.o (.resetVecs)

.intvecs   0    000000cc    00000000     UNINITIALIZED

EntrySection 
*          0    000000cc    00000000     UNINITIALIZED

.text      0    000000d0    0001fd24     
                  000000d0    000010fc     simple_peripheral_oad_onchip.o (.text.SimplePeripheral_taskFxn)
                  000011cc    00000b48     StackWrapper.a : gapbondmgr.o (.text)
                  00001d14    000006f8     OneLib.a : ll_adv_end_causes.o (.text)
                  0000240c    000006f8     StackWrapper.a : gapbondmgr.o (.text)
                  00002b04    000006f4     oad.o (.text.OAD_processQueue)
                  000031f8    00000514     OneLib.a : ble.o (.text)
                  0000370c    000004d0              : ll_ae.o (.text)
                  00003bdc    00000490     rf_multiMode_cc26x2.a : RFCC26X2_multiMode.c.cc26x2.ticlang.o (.text.RF_fsmActiveState)
                  0000406c    00000478     OneLib.a : ll_isr.o (.text)
                  000044e4    00000448              : ll.o (.text)
                  0000492c    0000043c              : ll_slave_end_causes.o (.text)
                  00004d68    0000041c              : ll_scheduler.o (.text)
                  00005184    000003e0     oad.o (.text.oadProcessExtControlCmd)
                  00005564    00000388     OneLib.a : ll_slave_end_causes.o (.text)
                  000058ec    00000344              : ll_ae.o (.text)
                  00005c30    00000340     ti_sysbios_config.o (.text.ti_sysbios_runtime_System_doPrint)
                  00005f70    00000338     OneLib.a : ll_ae.o (.text)
                  000062a8    00000334              : ll_scheduler.o (.text)
                  000065dc    0000030c              : ll_ae.o (.text)
                  000068e8    000002b0     StackWrapper.a : gapbondmgr.o (.text)
                  00006b98    000002a8     nvocmp.o (.text.NVOCMP_initNvApi)
                  00006e40    0000029c     rf_multiMode_cc26x2.a : RFCC26X2_multiMode.c.cc26x2.ticlang.o (.text.RF_open)
                  000070dc    0000029c     OneLib.a : ll_isr.o (.text)
                  00007378    00000294              : ll.o (.text)
                  0000760c    00000290              : ll_ae.o (.text)
                  0000789c    00000284     nvocmp.o (.text.NVOCMP_compactPage)
                  00007b20    00000274     OneLib.a : ll_ae.o (.text)
                  00007d94    00000264              : ll_common.o (.text)
                  00007ff8    00000264              : ll_isr.o (.text)
                  0000825c    0000025c     StackWrapper.a : gapbondmgr.o (.text)
                  000084b8    0000024c     nvocmp.o (.text.NVOCMP_addItem)
                  00008704    00000238     OneLib.a : ll_data.o (.text)
                  0000893c    00000220     drivers_cc26x2.a : ECDHCC26X2.c.obj (.text.ECDHCC26X2_hwiFxn)
                  00008b5c    00000204     OneLib.a : gattservapp.o (.text)
                  00008d60    00000200     nwt_i2c.o (.text.read_MLC_trehshold)
                  00008f60    000001fc     OneLib.a : ll.o (.text)
                  0000915c    000001f0     drivers_cc26x2.a : UART2CC26X2.c.obj (.text.UART2CC26X2_hwiIntFxn)
                  0000934c    000001e8     rf_multiMode_cc26x2.a : RFCC26X2_multiMode.c.cc26x2.ticlang.o (.text.RF_scheduleCmd)
                  00009534    000001e0     StackWrapper.a : osal.o (.text)
                  00009714    000001dc     rf_multiMode_cc26x2.a : RFCC26X2_multiMode.c.cc26x2.ticlang.o (.text.RF_dispatchNextCmd)
                  000098f0    000001dc     OneLib.a : ll_scheduler.o (.text)
                  00009acc    000001c8              : ll_ae.o (.text)
                  00009c94    000001b6     libclang_rt.builtins.a : adddf3.S.obj (.text)
                  00009e4a    00000002     ti_sysbios_config.o (.text.BIOS_nullFunc)
                  00009e4c    000001a0     drivers_cc26x2.a : AESECBCC26XX.c.obj (.text.AESECB_addDataInternal)
                  00009fec    00000198     OneLib.a : ll_common.o (.text)
                  0000a184    00000196              : ll_common.o (.text)
                  0000a31a    00000002     ti_drivers_config.o (.text.Board_initHook)
                  0000a31c    00000194     drivers_cc26x2.a : PowerCC26X2_calibrateRCOSC.c.obj (.text.PowerCC26X2_auxISR)
                  0000a4b0    0000018c                      : UART2CC26X2.c.obj (.text.UART2_open)
                  0000a63c    00000188                      : AESCCMCC26XX.c.obj (.text.AESCCM_startOperation)
                  0000a7c4    00000188     OneLib.a : ll_ae.o (.text)
                  0000a94c    00000184              : ll_isr.o (.text)
                  0000aad0    0000017c     drivers_cc26x2.a : ECDHCC26X2.c.obj (.text.ECDH_computeSharedSecret)
                  0000ac4c    00000178     OneLib.a : gattservapp.o (.text)
                  0000adc4    00000174     crc32.o (.text.CRC32_calc)
                  0000af38    00000174     drivers_cc26x2.a : UART2.c.obj (.text.UART2_writeTimeoutBlocking)
                  0000b0ac    00000174     simple_peripheral_oad_onchip.o (.text.config_mlc_threshold)
                  0000b220    00000174     OneLib.a : ll_scheduler.o (.text)
                  0000b394    00000160     icall.o (.text.ICall_waitMatch)
                  0000b4f4    00000160     OneLib.a : ll_ae.o (.text)
                  0000b654    0000015c     nwt_i2c.o (.text.I2C_read_feature)
                  0000b7b0    00000158     drivers_cc26x2.a : AESCTRCC26XX.c.obj (.text.AESCTR_processData)
                  0000b908    00000158                      : PowerCC26X2.c.obj (.text.Power_sleep)
                  0000ba60    00000158     OneLib.a : ll_common.o (.text)
                  0000bbb8    00000150              : gap_task.o (.text)
                  0000bd08    00000150              : ll_ae.o (.text)
                  0000be58    00000150              : ll_isr.o (.text)
                  0000bfa8    0000014c     rf_multiMode_cc26x2.a : RFCC26X2_multiMode.c.cc26x2.ticlang.o (.text.RF_radioOpDoneCb)
                  0000c0f4    00000144     ble_user_config_stack.o (.text.setBleUserConfig)
                  0000c238    00000144     ti_sysbios_config.o (.text.ti_sysbios_runtime_System_printfExtend)
                  0000c37c    00000144     StackWrapper.a : osal.o (.text)
                  0000c4c0    00000140     OneLib.a : gattservapp.o (.text)
                  0000c600    00000140     StackWrapper.a : gap.o (.text)
                  0000c740    00000136     libclang_rt.builtins.a : divdf3.S.obj (.text)
                  0000c876    00000002     board_key.o (.text.Board_initKeys)
                  0000c878    00000134     rf_multiMode_cc26x2.a : RFCC26X2_multiMode.c.cc26x2.ticlang.o (.text.RF_ratSetupChannel)
                  0000c9ac    00000130     driverlib.lib : aes.o (.text.NOROM_AESWriteToKeyStore)
                  0000cadc    0000012c     drivers_cc26x2.a : I2CCC26XX.c.obj (.text.I2C_open)
                  0000cc08    0000012c     rf_multiMode_cc26x2.a : RFCC26X2_multiMode.c.cc26x2.ticlang.o (.text.RF_close)
                  0000cd34    0000012c     drivers_cc26x2.a : TRNGCC26XX.c.obj (.text.TRNGCC26XX_hwiFxn)
                  0000ce60    00000126                      : I2C.c.obj (.text.I2C_transferTimeout)
                  0000cf86    00000002     ble_user_config.o (.text.DefaultAssertCback)
                  0000cf88    00000124     rf_multiMode_cc26x2.a : RFCC26X2_multiMode.c.cc26x2.ticlang.o (.text.RF_abortCmd)
                  0000d0ac    00000124                           : RFCC26X2_multiMode.c.cc26x2.ticlang.o (.text.RF_fsmSetupState)
                  0000d1d0    00000124     OneLib.a : ll_ae.o (.text)
                  0000d2f4    00000120     nvocmp.o (.text.NVOCMP_findItem)
                  0000d414    00000120     ti_sysbios_config.o (.text.ti_sysbios_family_arm_cc26xx_Timer_construct)
                  0000d534    00000120     OneLib.a : ll_common.o (.text)
                  0000d654    00000120              : ll_data.o (.text)
                  0000d774    0000011c     sysbios.a : Hwi_asm_gcc.s.obj (.text.ti_sysbios_family_arm_m3_Hwi_dispatch)
                  0000d890    0000011c     OneLib.a : sm_rsppairing.o (.text)
                  0000d9ac    0000011a     drivers_cc26x2.a : UART2.c.obj (.text.UART2_writeTimeoutNonblocking)
                  0000dac6    00000002     display_cc26x2.a : DisplayUart2.c.obj (.text.DisplayUart2Ansi_init)
                  0000dac8    00000118     drivers_cc26x2.a : PowerCC26X2.c.obj (.text.Power_init)
                  0000dbe0    00000118     rf_multiMode_cc26x2.a : RFCC26X2_multiMode.c.cc26x2.ticlang.o (.text.RF_decodeOverridePointers)
                  0000dcf8    00000114     OneLib.a : ll_common.o (.text)
                  0000de0c    0000010c     main.o (.text.AssertHandler)
                  0000df18    0000010c     drivers_cc26x2.a : ECDHCC26X2.c.obj (.text.ECDH_generatePublicKey)
                  0000e024    0000010c                      : PowerCC26X2_calibrateRCOSC.c.obj (.text.PowerCC26X2_calibrate)
                  0000e130    0000010c     simple_peripheral_oad_onchip.o (.text.config_ble_service)
                  0000e23c    0000010a     OneLib.a : gatt_client.o (.text)
                  0000e346    00000002     drivers_cc26x2.a : I2C.c.obj (.text.I2C_init)
                  0000e348    00000108                      : NVSCC26XX.c.obj (.text.NVSCC26XX_write)
                  0000e450    00000108     rf_multiMode_cc26x2.a : RFCC26X2_multiMode.c.cc26x2.ticlang.o (.text.RF_fsmPowerUpState)
                  0000e558    00000108     OneLib.a : ll_scheduler.o (.text)
                  0000e660    00000104     drivers_cc26x2.a : GPIOCC26X2.c.obj (.text.GPIO_init)
                  0000e764    00000104                      : UART2CC26X2.c.obj (.text.UART2CC26X2_initHw)
                  0000e868    00000102                      : AESCTRDRBGXX.c.obj (.text.AESCTRDRBG_getRandomBytes)
                  0000e96a    000000fe     OneLib.a : ll_scheduler.o (.text)
                  0000ea68    000000fc     rf_multiMode_cc26x2.a : RFCC26X2_multiMode.c.cc26x2.ticlang.o (.text.RF_hwiCpe0Active)
                  0000eb64    000000fc     OneLib.a : ll_isr.o (.text)
                  0000ec60    000000fc     libclang_rt.builtins.a : muldf3.S.obj (.text)
                  0000ed5c    000000f8     drivers_cc26x2.a : TRNGCC26XX.c.obj (.text.TRNG_getRandom)
                  0000ee54    000000f8     OneLib.a : sm_rsppairing.o (.text)
                  0000ef4c    000000f4     driverlib.lib : sys_ctrl.o (.text.NOROM_SysCtrlStandby)
                  0000f040    000000f0     simple_peripheral_oad_onchip_menu.o (.text.SimplePeripheral_buildMenu)
                  0000f130    000000f0     drivers_cc26x2.a : UART2CC26X2.c.obj (.text.UART2Support_dmaStartRx)
                  0000f220    000000f0     OneLib.a : ll_ae.o (.text)
                  0000f310    000000ec              : gap_advertiser.o (.text)
                  0000f3fc    000000ec              : ll_ae.o (.text)
                  0000f4e8    000000ec              : ll_common.o (.text)
                  0000f5d4    000000ec              : ll_common.o (.text)
                  0000f6c0    000000e8     drivers_cc26x2.a : AESCTRDRBGXX.c.obj (.text.AESCTRDRBG_construct)
                  0000f7a8    000000e4     driverlib.lib : setup.o (.text.NOROM_SetupTrimDevice)
                  0000f88c    000000e4     ti_sysbios_config.o (.text.ti_sysbios_knl_Semaphore_pend)
                  0000f970    000000e2     drivers_cc26x2.a : I2CCC26XX.c.obj (.text.I2CCC26XX_hwiFxn)
                  0000fa52    000000e2     OneLib.a : gapgattserver.o (.text)
                  0000fb34    000000e0     simple_peripheral_oad_onchip.o (.text.SimplePeripheral_menuSwitchCb)
                  0000fc14    000000e0     ti_sysbios_config.o (.text.ti_sysbios_knl_Event_pend)
                  0000fcf4    000000e0     OneLib.a : ll_scheduler.o (.text)
                  0000fdd4    000000e0     StackWrapper.a : osal_timers.o (.text)
                  0000feb4    000000dc     nwt_i2c.o (.text.I2C_taskFxn)
                  0000ff90    000000dc     rf_multiMode_cc26x2.a : RFCC26X2_multiMode.c.cc26x2.ticlang.o (.text.RF_control)
                  0001006c    000000dc     OneLib.a : ll_ae.o (.text)
                  00010148    000000d8     devinfoservice.o (.text.DevInfo_SetParameter)
                  00010220    000000d8     scif_framework.o (.text.scifInit)
                  000102f8    000000d8     ti_sysbios_config.o (.text.ti_sysbios_family_arm_m3_Hwi_excFillContext)
                  000103d0    000000d0     drivers_cc26x2.a : PowerCC26X2.c.obj (.text.configureXOSCHF)
                  000104a0    000000cc                      : AESCTRDRBGXX.c.obj (.text.AESCTRDRBG_reseed)
                  0001056c    000000cc     ti_sysbios_config.o (.text.ti_sysbios_knl_Clock_workFuncDynamic)
                  00010638    000000cc     OneLib.a : hci_event.o (.text)
                  00010704    000000cc     StackWrapper.a : osal.o (.text)
                  000107d0    000000ca     rf_multiMode_cc26x2.a : RFCC26X2_multiMode.c.cc26x2.ticlang.o (.text.RF_updatePaConfiguration)
                  0001089a    00000002     rom_init.o (.text.MAP_HCI_CteRequestFailedEvent)
                  0001089c    000000c8     OneLib.a : gap_scanner.o (.text)
                  00010964    000000c8              : ll.o (.text)
                  00010a2c    000000c8              : ll_ae.o (.text)
                  00010af4    000000c4     driverlib.lib : setup.o (.text.TrimAfterColdResetWakeupFromShutDown)
                  00010bb8    000000c4     OneLib.a : gapgattserver.o (.text)
                  00010c7c    000000c4              : ll_ae.o (.text)
                  00010d40    000000c0              : ll.o (.text)
                  00010e00    000000c0              : ll.o (.text)
                  00010ec0    000000c0              : ll_isr.o (.text)
                  00010f80    000000c0              : ll_scheduler.o (.text)
                  00011040    000000bc     rf_multiMode_cc26x2.a : RFCC26X2_multiMode.c.cc26x2.ticlang.o (.text.RF_swiHw)
                  000110fc    000000bc     drivers_cc26x2.a : UART2CC26X2.c.obj (.text.UART2Support_dmaStartTx)
                  000111b8    000000bc     OneLib.a : ble.o (.text)
                  00011274    000000bc              : ll_ecc.o (.text)
                  00011330    000000b8     devinfoservice.o (.text.devInfo_ReadAttrCB)
                  000113e8    000000b8     ti_ble_config.o (.text.setBondManagerParameters)
                  000114a0    000000b8     ti_sysbios_config.o (.text.ti_sysbios_knl_Task_Instance_finalize)
                  00011558    000000b8     OneLib.a : ll_slave_end_causes.o (.text)
                  00011610    000000b8     StackWrapper.a : gattservapp_util.o (.text)
                  000116c8    000000b4     drivers_cc26x2.a : ECDHCC26X2.c.obj (.text.ECDHCC26X2_getKeyResult)
                  0001177c    000000b4     driverlib.lib : osc.o (.text.NOROM_OSCHF_AttemptToSwitchToXosc)
                  00011830    000000b4     ti_sysbios_config.o (.text.PowerCC26XX_standbyPolicy)
                  000118e4    000000b4     drivers_cc26x2.a : PowerCC26X2.c.obj (.text.Power_releaseDependency)
                  00011998    000000b4     ti_sysbios_config.o (.text.ti_sysbios_knl_Task_setPri)
                  00011a4c    000000b4     OneLib.a : gap_scanner.o (.text)
                  00011b00    000000b4     StackWrapper.a : gapbondmgr.o (.text)
                  00011bb4    000000b0     drivers_cc26x2.a : PowerCC26X2.c.obj (.text.Power_setDependency)
                  00011c64    000000b0     nwt_i2c.o (.text.i2cErrorHandler)
                  00011d14    000000b0     OneLib.a : ll_common.o (.text)
                  00011dc4    000000b0              : ll_enc.o (.text)
                  00011e74    000000b0     StackWrapper.a : gapbondmgr.o (.text)
                  00011f24    000000b0                    : gattservapp_util.o (.text)
                  00011fd4    000000b0     libclang_rt.builtins.a : udivmoddi4.S.obj (.text)
                  00012084    000000ac     rf_multiMode_cc26x2.a : RFCC26X2_multiMode.c.cc26x2.ticlang.o (.text.RF_pendCmd)
                  00012130    000000ac     simple_gatt_profile.o (.text.SimpleProfile_SetParameter)
                  000121dc    000000ac     scif_framework.o (.text.scifCtrlTasksNbl)
                  00012288    000000ac     StackWrapper.a : gapbondmgr.o (.text)
                  00012334    00000004     drivers_cc26x2.a : AESCTRDRBGXX.c.obj (.text.AESCTRDRBG_getBytes)
                  00012338    000000a8     nwt_i2c.o (.text.I2C_read_acc)
                  000123e0    000000a8     OneLib.a : hci_data.o (.text)
                  00012488    000000a8              : ll.o (.text)
                  00012530    000000a8              : ll_common.o (.text)
                  000125d8    000000a8     StackWrapper.a : osal_cbtimer.o (.text)
                  00012680    000000a4     drivers_cc26x2.a : AESCTRCC26XX.c.obj (.text.AESCTR_startOneStepOperation)
                  00012724    000000a4     icall.o (.text.ICall_heapMalloc)
                  000127c8    000000a4     rf_multiMode_cc26x2.a : RFCC26X2_multiMode.c.cc26x2.ticlang.o (.text.RF_initRadioSetup)
                  0001286c    000000a4     ti_sysbios_config.o (.text.ti_sysbios_knl_Task_Instance_init)
                  00012910    000000a4     OneLib.a : ll_ae.o (.text)
                  000129b4    000000a4              : ll_ae.o (.text)
                  00012a58    000000a0     drivers_cc26x2.a : I2CCC26XX.c.obj (.text.I2CCC26XX_swiFxn)
                  00012af8    000000a0     rf_multiMode_cc26x2.a : RFCC26X2_multiMode.c.cc26x2.ticlang.o (.text.RF_calculateDispatchTime)
                  00012b98    000000a0     nwt_sc.o (.text.SC_taskFxn)
                  00012c38    000000a0     OneLib.a : gattservapp.o (.text)
                  00012cd8    000000a0              : ll_common.o (.text)
                  00012d78    000000a0              : ll_scheduler.o (.text)
                  00012e18    0000009c     display_cc26x2.a : DisplayUart2.c.obj (.text.DisplayUart2Ansi_clearLines)
                  00012eb4    0000009c     simple_peripheral_oad_onchip.o (.text.SimplePeripheral_doSetConnPhy)
                  00012f50    0000009c     libc.a : s_floorf.c.obj (.text.floorf)
                  00012fec    0000009c     OneLib.a : ll_common.o (.text)
                  00013088    0000009c              : ll_ecc.o (.text)
                  00013124    0000009a     drivers_cc26x2.a : UART2.c.obj (.text.UART2_writeCancel)
                  000131be    00000002     rom_init.o (.text.MAP_llClearPeriodicAdvSets)
                  000131c0    00000098     nvocmp.o (.text.NVOCMP_erase)
                  00013258    00000098     rf_multiMode_cc26x2.a : RFCC26X2_multiMode.c.cc26x2.ticlang.o (.text.RF_defaultSubmitPolicy)
                  000132f0    00000098     simple_peripheral_oad_onchip.o (.text.SimplePeripheral_updatePHYStat)
                  00013388    00000098     drivers_cc26x2.a : UART2CC26X2.c.obj (.text.UART2_close)
                  00013420    00000098     OneLib.a : gattservapp.o (.text)
                  000134b8    00000098              : hci_event.o (.text)
                  00013550    00000098              : ll_isr.o (.text)
                  000135e8    00000096     rf_multiMode_cc26x2.a : RFCC26X2_multiMode.c.cc26x2.ticlang.o (.text.RF_verifyGap)
                  0001367e    00000002     rom_init.o (.text.MAP_llClearPeriodicScanSets)
                  00013680    00000094     rf_multiMode_cc26x2.a : RFCC26X2_multiMode.c.cc26x2.ticlang.o (.text.RF_ratRestartChannels)
                  00013714    00000094     ti_sysbios_config.o (.text.ti_sysbios_knl_Clock_startI)
                  000137a8    00000094     ti_sysbios_config.o (.text.ti_sysbios_knl_Task_sleep)
                  0001383c    00000094     OneLib.a : gatt_server.o (.text)
                  000138d0    00000094              : ll.o (.text)
                  00013964    00000094              : ll_common.o (.text)
                  000139f8    00000094              : ll_scheduler.o (.text)
                  00013a8c    00000092              : gap_task.o (.text)
                  00013b1e    00000002     rom_init.o (.text.MAP_llCoexInit)
                  00013b20    00000090     display_cc26x2.a : DisplayUart2.c.obj (.text.DisplayUart2Ansi_vprintf)
                  00013bb0    00000090     drivers_cc26x2.a : GPIOCC26XX.c.obj (.text.GPIO_setConfigAndMux)
                  00013c40    00000090     osal_icall_ble.o (.text.osalInitTasks)
                  00013cd0    00000090     OneLib.a : ll.o (.text)
                  00013d60    0000008c     BQ27427.o (.text.BQ27427_writeExtendedData)
                  00013dec    0000008c     drivers_cc26x2.a : TRNGCC26XX.c.obj (.text.TRNG_construct)
                  00013e78    0000008c     ti_sysbios_config.o (.text.ti_sysbios_knl_Clock_init)
                  00013f04    0000008c     OneLib.a : ll_ae.o (.text)
                  00013f90    00000088     rf_multiMode_cc26x2.a : RFCC26X2_multiMode.c.cc26x2.ticlang.o (.text.RF_cmdDispatchTime)
                  00014018    00000088                           : RFCC26X2_multiMode.c.cc26x2.ticlang.o (.text.RF_discardPendCmd)
                  000140a0    00000088     main.o (.text.main)
                  00014128    00000088     simple_gatt_profile.o (.text.simpleProfile_WriteAttrCB)
                  000141b0    00000088     OneLib.a : ll_isr.o (.text)
                  00014238    00000088              : sm_rsppairing.o (.text)
                  000142c0    00000088     StackWrapper.a : osal_cbtimer.o (.text)
                  00014348    00000084     icall.o (.text.ICall_setTimer)
                  000143cc    00000084     nvocmp.o (.text.NVOCMP_readHeader)
                  00014450    00000084     rf_multiMode_cc26x2.a : RFCC26X2_multiMode.c.cc26x2.ticlang.o (.text.RF_getInfo)
                  000144d4    00000084     oad.o (.text.oadResetState)
                  00014558    00000084     OneLib.a : ll_common.o (.text)
                  000145dc    00000080     drivers_cc26x2.a : AESCTRCC26XX.c.obj (.text.AESCTR_hwiFxn)
                  0001465c    00000080     nwt_i2c.o (.text.I2C_MLC_FSM_ULP_MODE)
                  000146dc    00000080     nwt_i2c.o (.text.I2C_MLC_Features)
                  0001475c    00000080     driverlib.lib : sys_ctrl.o (.text.NOROM_SysCtrlSetRechargeBeforePowerDown)
                  000147dc    00000080     drivers_cc26x2.a : UART2CC26X2.c.obj (.text.UART2Support_dmaStopTx)
                  0001485c    00000080                      : NVSCC26XX.c.obj (.text.doErase)
                  000148dc    00000080     oad.o (.text.oadSendNotification)
                  0001495c    00000080     ti_sysbios_config.o (.text.ti_sysbios_family_arm_m3_Hwi_initNVIC)
                  000149dc    00000080     ti_sysbios_config.o (.text.ti_sysbios_gates_GateMutexPri_enter)
                  00014a5c    00000080     ti_sysbios_config.o (.text.ti_sysbios_knl_Task_checkStacks)
                  00014adc    00000080     OneLib.a : ll_ae.o (.text)
                  00014b5c    00000080              : ll_enc.o (.text)
                  00014bdc    0000007e     driverlib.lib : chipinfo.o (.text.NOROM_ChipInfo_GetChipType)
                  00014c5a    0000007e     libc.a : s_roundf.c.obj (.text.roundf)
                  00014cd8    0000007e     OneLib.a : gap_task.o (.text)
                  00014d56    00000002     rom_init.o (.text.MAP_llCoexSetParams)
                  00014d58    0000007c     nwt_i2c.o (.text.I2C_MLC_FSM_LP_MODE)
                  00014dd4    0000007c     rf_multiMode_cc26x2.a : RFCC26X2_multiMode.c.cc26x2.ticlang.o (.text.RF_ratDisableChannel)
                  00014e50    0000007c     icall.o (.text.icall_directAPI)
                  00014ecc    0000007c     two_btn_menu.o (.text.tbm_displayItemPage)
                  00014f48    0000007c     ti_sysbios_config.o (.text.ti_sysbios_family_arm_m3_Hwi_postInit)
                  00014fc4    0000007c     OneLib.a : ll_common.o (.text)
                  00015040    0000007c     StackWrapper.a : gapbondmgr.o (.text)
                  000150bc    0000007a     drivers_cc26x2.a : AESCTRDRBGXX.c.obj (.text.AESCTRDRBGXX_updateState)
                  00015136    00000002     rom_init.o (.text.MAP_llCoexUpdateCounters)
                  00015138    00000078     icall.o (.text.ICall_heapInit)
                  000151b0    00000078     driverlib.lib : osc.o (.text.NOROM_OSCHF_SwitchToRcOscTurnOffXosc)
                  00015228    00000078                   : osc.o (.text.NOROM_OSC_CapArrayAdjustWorkaround_Boot)
                  000152a0    00000078     drivers_cc26x2.a : NVSCC26XX.c.obj (.text.NVSCC26XX_open)
                  00015318    00000078     rf_multiMode_cc26x2.a : RFCC26X2_multiMode.c.cc26x2.ticlang.o (.text.RF_ratFreeChannel)
                  00015390    00000078     simple_peripheral_oad_onchip.o (.text.SimplePeripheral_processParamUpdate)
                  00015408    00000078     ti_sysbios_config.o (.text.ti_sysbios_knl_Task_postInit)
                  00015480    00000078     OneLib.a : l2cap_task.o (.text)
                  000154f8    00000078     StackWrapper.a : osal_bufmgr.o (.text)
                  00015570    00000078                    : osal_cbtimer.o (.text)
                  000155e8    00000076     OneLib.a : gattservapp.o (.text)
                  0001565e    00000076              : ll_common.o (.text)
                  000156d4    00000076     StackWrapper.a : gap.o (.text)
                  0001574a    00000002     rom_init.o (.text.MAP_llDmmDynamicFree)
                  0001574c    00000074     drivers_cc26x2.a : I2CCC26XX.c.obj (.text.I2C_close)
                  000157c0    00000074     nvocmp.o (.text.NVOCMP_readItemApi)
                  00015834    00000074     drivers_cc26x2.a : PowerCC26X2_calibrateRCOSC_helpers.c.obj (.text.PowerCC26X2_updateSubSecInc)
                  000158a8    00000074     rf_multiMode_cc26x2.a : RFCC26X2_multiMode.c.cc26x2.ticlang.o (.text.RF_hwiHw)
                  0001591c    00000074     scif_framework.o (.text.scifInitIo)
                  00015990    00000074     ti_sysbios_config.o (.text.ti_sysbios_knl_Swi_restoreHwi)
                  00015a04    00000074     OneLib.a : gap_linkmgr.o (.text)
                  00015a78    00000074              : ll.o (.text)
                  00015aec    00000074              : ll_common.o (.text)
                  00015b60    00000074              : ll_common.o (.text)
                  00015bd4    00000074              : ll_common.o (.text)
                  00015c48    00000074              : ll_enc.o (.text)
                  00015cbc    00000072     simple_gatt_profile.o (.text.simpleProfile_ReadAttrCB)
                  00015d2e    00000002     rom_init.o (.text.MAP_llDmmSetThreshold)
                  00015d30    00000070     drivers_cc26x2.a : AESCCMCC26XX.c.obj (.text.AESCCM_cleanup)
                  00015da0    00000070                      : AESCTRCC26XX.c.obj (.text.AESCTR_construct)
                  00015e10    00000070                      : AESECBCC26XX.c.obj (.text.AESECB_construct)
                  00015e80    00000070     icall_cc2650.o (.text.ICallPlatform_pwrUpdActivityCounter)
                  00015ef0    00000070     icall.o (.text.ICall_createRemoteTasksAtRuntime)
                  00015f60    00000070     ti_sysbios_config.o (.text.ti_sysbios_family_arm_m3_Hwi_Instance_init)
                  00015fd0    00000070     ti_sysbios_config.o (.text.ti_sysbios_knl_Task_startup)
                  00016040    00000070     ti_sysbios_config.o (.text.ti_sysbios_runtime_System_formatNum)
                  000160b0    00000070     OneLib.a : gatt_server.o (.text)
                  00016120    00000070              : ll_ae.o (.text)
                  00016190    00000070              : ll_common.o (.text)
                  00016200    00000070              : ll_common.o (.text)
                  00016270    00000070              : ll_enc.o (.text)
                  000162e0    00000070              : sm_rsppairing.o (.text)
                  00016350    00000070     StackWrapper.a : osal.o (.text)
                  000163c0    0000006e     libclang_rt.builtins.a : comparedf2.c.obj (.text.__gedf2)
                  0001642e    00000002     rom_init.o (.text.MAP_llHealthUpdate)
                  00016430    0000006e     libclang_rt.builtins.a : comparedf2.c.obj (.text.__ledf2)
                  0001649e    00000002     rom_init.o (.text.MAP_llMaster_TaskEnd)
                  000164a0    0000006e     libclang_rt.builtins.a : truncdfsf2.S.obj (.text)
                  0001650e    00000002     rom_init.o (.text.MAP_llPeriodicAdv_PostProcess)
                  00016510    0000006c     drivers_cc26x2.a : AESECBCC26XX.c.obj (.text.AESECB_hwiFxn)
                  0001657c    0000006c     nwt_i2c.o (.text.I2C_read_wake_up_thr)
                  000165e8    0000006c     icall.o (.text.ICall_wait)
                  00016654    0000006c     nvocmp.o (.text.NVOCMP_eraseNvApi)
                  000166c0    0000006c     nvocmp.o (.text.NVOCMP_writeItemApi)
                  0001672c    0000006c     rf_multiMode_cc26x2.a : RFCC26X2_multiMode.c.cc26x2.ticlang.o (.text.RF_getTxPower)
                  00016798    0000006c                           : RFCC26X2_multiMode.c.cc26x2.ticlang.o (.text.RF_issueRadioFreeCb)
                  00016804    0000006c     drivers_cc26x2.a : Random.c.obj (.text.Random_seedAutomatic)
                  00016870    0000006c                      : PowerCC26X2.c.obj (.text.oscillatorISR)
                  000168dc    0000006c     ti_sysbios_config.o (.text.ti_sysbios_family_arm_m3_Hwi_dispatchC)
                  00016948    0000006c     OneLib.a : gatt_server.o (.text)
                  000169b4    0000006c              : ll_isr.o (.text)
                  00016a20    0000006c     StackWrapper.a : osal_cbtimer.o (.text)
                  00016a8c    0000006a     drivers_cc26x2.a : I2CCC26XX.c.obj (.text.I2CSupport_primeTransfer)
                  00016af6    0000006a     nvocmp.o (.text.NVOCMP_verifyCRC)
                  00016b60    0000006a     libc.a : copy_decompress_lzss.c.obj (.text:decompress:lzss)
                  00016bca    00000002     rom_init.o (.text.MAP_llProcessPeriodicScanRxFIFO)
                  00016bcc    00000068     nwt_i2c.o (.text.I2C_read_fsm)
                  00016c34    00000068     icall.o (.text.ICall_enrollService)
                  00016c9c    00000068     icall.o (.text.ICall_send)
                  00016d04    00000068     icall.o (.text.ICall_sendServiceComplete)
                  00016d6c    00000068     rf_multiMode_cc26x2.a : RFCC26X2_multiMode.c.cc26x2.ticlang.o (.text.RF_detachOverrides)
                  00016dd4    00000068     drivers_cc26x2.a : UART2CC26X2.c.obj (.text.UART2Support_dmaStopRx)
                  00016e3c    00000068     two_btn_menu.o (.text.tbm_displayItem)
                  00016ea4    00000068     ti_sysbios_config.o (.text.ti_sysbios_knl_Event_post)
                  00016f0c    00000068     ti_sysbios_config.o (.text.ti_sysbios_knl_Swi_run)
                  00016f74    00000068     OneLib.a : gap_task.o (.text)
                  00016fdc    00000068              : ll.o (.text)
                  00017044    00000068              : ll_ae.o (.text)
                  000170ac    00000068              : ll_common.o (.text)
                  00017114    00000068     StackWrapper.a : osal_timers.o (.text)
                  0001717c    00000066                    : icall_lite_translation.o (.text)
                  000171e2    00000002     rom_init.o (.text.MAP_llSetPeriodicSyncInfo)
                  000171e4    00000064     drivers_cc26x2.a : AESCCMCC26XX.c.obj (.text.AESCCM_hwiFxn)
                  00017248    00000064     display_cc26x2.a : DisplayUart2.c.obj (.text.DisplayUart2Ansi_open)
                  000172ac    00000064     drivers_cc26x2.a : PowerCC26X2_calibrateRCOSC.c.obj (.text.PowerCC26X2_initiateCalibration)
                  00017310    00000064     rf_multiMode_cc26x2.a : RFCC26X2_multiMode.c.cc26x2.ticlang.o (.text.RF_attachOverrides)
                  00017374    00000064                           : RFCC26X2_multiMode.c.cc26x2.ticlang.o (.text.RF_dispatchNextEvent)
                  000173d8    00000064                           : RFCC26X2_multiMode.c.cc26x2.ticlang.o (.text.RF_hwiCpe0PowerFsm)
                  0001743c    00000064     simple_gatt_profile.o (.text.SimpleProfile_AddService)
                  000174a0    00000064     drivers_cc26x2.a : UDMACC26XX.c.obj (.text.UDMACC26XX_open)
                  00017504    00000064     oad.o (.text.oadFindCurrentImageHdr)
                  00017568    00000064     oad.o (.text.oadValidateCandidateHdr)
                  000175cc    00000064     ti_sysbios_config.o (.text.ti_sysbios_gates_GateMutexPri_leave)
                  00017630    00000064     ti_sysbios_config.o (.text.ti_sysbios_knl_Idle_init)
                  00017694    00000064     ti_sysbios_config.o (.text.ti_sysbios_knl_TaskSupport_buildTaskStack)
                  000176f8    00000064     OneLib.a : gapgattserver.o (.text)
                  0001775c    00000064              : gattservapp.o (.text)
                  000177c0    00000064              : gattservapp.o (.text)
                  00017824    00000064              : ll_common.o (.text)
                  00017888    00000064              : ll_scheduler.o (.text)
                  000178ec    00000062     rf_multiMode_cc26x2.a : RFCC26X2_multiMode.c.cc26x2.ticlang.o (.text.RF_syncCb)
                  0001794e    00000002     rom_init.o (.text.MAP_llTerminatePeriodicScan)
                  00017950    00000062     libclang_rt.builtins.a : aeabi_dcmp.S.obj (.text)
                  000179b2    00000002     rom_init.o (.text.MAP_llUpdateCteState)
                  000179b4    00000060     drivers_cc26x2.a : CryptoResourceCC26XX.c.obj (.text.CryptoResourceCC26XX_constructRTOSObjects)
                  00017a14    00000060     nvocmp.o (.text.NVOCMP_checkItem)
                  00017a74    00000060     drivers_cc26x2.a : PKAResourceCC26XX.c.obj (.text.PKAResourceCC26XX_constructRTOSObjects)
                  00017ad4    00000060     simple_gatt_profile.o (.text.SimpleProfile_GetParameter)
                  00017b34    00000060     ti_drivers_config.o (.text.rfDriverCallbackAntennaSwitching)
                  00017b94    00000060     scif_framework.o (.text.scifSetSceOpmode)
                  00017bf4    00000060     osal_icall_ble.o (.text.stack_main)
                  00017c54    00000060     ti_sysbios_config.o (.text.ti_sysbios_knl_Clock_walkQueueDynamic)
                  00017cb4    00000060     ti_sysbios_config.o (.text.ti_sysbios_knl_Semaphore_post)
                  00017d14    00000060     ti_sysbios_config.o (.text.ti_sysbios_knl_Swi_schedule)
                  00017d74    00000060     OneLib.a : ll_common.o (.text)
                  00017dd4    00000060              : sm_pairing.o (.text)
                  00017e34    00000060     StackWrapper.a : gapbondmgr.o (.text)
                  00017e94    0000005e     rf_multiMode_cc26x2.a : rfc.c.cc26x2.ticlang.o (.text.NOROM_RFCAnaDivTxOverride)
                  00017ef2    0000005e     OneLib.a : ll_common.o (.text)
                  00017f50    0000005c     drivers_cc26x2.a : TRNGCC26XX.c.obj (.text.TRNGCC26XX_startTrng)
                  00017fac    0000005c     rf_multiMode_cc26x2.a : rf_patch_mce_bt5.c.cc26x2.ticlang.o (.text.rf_patch_mce_bt5)
                  00018008    0000005c     OneLib.a : gap_perilinkmgr.o (.text)
                  00018064    0000005c              : ll_scheduler.o (.text)
                  000180c0    0000005c              : sm_intpairing.o (.text)
                  0001811c    0000005c              : sm_rsppairing.o (.text)
                  00018178    0000005c     StackWrapper.a : gapbondmgr.o (.text)
                  000181d4    0000005a     OneLib.a : hci.o (.text)
                  0001822e    00000002     rom_init.o (.text.MAP_llUpdatePeriodicAdvChainPacket)
                  00018230    00000058     BQ27427.o (.text.BQ27427_i2cWriteBytes)
                  00018288    00000058     drivers_cc26x2.a : ECDHCC26X2.c.obj (.text.ECDH_construct)
                  000182e0    00000058     icall.o (.text.HEAPMGR_GETLARGESTFREEBUF)
                  00018338    00000058     icall.o (.text.ICall_fetchMsg)
                  00018390    00000058     rf_multiMode_cc26x2.a : RFCC26X2_multiMode.c.cc26x2.ticlang.o (.text.RF_applyRfCorePatch)
                  000183e8    00000058     drivers_cc26x2.a : TRNGCC26XX.c.obj (.text.TRNG_init)
                  00018440    00000058     sysbios.a : Hwi_asm_switch_gcc.s.obj (.text.ti_sysbios_family_arm_m3_Hwi_initStacks)
                  00018498    00000058     OneLib.a : gap_scanner.o (.text)
                  000184f0    00000058              : ll_ae.o (.text)
                  00018548    00000058              : ll_common.o (.text)
                  000185a0    00000058              : ll_enc.o (.text)
                  000185f8    00000058              : ll_isr.o (.text)
                  00018650    00000058              : sm_pairing.o (.text)
                  000186a8    00000058     StackWrapper.a : sm_ecc.o (.text)
                  00018700    00000056     drivers_cc26x2.a : StructRingBuf.c.obj (.text.StructRingBuf_put)
                  00018756    00000056                      : UART2.c.obj (.text.UART2_readCancel)
                  000187ac    00000056     ti_sysbios_config.o (.text.ti_sysbios_knl_Mailbox_pend)
                  00018802    00000056     StackWrapper.a : gapbondmgr.o (.text)
                  00018858    00000054     drivers_cc26x2.a : AESCCMCC26XX.c.obj (.text.AESCCM_construct)
                  000188ac    00000054     BQ27427.o (.text.BQ27427_enterConfig)
                  00018900    00000054     drivers_cc26x2.a : I2CCC26XX.c.obj (.text.I2CCC26XX_initHw)
                  00018954    00000054     icall.o (.text.ICall_registerApp)
                  000189a8    00000054     nvocmp.o (.text.NVOCMP_compactNvApi)
                  000189fc    00000054     nvocmp.o (.text.NVOCMP_getDstPage)
                  00018a50    00000054     nwt_reboot.o (.text.REBOOT_taskFxn)
                  00018aa4    00000054     rf_multiMode_cc26x2.a : RFCC26X2_multiMode.c.cc26x2.ticlang.o (.text.RF_getCurrentTime)
                  00018af8    00000054     util.o (.text.Util_constructClock)
                  00018b4c    00000054     shared.o (.text.init_semaphore)
                  00018ba0    00000054     OneLib.a : gattservapp.o (.text)
                  00018bf4    00000054              : hci_event.o (.text)
                  00018c48    00000054              : linkdb.o (.text)
                  00018c9c    00000054              : ll.o (.text)
                  00018cf0    00000054              : ll_ae.o (.text)
                  00018d44    00000054              : ll_ae.o (.text)
                  00018d98    00000054              : ll_ae.o (.text)
                  00018dec    00000052     driverlib.lib : chipinfo.o (.text.NOROM_ChipInfo_GetHwRevision)
                  00018e3e    00000052     OneLib.a : gap_centlinkmgr.o (.text)
                  00018e90    00000050     ti_drivers_config.o (.text.Board_shutDownExtFlash)
                  00018ee0    00000050     display_cc26x2.a : Display.c.obj (.text.Display_doOpen)
                  00018f30    00000050     nvocmp.o (.text.NVOCMP_loadApiPtrsMin)
                  00018f80    00000050     rf_multiMode_cc26x2.a : RFCC26X2_multiMode.c.cc26x2.ticlang.o (.text.RF_wakeupNotification)
                  00018fd0    00000050     simple_peripheral_oad_onchip.o (.text.SimplePeripheral_doSelectConn)
                  00019020    00000050     ti_sysbios_config.o (.text.ti_sysbios_family_arm_m3_Hwi_excHandlerMin)
                  00019070    00000050     ti_sysbios_config.o (.text.ti_sysbios_knl_Swi_post)
                  000190c0    00000050     ti_sysbios_config.o (.text.ti_sysbios_knl_Swi_runLoop)
                  00019110    00000050     ti_sysbios_config.o (.text.ti_sysbios_knl_Task_schedule)
                  00019160    00000050     OneLib.a : gap_perilinkmgr.o (.text)
                  000191b0    00000050              : gattservapp.o (.text)
                  00019200    00000050              : hci_tl.o (.text)
                  00019250    00000050              : ll_enc.o (.text)
                  000192a0    00000050     StackWrapper.a : osal.o (.text)
                  000192f0    00000050                    : osal_clock.o (.text)
                  00019340    0000004e     drivers_cc26x2.a : AESECBCC26XX.c.obj (.text.AESECB_startOperation)
                  0001938e    0000004e     ti_drivers_config.o (.text.Board_sendExtFlashByte)
                  000193dc    0000004e     nvocmp.o (.text.NVOCMP_readItem)
                  0001942a    0000004e     StackWrapper.a : gap.o (.text)
                  00019478    0000004c     ti_sysbios_config.o (.text.BIOS_startFunc)
                  000194c4    0000004c     drivers_cc26x2.a : CryptoUtils.c.obj (.text.CryptoUtils_reverseCopyPad)
                  00019510    0000004c     icall.o (.text.ICall_newTask)
                  0001955c    0000004c     driverlib.lib : osc.o (.text.NOROM_OSC_HPOSCRelativeFrequencyOffsetGet)
                  000195a8    0000004c     nvocmp.o (.text.NVOCMP_setItemInactive)
                  000195f4    0000004c     drivers_cc26x2.a : NVSCC26XX.c.obj (.text.NVSCC26XX_init)
                  00019640    0000004c                      : NVSCC26XX.c.obj (.text.NVSCC26XX_read)
                  0001968c    0000004c     rf_multiMode_cc26x2.a : RFCC26X2_multiMode.c.cc26x2.ticlang.o (.text.RF_fsmXOSCState)
                  000196d8    0000004c     drivers_cc26x2.a : StructRingBuf.c.obj (.text.StructRingBuf_get)
                  00019724    0000004c     rf_multiMode_cc26x2.a : rf_patch_cpe_bt5.c.cc26x2.ticlang.o (.text.configureBt5Patch)
                  00019770    0000004c     drivers_cc26x2.a : PowerCC26X2.c.obj (.text.switchXOSCHF)
                  000197bc    0000004c     ti_sysbios_config.o (.text.ti_sysbios_knl_Swi_Instance_init)
                  00019808    0000004c     ti_sysbios_config.o (.text.ti_sysbios_runtime_Startup_exec)
                  00019854    0000004c     OneLib.a : ble.o (.text)
                  000198a0    0000004c              : ll_common.o (.text)
                  000198ec    0000004c              : ll_scheduler.o (.text)
                  00019938    0000004c              : ll_scheduler.o (.text)
                  00019984    0000004c     StackWrapper.a : gattservapp_util.o (.text)
                  000199d0    00000048     BQ27427.o (.text.BQ27427_exitConfig)
                  00019a18    00000048     rom_init.o (.text.MAP_llInitFeatureSet)
                  00019a60    00000048     driverlib.lib : aux_sysif.o (.text.NOROM_AUXSYSIFOpModeChange)
                  00019aa8    00000048     rf_multiMode_cc26x2.a : rfc.c.cc26x2.ticlang.o (.text.NOROM_RFCSynthPowerDown)
                  00019af0    00000048     drivers_cc26x2.a : NVS.c.obj (.text.NVS_open)
                  00019b38    00000048                      : PowerCC26X2.c.obj (.text.PowerCC26XX_switchXOSC_HF)
                  00019b80    00000048     simple_peripheral_oad_onchip.o (.text.SimplePeripheral_clearConnListEntry)
                  00019bc8    00000048     ti_sysbios_config.o (.text.ti_sysbios_family_arm_cc26xx_Timer_start)
                  00019c10    00000048     OneLib.a : att_util.o (.text)
                  00019c58    00000048              : gattservapp.o (.text)
                  00019ca0    00000048              : ll.o (.text)
                  00019ce8    00000048              : ll.o (.text)
                  00019d30    00000048              : ll.o (.text)
                  00019d78    00000048              : ll_common.o (.text)
                  00019dc0    00000048              : ll_common.o (.text)
                  00019e08    00000048     libclang_rt.builtins.a : fixdfsi.S.obj (.text)
                  00019e50    00000046     drivers_cc26x2.a : RingBuf.c.obj (.text.RingBuf_put)
                  00019e96    00000002     rf_multiMode_cc26x2.a : rfc.c.cc26x2.ticlang.o (.text.NOROM_RFCCpePatchReset)
                  00019e98    00000044     ti_sysbios_config.o (.text.BIOS_atExitFunc)
                  00019edc    00000044     EEPROM.o (.text.EEPROM_Read)
                  00019f20    00000044     drivers_cc26x2.a : GPIOCC26X2.c.obj (.text.GPIO_hwiIntFxn)
                  00019f64    00000044     nwt_i2c.o (.text.I2C_GET_SENSOR_ODR)
                  00019fa8    00000044     icall.o (.text.ICall_getEntityId)
                  00019fec    00000044     driverlib.lib : prcm.o (.text.NOROM_PRCMPowerDomainsAllOff)
                  0001a030    00000044                   : prcm.o (.text.NOROM_PRCMPowerDomainsAllOn)
                  0001a074    00000044     rf_multiMode_cc26x2.a : RFCC26X2_multiMode.c.cc26x2.ticlang.o (.text.RF_cmdGet)
                  0001a0b8    00000044                           : RFCC26X2_multiMode.c.cc26x2.ticlang.o (.text.RF_updatePowerupDuration)
                  0001a0fc    00000044     two_btn_menu.o (.text.tbm_goTo)
                  0001a140    00000044     ti_sysbios_config.o (.text.ti_sysbios_family_arm_m3_Hwi_Instance_finalize)
                  0001a184    00000044     ti_sysbios_config.o (.text.ti_sysbios_family_arm_m3_Hwi_construct2)
                  0001a1c8    00000044     ti_sysbios_config.o (.text.ti_sysbios_family_arm_m3_Hwi_disableInterrupt)
                  0001a20c    00000044     ti_sysbios_config.o (.text.ti_sysbios_family_arm_m3_Hwi_enableInterrupt)
                  0001a250    00000044     ti_sysbios_config.o (.text.ti_sysbios_knl_Swi_restore)
                  0001a294    00000044     OneLib.a : ll.o (.text)
                  0001a2d8    00000044              : ll.o (.text)
                  0001a31c    00000044              : ll_ae.o (.text)
                  0001a360    00000044     StackWrapper.a : osal.o (.text)
                  0001a3a4    00000044                    : osal_timers.o (.text)
                  0001a3e8    00000044     libclang_rt.builtins.a : fixunsdfsi.S.obj (.text)
                  0001a42c    00000042     simple_peripheral_oad_onchip.o (.text.SimplePeripheral_passcodeCb)
                  0001a46e    00000042     OneLib.a : ll.o (.text)
                  0001a4b0    00000042              : ll_ae.o (.text)
                  0001a4f2    00000042              : ll_common.o (.text)
                  0001a534    00000040     drivers_cc26x2.a : AESCTRDRBGXX.c.obj (.text.AESCTRDRBGXX_addBigendCounter)
                  0001a574    00000040                      : ECDHCC26X2.c.obj (.text.ECDHCC26X2_waitForResult)
                  0001a5b4    00000040     icall.o (.text.ICall_setTimerMSecs)
                  0001a5f4    00000040     drivers_cc26x2.a : PowerCC26X2_calibrateRCOSC.c.obj (.text.PowerCC26X2_RCOSC_clockFunc)
                  0001a634    00000040                      : PowerCC26X2_calibrateRCOSC_helpers.c.obj (.text.PowerCC26X2_setAclkRefSrc)
                  0001a674    00000040     oad_reset_service.o (.text.ResetWriteAttrCB)
                  0001a6b4    00000040     simple_peripheral_oad_onchip.o (.text.SimplePeripheral_stopAutoPhyChange)
                  0001a6f4    00000040     util.o (.text.Util_convertBdAddr2Str)
                  0001a734    00000040     util.o (.text.Util_rescheduleClock)
                  0001a774    00000040     drivers_cc26x2.a : NVSCC26XX.c.obj (.text.disableFlashCache)
                  0001a7b4    00000040     simple_peripheral_oad_onchip.o (.text.sp_enable_advertising)
                  0001a7f4    00000040     two_btn_menu.o (.text.tbm_findActiveItem)
                  0001a834    00000040     ti_sysbios_config.o (.text.ti_sysbios_knl_Clock_getTicksUntilInterrupt)
                  0001a874    00000040     ti_sysbios_config.o (.text.ti_sysbios_knl_Task_exit)
                  0001a8b4    00000040     OneLib.a : gap_configmgr.o (.text)
                  0001a8f4    00000040              : gattservapp.o (.text)
                  0001a934    00000040              : ll_common.o (.text)
                  0001a974    00000040              : ll_common.o (.text)
                  0001a9b4    00000040              : sm_intpairing.o (.text)
                  0001a9f4    00000040     StackWrapper.a : osal.o (.text)
                  0001aa34    00000040                    : osal_bufmgr.o (.text)
                  0001aa74    00000040                    : osal_bufmgr.o (.text)
                  0001aab4    00000040                    : osal_timers.o (.text)
                  0001aaf4    0000003e     OneLib.a : ll_common.o (.text)
                  0001ab32    00000002     rf_multiMode_cc26x2.a : RFCC26X2_multiMode.c.cc26x2.ticlang.o (.text.RF_defaultCallback)
                  0001ab34    0000003c     drivers_cc26x2.a : GPIO.c.obj (.text.GPIO_resetConfig)
                  0001ab70    0000003c     ti_sysbios_config.o (.text.HwiP_construct)
                  0001abac    0000003c     icall.o (.text.ICall_dispatch)
                  0001abe8    0000003c     driverlib.lib : sys_ctrl.o (.text.NOROM_SysCtrlIdle)
                  0001ac24    0000003c     nvocmp.o (.text.NVOCMP_getFreeNvApi)
                  0001ac60    0000003c     oad.o (.text.OAD_setBlockSize)
                  0001ac9c    0000003c     drivers_cc26x2.a : PowerCC26X2_calibrateRCOSC_helpers.c.obj (.text.PowerCC26X2_setTdcClkSrc24M)
                  0001acd8    0000003c     simple_peripheral_oad_onchip.o (.text.SimplePeripheral_clockHandler)
                  0001ad14    0000003c     ti_sysbios_config.o (.text.ti_sysbios_family_arm_cc26xx_Timer_periodicStub)
                  0001ad50    0000003c     ti_sysbios_config.o (.text.ti_sysbios_family_arm_cc26xx_Timer_setThreshold)
                  0001ad8c    0000003c     ti_sysbios_config.o (.text.ti_sysbios_heaps_HeapCallback_construct)
                  0001adc8    0000003c     ti_sysbios_config.o (.text.ti_sysbios_knl_ClockSupport_init)
                  0001ae04    0000003c     ti_sysbios_config.o (.text.ti_sysbios_knl_Task_blockI)
                  0001ae40    0000003c     ti_sysbios_config.o (.text.ti_sysbios_knl_Task_create)
                  0001ae7c    0000003c     ti_sysbios_config.o (.text.ti_sysbios_knl_Task_restore)
                  0001aeb8    0000003c     ti_sysbios_config.o (.text.ti_sysbios_runtime_Error_raiseX)
                  0001aef4    0000003c     ti_sysbios_config.o (.text.ti_sysbios_runtime_Memory_alloc)
                  0001af30    0000003c     OneLib.a : gap_linkmgr.o (.text)
                  0001af6c    0000003c              : gattservapp.o (.text)
                  0001afa8    0000003c              : gattservapp.o (.text)
                  0001afe4    0000003c              : gattservapp.o (.text)
                  0001b020    0000003c              : hci_event.o (.text)
                  0001b05c    0000003c              : hci_tl.o (.text)
                  0001b098    0000003c              : linkdb.o (.text)
                  0001b0d4    0000003c              : ll_ae.o (.text)
                  0001b110    0000003c     StackWrapper.a : osal.o (.text)
                  0001b14c    0000003c                    : osal.o (.text)
                  0001b188    0000003c                    : osal.o (.text)
                  0001b1c4    0000003c                    : osal_timers.o (.text)
                  0001b200    0000003c                    : sm_ecc.o (.text)
                  0001b23c    0000003a     drivers_cc26x2.a : CryptoUtils.c.obj (.text.CryptoUtils_copyPad)
                  0001b276    0000003a     nwt_i2c.o (.text.half_to_uint16)
                  0001b2b0    0000003a     StackWrapper.a : osal.o (.text)
                  0001b2ea    00000002     drivers_cc26x2.a : UART2CC26X2.c.obj (.text.UART2CC26X2_eventCallback)
                  0001b2ec    00000038                      : AESCTRCC26XX.c.obj (.text.AESCTR_cleanup)
                  0001b324    00000038                      : AESECBCC26XX.c.obj (.text.AESECB_cleanup)
                  0001b35c    00000038     nwt_i2c.o (.text.I2C_createTask)
                  0001b394    00000038     icall.o (.text.ICall_heapFree)
                  0001b3cc    00000038     icall.o (.text.ICall_searchServiceEntity)
                  0001b404    00000038     nvocmp.o (.text.NVOCMP_disableCache)
                  0001b43c    00000038     nvocmp.o (.text.NVOCMP_write)
                  0001b474    00000038     drivers_cc26x2.a : PowerCC26X2_helpers.c.obj (.text.PowerCC26X2_oscDisableQualifiers)
                  0001b4ac    00000038     nwt_reboot.o (.text.REBOOT_createTask)
                  0001b4e4    00000038     drivers_cc26x2.a : Random.c.obj (.text.Random_getNumber)
                  0001b51c    00000038                      : RingBuf.c.obj (.text.RingBuf_putAdvance)
                  0001b554    00000038     nwt_sc.o (.text.SC_createTask)
                  0001b58c    00000038     simple_peripheral_oad_onchip.o (.text.SimplePeripheral_createTask)
                  0001b5c4    00000038     simple_peripheral_oad_onchip.o (.text.SimplePeripheral_setPhy)
                  0001b5fc    00000038     drivers_cc26x2.a : UDMACC26XX.c.obj (.text.UDMACC26XX_close)
                  0001b634    00000038     rf_multiMode_cc26x2.a : rf_patch_cpe_bt5.c.cc26x2.ticlang.o (.text.rf_patch_cpe_bt5)
                  0001b66c    00000038     scif_framework.o (.text.scifAckAlertEvents)
                  0001b6a4    00000038     scif_framework.o (.text.scifReinitIo)
                  0001b6dc    00000038     scif_framework.o (.text.scifSetMcuwusel)
                  0001b714    00000038     ti_sysbios_config.o (.text.ti_sysbios_knl_Task_processVitalTaskFlag)
                  0001b74c    00000038     OneLib.a : hci.o (.text)
                  0001b784    00000038              : linkdb.o (.text)
                  0001b7bc    00000038              : ll_ae.o (.text)
                  0001b7f4    00000038              : ll_ae.o (.text)
                  0001b82c    00000038              : ll_enc.o (.text)
                  0001b864    00000038              : ll_scheduler.o (.text)
                  0001b89c    00000038              : ll_scheduler.o (.text)
                  0001b8d4    00000038              : ll_scheduler.o (.text)
                  0001b90c    00000038              : sm_rsppairing.o (.text)
                  0001b944    00000038     StackWrapper.a : gattservapp_util.o (.text)
                  0001b97c    00000038                    : osal_timers.o (.text)
                  0001b9b4    00000038     libc.a : autoinit.c.obj (.text:__TI_auto_init_nobinit_nopinit)
                  0001b9ec    00000038     libclang_rt.builtins.a : extendsfdf2.S.obj (.text)
                  0001ba24    00000036     drivers_cc26x2.a : CryptoUtils.c.obj (.text.CryptoUtils_buffersMatch)
                  0001ba5a    00000036     icall.o (.text.ICall_fetchServiceMsg)
                  0001ba90    00000036     ti_sysbios_config.o (.text.mq_receive)
                  0001bac6    00000036     StackWrapper.a : ble_dispatch_lite.o (.text)
                  0001bafc    00000034     icall.o (.text.ICall_searchTask)
                  0001bb30    00000034     nvocmp.o (.text.NVOCMP_changePageState)
                  0001bb64    00000034     drivers_cc26x2.a : PowerCC26X2_helpers.c.obj (.text.PowerCC26X2_setSubSecIncToXoscLf)
                  0001bb98    00000034                      : PowerCC26X2.c.obj (.text.Power_releaseConstraint)
                  0001bbcc    00000034     rf_multiMode_cc26x2.a : RFCC26X2_multiMode.c.cc26x2.ticlang.o (.text.RF_powerConstraintRelease)
                  0001bc00    00000034                           : RFCC26X2_multiMode.c.cc26x2.ticlang.o (.text.RF_runDirectImmediateCmd)
                  0001bc34    00000034     oad_reset_service.o (.text.Reset_addService)
                  0001bc68    00000034     ti_sysbios_config.o (.text.SwiP_construct)
                  0001bc9c    00000034     drivers_cc26x2.a : UART2CC26X2.c.obj (.text.UART2Support_sendData)
                  0001bcd0    00000034                      : UART2.c.obj (.text.UART2_rxDisable)
                  0001bd04    00000034     util.o (.text.Util_enqueueMsg)
                  0001bd38    00000034     ti_sysbios_config.o (.text._pthread_cleanupFxn)
                  0001bd6c    00000034     flash_interface_int_rtos_NVS.o (.text.eraseFlashPg)
                  0001bda0    00000034     ti_sysbios_config.o (.text.ti_sysbios_family_arm_m3_Hwi_getStackInfo)
                  0001bdd4    00000034     ti_sysbios_config.o (.text.ti_sysbios_family_arm_m3_Hwi_init)
                  0001be08    00000034     ti_sysbios_config.o (.text.ti_sysbios_knl_Clock_Instance_init)
                  0001be3c    00000034     ti_sysbios_config.o (.text.ti_sysbios_knl_Task_unblockI)
                  0001be70    00000034     flash_interface_int_rtos_NVS.o (.text.writeFlash)
                  0001bea4    00000034     flash_interface_int_rtos_NVS.o (.text.writeFlashPg)
                  0001bed8    00000034     OneLib.a : hci.o (.text)
                  0001bf0c    00000034              : ll_ae.o (.text)
                  0001bf40    00000034     StackWrapper.a : gapbondmgr.o (.text)
                  0001bf74    00000034                    : icall_startup.o (.text)
                  0001bfa8    00000034     sysbios.a : boot_cortex_m.c.obj (.text:_c_int00)
                  0001bfdc    00000032     ti_sysbios_config.o (.text.ti_sysbios_knl_Event_pendTimeout)
                  0001c00e    00000032     ti_sysbios_config.o (.text.ti_sysbios_knl_Semaphore_pendTimeout)
                  0001c040    00000030     ti_sysbios_config.o (.text.BIOS_init)
                  0001c070    00000030     BQ27427.o (.text.BQ27427_i2cReadBytes)
                  0001c0a0    00000030     BQ27427.o (.text.BQ27427_readControlWord)
                  0001c0d0    00000030     BQ27427.o (.text.BQ27427_setTerminateVoltageMin)
                  0001c100    00000030     ti_drivers_config.o (.text.Board_wakeUpExtFlash)
                  0001c130    00000030     ti_sysbios_config.o (.text.ClockP_construct)
                  0001c160    00000030     icall.o (.text.ICall_primEntityId2ServiceId)
                  0001c190    00000030     drivers_cc26x2.a : NVSCC26XX.c.obj (.text.NVSCC26XX_erase)
                  0001c1c0    00000030                      : PowerCC26X2.c.obj (.text.Power_setConstraint)
                  0001c1f0    00000030     rf_multiMode_cc26x2.a : RFCC26X2_multiMode.c.cc26x2.ticlang.o (.text.RF_checkCmdFsError)
                  0001c220    00000030     rom_init.o (.text.ROM_Init)
                  0001c250    00000030     simple_peripheral_oad_onchip.o (.text.SimplePeripheral_enqueueMsg)
                  0001c280    00000030     flash_interface_int_rtos_NVS.o (.text.flash_open)
                  0001c2b0    00000030     drivers_cc26x2.a : PowerCC26X2.c.obj (.text.notify)
                  0001c2e0    00000030     oad.o (.text.oadEraseExtFlashPages)
                  0001c310    00000030     oad.o (.text.oadGetNextBlockReq)
                  0001c340    00000030     flash_interface_int_rtos_NVS.o (.text.readFlash)
                  0001c370    00000030     flash_interface_int_rtos_NVS.o (.text.readFlashPg)
                  0001c3a0    00000030     scif_framework.o (.text.scifOsalInit)
                  0001c3d0    00000030     two_btn_menu.o (.text.tbm_initTwoBtnMenu)
                  0001c400    00000030     ti_sysbios_config.o (.text.ti_sysbios_knl_TaskSupport_start)
                  0001c430    00000030     ti_sysbios_config.o (.text.ti_sysbios_runtime_System_atexit)
                  0001c460    00000030     ti_sysbios_config.o (.text.ti_sysbios_runtime_System_processAtExit)
                  0001c490    00000030     OneLib.a : ll.o (.text)
                  0001c4c0    00000030              : ll_scheduler.o (.text)
                  0001c4f0    00000030     StackWrapper.a : osal_timers.o (.text)
                  0001c520    0000002e     driverlib.lib : chipinfo.o (.text.NOROM_ThisLibraryIsFor_CC13x2_CC26x2_HwRev20AndLater_HaltIfViolated)
                  0001c54e    0000002e     rf_multiMode_cc26x2.a : RFCC26X2_multiMode.c.cc26x2.ticlang.o (.text.RF_calculateDeltaTimeUs)
                  0001c57c    0000002e     drivers_cc26x2.a : RingBuf.c.obj (.text.RingBuf_getConsume)
                  0001c5aa    0000002e                      : RingBuf.c.obj (.text.RingBuf_putPointer)
                  0001c5d8    0000002e     simple_peripheral_oad_onchip.o (.text.SimplePeripheral_pairStateCb)
                  0001c606    0000002e     OneLib.a : gattservapp.o (.text)
                  0001c634    0000002e              : gattservapp.o (.text)
                  0001c662    00000002     libclang_rt.builtins.a : aeabi_div0.c.obj (.text.__aeabi_ldiv0)
                  0001c664    0000002e                            : floatsidf.S.obj (.text)
                  0001c692    00000002     libc.a : _lock.c.obj (.text._nop)
                  0001c694    0000002c     BQ27427.o (.text.BQ27427_init)
                  0001c6c0    0000002c     display_cc26x2.a : DisplayUart2.c.obj (.text.DisplayUart2Ansi_clear)
                  0001c6ec    0000002c     main.o (.text.I2C_INIT)
                  0001c718    0000002c     icall_cc2650.o (.text.ICallPlatform_pwrDispenseImpl)
                  0001c744    0000002c     icall_cc2650.o (.text.ICallPlatform_pwrRequireImpl)
                  0001c770    0000002c     icall.o (.text.ICall_getLocalMsgEntityId)
                  0001c79c    0000002c     icall.o (.text.ICall_init)
                  0001c7c8    0000002c     nvocmp.o (.text.NVOCMP_setCompactHdr)
                  0001c7f4    0000002c     drivers_cc26x2.a : NVS.c.obj (.text.NVS_init)
                  0001c820    0000002c     ti_sysbios_config.o (.text.PowerCC26XX_schedulerDisable)
                  0001c84c    0000002c     rf_multiMode_cc26x2.a : RFCC26X2_multiMode.c.cc26x2.ticlang.o (.text.RF_executeDirectImmediateCmd)
                  0001c878    0000002c     drivers_cc26x2.a : TRNGCC26XX.c.obj (.text.TRNGCC26XX_stopTrng)
                  0001c8a4    0000002c                      : UART2CC26X2.c.obj (.text.UART2CC26X2_getRxData)
                  0001c8d0    0000002c     ti_sysbios_config.o (.text._pthread_delete)
                  0001c8fc    0000002c     simple_peripheral_oad_onchip.o (.text.sp_disable_advertising)
                  0001c928    0000002c     ti_sysbios_config.o (.text.ti_sysbios_knl_Clock_getTicks)
                  0001c954    0000002c     ti_sysbios_config.o (.text.ti_sysbios_knl_Clock_getTimeout)
                  0001c980    0000002c     ti_sysbios_config.o (.text.ti_sysbios_knl_Swi_setPri)
                  0001c9ac    0000002c     ti_sysbios_config.o (.text.ti_sysbios_knl_Task_restoreHwi)
                  0001c9d8    0000002c     OneLib.a : gatt_task.o (.text)
                  0001ca04    0000002c              : gattservapp.o (.text)
                  0001ca30    0000002c              : ll_common.o (.text)
                  0001ca5c    0000002c     StackWrapper.a : hal_assert.o (.text)
                  0001ca88    0000002c                    : osal_bufmgr.o (.text)
                  0001cab4    0000002a     BQ27427.o (.text.BQ27427_computeBlockChecksum)
                  0001cade    0000002a     BQ27427.o (.text.BQ27427_setTaperRateTime)
                  0001cb08    0000002a     driverlib.lib : osc.o (.text.NOROM_OSCHF_TurnOnXosc)
                  0001cb32    0000002a     simple_peripheral_oad_onchip.o (.text.SimplePeripheral_advCallback)
                  0001cb5c    0000002a     drivers_cc26x2.a : TRNGCC26XX.c.obj (.text.TRNG_generateKey)
                  0001cb86    0000002a                      : UART2CC26X2.c.obj (.text.UART2Support_powerRelConstraint)
                  0001cbb0    0000002a     ti_sysbios_config.o (.text.ti_sysbios_family_arm_cc26xx_Timer_setNextTick)
                  0001cbda    0000002a     ti_sysbios_config.o (.text.ti_sysbios_knl_Task_allBlockedFunction)
                  0001cc04    00000028     ti_sysbios_config.o (.text.BIOS_registerRTSLock)
                  0001cc2c    00000028     BQ27427.o (.text.BQ27427_setSLEEPenable)
                  0001cc54    00000028     devinfoservice.o (.text.DevInfo_AddService)
                  0001cc7c    00000028     drivers_cc26x2.a : I2C.c.obj (.text.I2C_cancel)
                  0001cca4    00000028     icall.o (.text.ICall_createRemoteTasks)
                  0001cccc    00000028     icall.o (.text.ICall_getMaxMSecs)
                  0001ccf4    00000028     icall.o (.text.ICall_heapGetStats)
                  0001cd1c    00000028     icall.o (.text.ICall_sendServiceMsg)
                  0001cd44    00000028     drivers_cc26x2.a : List.c.obj (.text.List_remove)
                  0001cd6c    00000028     driverlib.lib : chipinfo.o (.text.NOROM_ChipInfo_GetChipFamily)
                  0001cd94    00000028     drivers_cc26x2.a : PowerCC26X2.c.obj (.text.PowerCC26XX_isStableXOSC_HF)
                  0001cdbc    00000028     rf_multiMode_cc26x2.a : RFCC26X2_multiMode.c.cc26x2.ticlang.o (.text.RF_cmdStoreEvents)
                  0001cde4    00000028     scif_framework.o (.text.osalCtrlReadyIsr)
                  0001ce0c    00000028     scif_framework.o (.text.scifUninitIo)
                  0001ce34    00000028     sysbios.a : Hwi_asm_gcc.s.obj (.text.ti_sysbios_family_arm_m3_Hwi_excHandlerAsm)
                  0001ce5c    00000028     ti_sysbios_config.o (.text.ti_sysbios_knl_Semaphore_Instance_init)
                  0001ce84    00000028     ti_sysbios_config.o (.text.ti_sysbios_knl_Swi_init)
                  0001ceac    00000028     sysbios.a : TaskSupport_asm_gcc.s.obj (.text.ti_sysbios_knl_TaskSupport_swap)
                  0001ced4    00000028     ti_sysbios_config.o (.text.ti_sysbios_knl_Task_construct)
                  0001cefc    00000028     ti_sysbios_config.o (.text.ti_sysbios_knl_Task_init)
                  0001cf24    00000028     OneLib.a : gattservapp.o (.text)
                  0001cf4c    00000028              : ll.o (.text)
                  0001cf74    00000028              : ll_common.o (.text)
                  0001cf9c    00000028     StackWrapper.a : osal.o (.text)
                  0001cfc4    00000028                    : osal_snv_wrapper.o (.text)
                  0001cfec    00000028                    : osal_snv_wrapper.o (.text)
                  0001d014    00000028                    : osal_snv_wrapper.o (.text)
                  0001d03c    00000026     drivers_cc26x2.a : AESCTRDRBGXX.c.obj (.text.AESCTRDRBG_generateKey)
                  0001d062    00000026     icall.o (.text.ICall_msgEnqueue)
                  0001d088    00000026     drivers_cc26x2.a : List.c.obj (.text.List_insert)
                  0001d0ae    00000026                      : List.c.obj (.text.List_putHead)
                  0001d0d4    00000026     rf_multiMode_cc26x2.a : RFCC26X2_multiMode.c.cc26x2.ticlang.o (.text.RF_runScheduleCmd)
                  0001d0fa    00000026     simple_peripheral_oad_onchip.o (.text.SimplePeripheral_charValueChangeCB)
                  0001d120    00000026     simple_peripheral_oad_onchip.o (.text.SimplePeripheral_keyChangeHandler)
                  0001d146    00000026     drivers_cc26x2.a : UART2CC26X2.c.obj (.text.UART2Support_powerSetConstraint)
                  0001d16c    00000026     ti_sysbios_config.o (.text.ti_sysbios_knl_Clock_create)
                  0001d192    00000026     StackWrapper.a : gattservapp_util.o (.text)
                  0001d1b8    00000024     drivers_cc26x2.a : AESCTRCC26XX.c.obj (.text.AESCTR_setOperationInProgress)
                  0001d1dc    00000024     ti_sysbios_config.o (.text.BIOS_removeRTSLock)
                  0001d200    00000024     display_cc26x2.a : Display.c.obj (.text.Display_doInit)
                  0001d224    00000024     drivers_cc26x2.a : List.c.obj (.text.List_put)
                  0001d248    00000024                      : PowerCC26X2_helpers.c.obj (.text.PowerCC26X2_getOscHfSourceReady)
                  0001d26c    00000024                      : PowerCC26X2_calibrateRCOSC_helpers.c.obj (.text.PowerCC26X2_writeCtrim)
                  0001d290    00000024                      : PowerCC26X2_calibrateRCOSC_helpers.c.obj (.text.PowerCC26X2_writeCtrimFract)
                  0001d2b4    00000024                      : PowerCC26X2_calibrateRCOSC_helpers.c.obj (.text.PowerCC26X2_writeCtrimFractEn)
                  0001d2d8    00000024                      : PowerCC26X2_calibrateRCOSC_helpers.c.obj (.text.PowerCC26X2_writeRtrim)
                  0001d2fc    00000024                      : PowerCC26X2.c.obj (.text.Power_registerNotify)
                  0001d320    00000024     rf_multiMode_cc26x2.a : RFCC26X2_multiMode.c.cc26x2.ticlang.o (.text.RF_clkPowerUp)
                  0001d344    00000024                           : RFCC26X2_multiMode.c.cc26x2.ticlang.o (.text.RF_hwiCpe0ChangePhy)
                  0001d368    00000024                           : RFCC26X2_multiMode.c.cc26x2.ticlang.o (.text.RF_isStateTransitionAllowed)
                  0001d38c    00000024                           : RFCC26X2_multiMode.c.cc26x2.ticlang.o (.text.RF_searchAndReplacePAOverride)
                  0001d3b0    00000024     ti_sysbios_config.o (.text.SemaphoreP_createBinary)
                  0001d3d4    00000024     drivers_cc26x2.a : NVSCC26XX.c.obj (.text.restoreFlashCache)
                  0001d3f8    00000024     scif.o (.text.scifDriverSetupInit)
                  0001d41c    00000024     two_btn_menu.o (.text.tbm_getNumDisplayItem)
                  0001d440    00000024     two_btn_menu.o (.text.tbm_setItemStatus)
                  0001d464    00000024     ti_sysbios_config.o (.text.ti_sysbios_family_arm_m3_Hwi_construct)
                  0001d488    00000024     ti_sysbios_config.o (.text.ti_sysbios_knl_Semaphore_create)
                  0001d4ac    00000024     ti_sysbios_config.o (.text.ti_sysbios_knl_Semaphore_destruct)
                  0001d4d0    00000024     ti_sysbios_config.o (.text.ti_sysbios_knl_Task_enter)
                  0001d4f4    00000024     nwt_i2c.o (.text.uint16_to_half)
                  0001d518    00000024     OneLib.a : gapgattserver.o (.text)
                  0001d53c    00000024              : gatt_server.o (.text)
                  0001d560    00000024              : ll_common.o (.text)
                  0001d584    00000024              : ll_isr.o (.text)
                  0001d5a8    00000024     StackWrapper.a : ble_dispatch_lite.o (.text)
                  0001d5cc    00000024                    : gapbondmgr.o (.text)
                  0001d5f0    00000024                    : osal.o (.text)
                  0001d614    00000024                    : osal.o (.text)
                  0001d638    00000024                    : osal_timers.o (.text)
                  0001d65c    00000024                    : osal_timers.o (.text)
                  0001d680    00000022     drivers_cc26x2.a : List.c.obj (.text.List_get)
                  0001d6a2    00000022     oad.o (.text.OAD_getSWVersion)
                  0001d6c4    00000022     rf_multiMode_cc26x2.a : RFCC26X2_multiMode.c.cc26x2.ticlang.o (.text.RF_queueEnd)
                  0001d6e6    00000022     drivers_cc26x2.a : RingBuf.c.obj (.text.RingBuf_getPointer)
                  0001d708    00000022     nvocmp.o (.text.memcmp)
                  0001d72a    00000022     ti_sysbios_config.o (.text.ti_sysbios_gates_GateMutexPri_insertPri)
                  0001d74c    00000022     OneLib.a : gatt_server.o (.text)
                  0001d76e    00000002     drivers_cc26x2.a : PowerCC26X2.c.obj (.text.emptyClockFunc)
                  0001d770    00000020     driverlib.lib : aes.o (.text.AESReadNonAuthenticationModeIV)
                  0001d790    00000020     BQ27427.o (.text.BQ27427_executeControlWord)
                  0001d7b0    00000020     BQ27427.o (.text.BQ27427_unseal)
                  0001d7d0    00000020     crc32.o (.text.CRC32_value)
                  0001d7f0    00000020     drivers_cc26x2.a : ECDHCC26X2.c.obj (.text.ECDHCC26X2_internalCallbackFxn)
                  0001d810    00000020     icall.o (.text.ICall_primRepostSync)
                  0001d830    00000020     nwt_sc.o (.text.MAGFieldDetFxn)
                  0001d850    00000020     driverlib.lib : pka.o (.text.NOROM_PKAClearPkaRam)
                  0001d870    00000020     rf_multiMode_cc26x2.a : rfc.c.cc26x2.ticlang.o (.text.NOROM_RFCDoorbellSendTo)
                  0001d890    00000020                           : rfc.c.cc26x2.ticlang.o (.text.NOROM_RFCOverrideSearch)
                  0001d8b0    00000020     drivers_cc26x2.a : NVSCC26XX.c.obj (.text.NVSCC26XX_getAttrs)
                  0001d8d0    00000020                      : PowerCC26X2_helpers.c.obj (.text.PowerCC26X2_disableTCXOQual)
                  0001d8f0    00000020                      : PowerCC26X2_helpers.c.obj (.text.PowerCC26X2_enableTCXOQual)
                  0001d910    00000020     ti_sysbios_config.o (.text.PowerCC26XX_schedulerRestore)
                  0001d930    00000020     drivers_cc26x2.a : PowerCC26X2.c.obj (.text.Power_unregisterNotify)
                  0001d950    00000020     rf_multiMode_cc26x2.a : RFCC26X2_multiMode.c.cc26x2.ticlang.o (.text.RF_cmdAlloc)
                  0001d970    00000020                           : RFCC26X2_multiMode.c.cc26x2.ticlang.o (.text.RF_getRssi)
                  0001d990    00000020                           : RFCC26X2_multiMode.c.cc26x2.ticlang.o (.text.RF_invokeGlobalCallback)
                  0001d9b0    00000020                           : RFCC26X2_multiMode.c.cc26x2.ticlang.o (.text.RF_ratIsRunning)
                  0001d9d0    00000020                           : RFCC26X2_multiMode.c.cc26x2.ticlang.o (.text.RF_setTxPower)
                  0001d9f0    00000020     ti_sysbios_config.o (.text.SemaphoreP_constructBinary)
                  0001da10    00000020     simple_peripheral_oad_onchip.o (.text.SimplePeripheral_getConnIndex)
                  0001da30    00000020     flash_interface_int_rtos_NVS.o (.text.flash_close)
                  0001da50    00000020     shared.o (.text.init_display)
                  0001da70    00000020     ti_sysbios_config.o (.text.ti_sysbios_family_arm_m3_Hwi_clearInterrupt)
                  0001da90    00000020     ti_sysbios_config.o (.text.ti_sysbios_family_arm_m3_Hwi_initStack)
                  0001dab0    00000020     ti_sysbios_config.o (.text.ti_sysbios_gates_GateMutexPri_Instance_init)
                  0001dad0    00000020     ti_sysbios_config.o (.text.ti_sysbios_knl_Semaphore_delete)
                  0001daf0    00000020     ti_sysbios_config.o (.text.ti_sysbios_knl_Task_delete)
                  0001db10    00000020     ti_sysbios_config.o (.text.ti_sysbios_knl_Task_destruct)
                  0001db30    00000020     OneLib.a : gattservapp.o (.text)
                  0001db50    00000020              : ll.o (.text)
                  0001db70    00000020              : ll_isr.o (.text)
                  0001db90    00000020              : ll_isr.o (.text)
                  0001dbb0    00000020              : ll_isr.o (.text)
                  0001dbd0    00000020              : ll_rat.o (.text)
                  0001dbf0    00000020              : sm_intpairing.o (.text)
                  0001dc10    00000020              : sm_rsppairing.o (.text)
                  0001dc30    00000020     StackWrapper.a : gattservapp_util.o (.text)
                  0001dc50    00000020                    : osal_cbtimer.o (.text)
                  0001dc70    00000020                    : osal_snv_wrapper.o (.text)
                  0001dc90    0000001e     driverlib.lib : flash.o (.text.NOROM_FlashProgram)
                  0001dcae    0000001e                   : flash.o (.text.NOROM_FlashSectorErase)
                  0001dccc    0000001e     drivers_cc26x2.a : UART2.c.obj (.text.UART2_writeTimeout)
[...]
20002ce9  advertising_initialized                                            
20002cea  reconfig_mlc_flag                                                  
20002cee  resetConnHandle                                                    
20002cf0  sn                                                                 
20002cf2  iter_counter                                                       
20002cf4  sw_v                                                               
20002cf8  delta_thr                                                          
20002cfc  delta_thr_off                                                      
20002d5a  metaPage                                                           
20002da6  bleUserCfg_maxPduSize                                              
20002df8  eccParams_NISTP256                                                 
20002e1c  pOverrides_ble2Mbps                                                
20002e5c  advParams1                                                         
20002e78  advParams2                                                         
20002e94  pOverrides_bleTx20                                                 
20002eb0  pOverrides_bleTxStd                                                
20002ee6  disconnectImmedConnId                                              
20002ee8  pOverrides_ble1Mbps                                                
20002f00  scanResData1                                                       
20002f16  llUserConfig_maxPduSize                                            
20002f30  ICall_enterCriticalSection                                         
20002f34  ICall_leaveCriticalSection                                         
20002f38  heapmgrMemFreeTotal                                                
20002f54  DisplayUart2Ansi_escInitial                                        
20002f9c  RF_modeBle                                                         
20002fac  _hposcCoeffs                                                       
20002fbc  bleAppServiceInfoTable                                             
20002fcc  pOverrides_bleCoded                                                
20002ffc  user0Cfg                                                           
2000300c  gattAttrTbl_gatt_no_service_changed                                
2000301c  sizeInfo                                                           
2000302c  pairMode                                                           
2000302d  mitm                                                               
2000302e  ioCap                                                              
2000302f  bonding                                                            
20003030  secureConnection                                                   
20003031  authenPairingOnly                                                  
20003032  autoSyncWL                                                         
20003033  eccReGenPolicy                                                     
20003034  KeySize                                                            
20003035  removeLRUBond                                                      
20003036  KeyDistList                                                        
20003037  eccDebugKeys                                                       
20003038  allowDebugKeys                                                     
20003039  eraseBondWhileInConn                                               
2000303a  sameIrkAction                                                      
2000304a  attDeviceName                                                      
20003070  advData1                                                           
20003079  advData2                                                           
2000308b  PKAResourceCC26XX_pollingFlag                                      
2000309c  sensorCurrentPM                                                    
2000309d  DebugCurrentPM                                                     
2000309e  FlagActivationULP                                                  
200030a0  cptWU                                                              
200030bc  RFCC26XX_schedulerPolicy                                           
200030c4  ti_sysbios_gates_GateMutexPri_Module_state                         
200030cc  ti_sysbios_heaps_HeapCallback_Module_state                         
200030d4  ti_sysbios_knl_Event_state                                         
200030dc  ti_sysbios_knl_Semaphore_Module_state                              
200030e4  periConnParameters                                                 
200030ec  clientCbs                                                          
200030f4  DisplayUart2Ansi_escClearScreen                                    
200030f9  SelfCheck                                                          
200030fe  baseTaskID                                                         
20003104  __aeabi_errno                                                      
20003108  _lock                                                              
2000310c  _unlock                                                            
20003110  acc                                                                
20003114  appAssertCback                                                     
20003118  icallServiceTblPtr                                                 
2000311c  mag_counter                                                        
20003124  pRandomAddress                                                     
20003128  pRfErrCb                                                           
2000312c  pfnBMAlloc                                                         
20003130  pfnBMFree                                                          
20003134  patchedSlaveCtrlPktList                                            
20003138  halAssertCback                                                     
20003146  i2c_error_flag                                                     
20003150  mlc_config                                                         
2000315c  deviceNameCharProps                                                
2000315d  appearanceCharProps                                                
2000315e  periConnParamCharProps                                             
2000315f  centAddrResCharProps                                               
20003160  centAddrRes                                                        
20003161  resolvablePrivateAddressOnlyCharProps                              
20003162  GATTServApp_gatt_no_service_changed                                
20003164  qosDefaultPriorityConnParameter                                    
20003165  extScanChanMap                                                     
20003166  sizeOfAllExtConnParam                                              
20003167  rfRatHandle                                                        
20003168  smAllowDebugKeysMode                                               
20003169  gapEndAppTaskID                                                    
2000316a  gapAppTaskID                                                       
2000316b  legacyMode                                                         
20003170  i2cTaskStack                                                       
20003970  rebootTaskStack                                                    
20004170  scTaskStack                                                        
20004970  spTaskStack                                                        
20005170  ti_sysbios_knl_Idle_taskStack                                      
20005730  uart2CC26X2Objects                                                 
200058a0  i2cCC26xxObjects                                                   
200059e0  rfObject                                                           
20005ae0  crcBuf                                                             
20005be0  ti_sysbios_family_arm_m3_Hwi_dispatchTable                         
20005cb8  aesctrdrbgXXObjects                                                
20005e8a  appearance                                                         
20005e8c  trngCC26XXObjects                                                  
20005f90  gpioCallbackFunctions                                              
20006010  gpioUserArgs                                                       
20006090  cbTimers                                                           
20006170  ti_sysbios_knl_ClockSupport_timerStruct                            
200061d0  i2cTask                                                            
20006228  rebootTask                                                         
20006280  scTask                                                             
200062d8  spTask                                                             
20006330  ti_sysbios_knl_Idle_taskStruct                                     
20006388  CryptoResourceCC26XX_accessSemaphore                               
200063d8  CryptoResourceCC26XX_operationSemaphore                            
20006428  PKAResourceCC26XX_accessSemaphore                                  
20006478  PKAResourceCC26XX_operationSemaphore                               
2000658c  nvFptrs                                                            
200065c8  ti_sysbios_knl_Swi_readyQs                                         
200065f8  ti_sysbios_knl_Task_readyQs                                        
20006628  NVOCMP_nvHandle                                                    
20006656  maximumPduSize                                                     
20006658  rfSetup                                                            
20006684  aesecbCC26XXObjects                                                
200066ac  llCteSamples                                                       
20006710  req                                                                
20006730  extInitCmd                                                         
20006750  extScanCmd                                                         
20006770  gapBond_remoteOobData                                              
20006790  gapBond_localOobData                                               
200067b0  ecdhCC26X2Objects                                                  
200067d0  i2cTransaction                                                     
200067f0  ti_sysbios_runtime_System_atexitHandlers                           
20006810  udmaCC26XXObject                                                   
20006868  BIOS_heapCallbackObject                                            
20006884  BIOS_rtsGate                                                       
200068a0  CryptoResourceCC26XX_hwi                                           
200068bc  PKAResourceCC26XX_hwi                                              
200068d8  deviceName                                                         
200068f0  aesccmCC26XXObjects                                                
20006908  SensorData                                                         
20006934  spMenuConnPhy                                                      
20006948  spMenuMain                                                         
2000695c  spMenuPerConn                                                      
20006970  spMenuSelectConn                                                   
20006984  rfMode                                                             
20006994  i2cParams                                                          
200069b3  scanResToDiscard                                                   
200069b4  llCteTest                                                          
200069c0  cteAntennaProp                                                     
200069cc  llTaskList                                                         
200069d8  BQ27427                                                            
200069e4  displayUart2Object                                                 
200069f8  defaultChannelMap                                                  
20006a00  secondaryAdvChannelMap                                             
20006a08  llRfCmdPreemption                                                  
20006a18  rxBuffer                                                           
20006a20  txBuffer                                                           
20006a40  ggs_AppCBs                                                         
20006a44  pClientSecCBs                                                      
20006a4c  BDAddrPerConnHandle                                                
20006a50  llCte                                                              
20006a54  llConnExtParam                                                     
20006a58  extStackSettings                                                   
20006a5c  trngHandle                                                         
20006a60  LSTORecoveryArr                                                    
20006a64  pNextAdvSet                                                        
20006a68  llCurrentMappedChan                                                
20006a6c  drbgHandle                                                         
20006a70  pRpaCfg                                                            
20006a74  gapBond_lruBondList                                                
20006a78  gapBondStateNodeHead                                               
20006a7c  osal_syncHandle                                                    
20006a80  osal_icallMsg_hook                                                 
20006a84  osal_qHead                                                         
20006a88  osal_max_msecs                                                     
20006a8c  osal_tickperiod                                                    
20006a90  osal_eventloop_hook                                                
20006a94  bm_preReleaseBuffCB                                                
20006aa0  OSAL_timeSeconds                                                   
20006aa4  timerHead                                                          
20006aac  osal_last_timestamp                                                
20006ab0  HEAPMGR_SIZE                                                       
20006ab4  PowerCC26XX_swiKey                                                 
20006ab8  PowerCC26XX_taskKey                                                
20006abc  cptF1                                                              
20006ac0  cptON                                                              
20006ac4  dispHandle                                                         
20006ac8  i2c                                                                
20006acc  received_msg                                                       
20006ad0  sem_display                                                        
20006ad4  sem_fdcan_thread                                                   
20006ad8  sem_i2c_thread                                                     
20006adc  sem_magn                                                           
20006ae0  sem_reboot_thread                                                  
20006ae4  sem_sc_event                                                       
20006ae8  sem_sc_thread                                                      
20006aec  tasksEvents                                                        
20006af0  ti_sysbios_family_arm_cc26xx_TimestampProvider_Module_state        
20006af4  ti_sysbios_knl_Task_defaultStackHeap                               
20006af8  pwrmgr_attribute                                                   
20006afa  CellCurrent_s                                                      
20006afc  CellSoC_s                                                          
20006afe  CellVoltage_s                                                      
20006b00  nvsCC26XXObjects                                                   
20006b02  resolvablePrivateAddressOnly                                       
20006b03  GATTServApp_att_delayed_req                                        
20006b04  hciTaskID                                                          
20006b05  hciL2capTaskID                                                     
20006b06  hciGapTaskID                                                       
20006b07  hciSmpTaskID                                                       
20006b08  hciTestTaskID                                                      
20006b09  hciVsEvtMask                                                       
20006b0a  scanReqRpt                                                         
20006b0b  secondaryAdvChannelMapPopCount                                     
20006b0c  qosDefaultPriorityAdvParameter                                     
20006b0d  maxNumCteDataBufs                                                  
20006b0e  numActiveAdvSets                                                   
20006b0f  wlSize                                                             
20006b10  rlSize                                                             
20006b11  decryptResult                                                      
20006b12  llUnhandleNextIntFlag                                              
20006b13  smAuthenPairingOnlyMode                                            
20006b14  icall_liteTaskId                                                   
20006b15  gapBond_removeLRUBond                                              
20006b16  gapBond_syncRL                                                     
20006b17  assertSubcause                                                     
20006b18  osal_entity                                                        
20006b19  pwrmgr_initialized                                                 
20006b1a  NVOCMP_size                                                        
20006b1b  SelfC_state                                                        
20006b1c  SelfCheckFlags                                                     
20006b1d  advHandleLegacy                                                    
20006b1e  advHandleLongRange                                                 
20006b1f  calculated_threshold                                               
20006b20  gAction                                                            
20006b21  tbmRowItemLast                                                     
20006c00  ti_sysbios_family_arm_m3_Hwi_ramVectors                            
20006cd8  heapStart                                                          
20013c00  __stack                                                            
20013c00  heapEnd                                                            
20014000  __STACK_END                                                        
20014000  __STACK_TOP                                                        
20014000  __UNUSED_SRAM_end__                                                
ffffffff  __TI_pprof_out_hndl                                                
ffffffff  __TI_prof_data_size                                                
ffffffff  __TI_prof_data_start                                               
ffffffff  __binit__                                                          
ffffffff  binit                                                              
UNDEFED   ITM_flush                                                          
UNDEFED   ITM_restore                                                        
UNDEFED   __c_args__                                                         
UNDEFED   __mpu_init                                                         

[2809 symbols]
