******************************************************************************
            TI ARM Clang Linker PC v2.1.3                      
******************************************************************************
>> Linked Thu Oct 19 15:39:40 2023

OUTPUT FILE NAME:   <S2S_V0-3-10_CC2652PSIP.out>
ENTRY POINT SYMBOL: "_c_int00"  address: 0001bf15


MEMORY CONFIGURATION

         name            origin    length      used     unused   attr    fill
----------------------  --------  ---------  --------  --------  ----  --------
  FLASH_IMG_HDR         00000000   00000090  0000008d  00000003  R  X
  ENTRY                 00000090   00000040  0000003c  00000004  R  X
  FLASH                 000000d0   00037f30  00028470  0000fac0  R  X
  RTOS_SRAM             20000000   0000012c  00000000  0000012c  RW X
  SRAM                  20000fdf   00013021  00004d38  0000e2e9  RW X


SEGMENT ALLOCATION MAP

run origin  load origin   length   init length attrs members
----------  ----------- ---------- ----------- ----- -------
00000000    00000000    00024540   00024540    r-x
  00000000    00000000    0000008d   0000008d    r-- .image_header
  00000090    00000090    0000003c   0000003c    r-- .resetVecs
  000000d0    000000d0    0001fce0   0001fce0    r-x .text
  0001fdb0    0001fdb0    0000306c   0000306c    r-- .rodata
  00022e1c    00022e1c    00001724   00001724    r-- .cinit
00034000    00034000    00004000   00000000    rw-
  00034000    00034000    00004000   00000000    rw- .TI.bound:flashBuf0
20001810    20001810    00000010   00000000    rw-
  20001810    20001810    00000010   00000000    rw- .TI.bound:dmaUart0RxControlTableEntry
20001820    20001820    00000010   00000000    rw-
  20001820    20001820    00000010   00000000    rw- .TI.bound:dmaUart0TxControlTableEntry
20001830    20001830    00000010   00000000    rw-
  20001830    20001830    00000010   00000000    rw- .TI.bound:dmaSpi0RxControlTableEntry
20001840    20001840    00000010   00000000    rw-
  20001840    20001840    00000010   00000000    rw- .TI.bound:dmaSpi0TxControlTableEntry
20001a30    20001a30    00000010   00000000    rw-
  20001a30    20001a30    00000010   00000000    rw- .TI.bound:dmaSpi0RxAltControlTableEntry
20001a40    20001a40    00000010   00000000    rw-
  20001a40    20001a40    00000010   00000000    rw- .TI.bound:dmaSpi0TxAltControlTableEntry
20001b00    20001b00    000047dd   00000000    rw-
  20001b00    20001b00    00001688   00000000    rw- .data
  20003188    20003188    00003155   00000000    rw- .bss
20006300    20006300    000000d8   00000000    rw-
  20006300    20006300    000000d8   00000000    rw- .ramVecs
20013c00    20013c00    00000400   00000000    rw-
  20013c00    20013c00    00000400   00000000    rw- .stack


SECTION ALLOCATION MAP

 output                                  attributes/
section   page    origin      length       input sections
--------  ----  ----------  ----------   ----------------
.image_header 
*          0    00000000    0000008d     
                  00000000    0000008d     oad_image_header_app.o (.image_header)

.resetVecs 
*          0    00000090    0000003c     
                  00000090    0000003c     ti_sysbios_config.o (.resetVecs)

.intvecs   0    000000cc    00000000     UNINITIALIZED

EntrySection 
*          0    000000cc    00000000     UNINITIALIZED

.text      0    000000d0    0001fce0     
                  000000d0    000010ec     simple_peripheral_oad_onchip.o (.text.SimplePeripheral_taskFxn)
                  000011bc    00000b48     StackWrapper.a : gapbondmgr.o (.text)
                  00001d04    000006f8     OneLib.a : ll_adv_end_causes.o (.text)
                  000023fc    000006f8     StackWrapper.a : gapbondmgr.o (.text)
                  00002af4    000006f4     oad.o (.text.OAD_processQueue)
                  000031e8    00000514     OneLib.a : ble.o (.text)
                  000036fc    000004d0              : ll_ae.o (.text)
                  00003bcc    00000490     rf_multiMode_cc26x2.a : RFCC26X2_multiMode.c.cc26x2.ticlang.o (.text.RF_fsmActiveState)
                  0000405c    00000478     OneLib.a : ll_isr.o (.text)
                  000044d4    00000448              : ll.o (.text)
                  0000491c    0000043c              : ll_slave_end_causes.o (.text)
                  00004d58    0000041c              : ll_scheduler.o (.text)
                  00005174    000003e0     oad.o (.text.oadProcessExtControlCmd)
                  00005554    00000388     OneLib.a : ll_slave_end_causes.o (.text)
                  000058dc    00000344              : ll_ae.o (.text)
                  00005c20    00000340     ti_sysbios_config.o (.text.ti_sysbios_runtime_System_doPrint)
                  00005f60    00000338     OneLib.a : ll_ae.o (.text)
                  00006298    00000334              : ll_scheduler.o (.text)
                  000065cc    0000030c              : ll_ae.o (.text)
                  000068d8    000002b0     StackWrapper.a : gapbondmgr.o (.text)
                  00006b88    000002a8     nvocmp.o (.text.NVOCMP_initNvApi)
                  00006e30    0000029c     rf_multiMode_cc26x2.a : RFCC26X2_multiMode.c.cc26x2.ticlang.o (.text.RF_open)
                  000070cc    0000029c     OneLib.a : ll_isr.o (.text)
                  00007368    00000294              : ll.o (.text)
                  000075fc    00000290              : ll_ae.o (.text)
                  0000788c    00000284     nvocmp.o (.text.NVOCMP_compactPage)
                  00007b10    00000274     OneLib.a : ll_ae.o (.text)
                  00007d84    00000264              : ll_common.o (.text)
                  00007fe8    00000264              : ll_isr.o (.text)
                  0000824c    0000025c     StackWrapper.a : gapbondmgr.o (.text)
                  000084a8    0000024c     nvocmp.o (.text.NVOCMP_addItem)
                  000086f4    00000238     OneLib.a : ll_data.o (.text)
                  0000892c    00000220     drivers_cc26x2.a : ECDHCC26X2.c.obj (.text.ECDHCC26X2_hwiFxn)
                  00008b4c    00000204     OneLib.a : gattservapp.o (.text)
                  00008d50    00000200     nwt_i2c.o (.text.read_MLC_trehshold)
                  00008f50    000001fc     OneLib.a : ll.o (.text)
                  0000914c    000001f0     drivers_cc26x2.a : UART2CC26X2.c.obj (.text.UART2CC26X2_hwiIntFxn)
                  0000933c    000001e8     rf_multiMode_cc26x2.a : RFCC26X2_multiMode.c.cc26x2.ticlang.o (.text.RF_scheduleCmd)
                  00009524    000001e0     StackWrapper.a : osal.o (.text)
                  00009704    000001dc     rf_multiMode_cc26x2.a : RFCC26X2_multiMode.c.cc26x2.ticlang.o (.text.RF_dispatchNextCmd)
                  000098e0    000001dc     OneLib.a : ll_scheduler.o (.text)
                  00009abc    000001c8              : ll_ae.o (.text)
                  00009c84    000001b6     libclang_rt.builtins.a : adddf3.S.obj (.text)
                  00009e3a    00000002     ti_sysbios_config.o (.text.BIOS_nullFunc)
                  00009e3c    000001a0     drivers_cc26x2.a : AESECBCC26XX.c.obj (.text.AESECB_addDataInternal)
                  00009fdc    00000198     OneLib.a : ll_common.o (.text)
                  0000a174    00000196              : ll_common.o (.text)
                  0000a30a    00000002     ti_drivers_config.o (.text.Board_initHook)
                  0000a30c    00000194     drivers_cc26x2.a : PowerCC26X2_calibrateRCOSC.c.obj (.text.PowerCC26X2_auxISR)
                  0000a4a0    0000018c                      : UART2CC26X2.c.obj (.text.UART2_open)
                  0000a62c    00000188                      : AESCCMCC26XX.c.obj (.text.AESCCM_startOperation)
                  0000a7b4    00000188     OneLib.a : ll_ae.o (.text)
                  0000a93c    00000184              : ll_isr.o (.text)
                  0000aac0    0000017c     drivers_cc26x2.a : ECDHCC26X2.c.obj (.text.ECDH_computeSharedSecret)
                  0000ac3c    00000178     OneLib.a : gattservapp.o (.text)
                  0000adb4    00000174     crc32.o (.text.CRC32_calc)
                  0000af28    00000174     drivers_cc26x2.a : UART2.c.obj (.text.UART2_writeTimeoutBlocking)
                  0000b09c    00000174     OneLib.a : ll_scheduler.o (.text)
                  0000b210    00000160     icall.o (.text.ICall_waitMatch)
                  0000b370    00000160     OneLib.a : ll_ae.o (.text)
                  0000b4d0    0000015c     nwt_i2c.o (.text.I2C_read_feature)
                  0000b62c    00000158     drivers_cc26x2.a : AESCTRCC26XX.c.obj (.text.AESCTR_processData)
                  0000b784    00000158                      : PowerCC26X2.c.obj (.text.Power_sleep)
                  0000b8dc    00000158     OneLib.a : ll_common.o (.text)
                  0000ba34    00000150              : gap_task.o (.text)
                  0000bb84    00000150              : ll_ae.o (.text)
                  0000bcd4    00000150              : ll_isr.o (.text)
                  0000be24    0000014c     rf_multiMode_cc26x2.a : RFCC26X2_multiMode.c.cc26x2.ticlang.o (.text.RF_radioOpDoneCb)
                  0000bf70    00000144     ble_user_config_stack.o (.text.setBleUserConfig)
                  0000c0b4    00000004     drivers_cc26x2.a : AESCTRDRBGXX.c.obj (.text.AESCTRDRBG_getBytes)
                  0000c0b8    00000144     ti_sysbios_config.o (.text.ti_sysbios_runtime_System_printfExtend)
                  0000c1fc    00000144     StackWrapper.a : osal.o (.text)
                  0000c340    00000140     OneLib.a : gattservapp.o (.text)
                  0000c480    00000140     StackWrapper.a : gap.o (.text)
                  0000c5c0    00000136     libclang_rt.builtins.a : divdf3.S.obj (.text)
                  0000c6f6    00000002     ble_user_config.o (.text.DefaultAssertCback)
                  0000c6f8    00000134     rf_multiMode_cc26x2.a : RFCC26X2_multiMode.c.cc26x2.ticlang.o (.text.RF_ratSetupChannel)
                  0000c82c    00000130     driverlib.lib : aes.o (.text.NOROM_AESWriteToKeyStore)
                  0000c95c    0000012c     drivers_cc26x2.a : I2CCC26XX.c.obj (.text.I2C_open)
                  0000ca88    0000012c     rf_multiMode_cc26x2.a : RFCC26X2_multiMode.c.cc26x2.ticlang.o (.text.RF_close)
                  0000cbb4    0000012c     drivers_cc26x2.a : TRNGCC26XX.c.obj (.text.TRNGCC26XX_hwiFxn)
                  0000cce0    00000126                      : I2C.c.obj (.text.I2C_transferTimeout)
                  0000ce06    00000002     display_cc26x2.a : DisplayUart2.c.obj (.text.DisplayUart2Ansi_init)
                  0000ce08    00000124     rf_multiMode_cc26x2.a : RFCC26X2_multiMode.c.cc26x2.ticlang.o (.text.RF_abortCmd)
                  0000cf2c    00000124                           : RFCC26X2_multiMode.c.cc26x2.ticlang.o (.text.RF_fsmSetupState)
                  0000d050    00000124     OneLib.a : ll_ae.o (.text)
                  0000d174    00000120     nvocmp.o (.text.NVOCMP_findItem)
                  0000d294    00000120     ti_sysbios_config.o (.text.ti_sysbios_family_arm_cc26xx_Timer_construct)
                  0000d3b4    00000120     OneLib.a : ll_common.o (.text)
                  0000d4d4    00000120              : ll_data.o (.text)
                  0000d5f4    0000011c     sysbios.a : Hwi_asm_gcc.s.obj (.text.ti_sysbios_family_arm_m3_Hwi_dispatch)
                  0000d710    0000011c     OneLib.a : sm_rsppairing.o (.text)
                  0000d82c    0000011a     drivers_cc26x2.a : UART2.c.obj (.text.UART2_writeTimeoutNonblocking)
                  0000d946    00000002                      : I2C.c.obj (.text.I2C_init)
                  0000d948    00000118                      : PowerCC26X2.c.obj (.text.Power_init)
                  0000da60    00000118     rf_multiMode_cc26x2.a : RFCC26X2_multiMode.c.cc26x2.ticlang.o (.text.RF_decodeOverridePointers)
                  0000db78    00000114     OneLib.a : ll_common.o (.text)
                  0000dc8c    0000010c     main.o (.text.AssertHandler)
                  0000dd98    0000010c     drivers_cc26x2.a : ECDHCC26X2.c.obj (.text.ECDH_generatePublicKey)
                  0000dea4    0000010c                      : PowerCC26X2_calibrateRCOSC.c.obj (.text.PowerCC26X2_calibrate)
                  0000dfb0    0000010a     OneLib.a : gatt_client.o (.text)
                  0000e0ba    00000002     rom_init.o (.text.MAP_HCI_CteRequestFailedEvent)
                  0000e0bc    00000108     drivers_cc26x2.a : NVSCC26XX.c.obj (.text.NVSCC26XX_write)
                  0000e1c4    00000108     rf_multiMode_cc26x2.a : RFCC26X2_multiMode.c.cc26x2.ticlang.o (.text.RF_fsmPowerUpState)
                  0000e2cc    00000108     OneLib.a : ll_scheduler.o (.text)
                  0000e3d4    00000104     drivers_cc26x2.a : GPIOCC26X2.c.obj (.text.GPIO_init)
                  0000e4d8    00000104                      : UART2CC26X2.c.obj (.text.UART2CC26X2_initHw)
                  0000e5dc    00000104     simple_peripheral_oad_onchip.o (.text.config_mlc_threshold)
                  0000e6e0    00000102     drivers_cc26x2.a : AESCTRDRBGXX.c.obj (.text.AESCTRDRBG_getRandomBytes)
                  0000e7e2    00000002     rom_init.o (.text.MAP_llClearPeriodicAdvSets)
                  0000e7e4    00000100     simple_peripheral_oad_onchip.o (.text.config_ble_service)
                  0000e8e4    000000fe     OneLib.a : ll_scheduler.o (.text)
                  0000e9e2    00000002     rom_init.o (.text.MAP_llClearPeriodicScanSets)
                  0000e9e4    000000fc     rf_multiMode_cc26x2.a : RFCC26X2_multiMode.c.cc26x2.ticlang.o (.text.RF_hwiCpe0Active)
                  0000eae0    000000fc     OneLib.a : ll_isr.o (.text)
                  0000ebdc    000000fc     libclang_rt.builtins.a : muldf3.S.obj (.text)
                  0000ecd8    000000f8     drivers_cc26x2.a : TRNGCC26XX.c.obj (.text.TRNG_getRandom)
                  0000edd0    000000f8     OneLib.a : sm_rsppairing.o (.text)
                  0000eec8    000000f4     driverlib.lib : sys_ctrl.o (.text.NOROM_SysCtrlStandby)
                  0000efbc    000000f0     simple_peripheral_oad_onchip_menu.o (.text.SimplePeripheral_buildMenu)
                  0000f0ac    000000f0     drivers_cc26x2.a : UART2CC26X2.c.obj (.text.UART2Support_dmaStartRx)
                  0000f19c    000000f0     OneLib.a : ll_ae.o (.text)
                  0000f28c    000000ec              : gap_advertiser.o (.text)
                  0000f378    000000ec              : ll_ae.o (.text)
                  0000f464    000000ec              : ll_common.o (.text)
                  0000f550    000000ec              : ll_common.o (.text)
                  0000f63c    000000e8     drivers_cc26x2.a : AESCTRDRBGXX.c.obj (.text.AESCTRDRBG_construct)
                  0000f724    000000e4     driverlib.lib : setup.o (.text.NOROM_SetupTrimDevice)
                  0000f808    000000e4     ti_sysbios_config.o (.text.ti_sysbios_knl_Semaphore_pend)
                  0000f8ec    000000e2     drivers_cc26x2.a : I2CCC26XX.c.obj (.text.I2CCC26XX_hwiFxn)
                  0000f9ce    000000e2     OneLib.a : gapgattserver.o (.text)
                  0000fab0    000000e0     simple_peripheral_oad_onchip.o (.text.SimplePeripheral_menuSwitchCb)
                  0000fb90    000000e0     ti_sysbios_config.o (.text.ti_sysbios_knl_Event_pend)
                  0000fc70    000000e0     OneLib.a : ll_scheduler.o (.text)
                  0000fd50    000000e0     StackWrapper.a : osal_timers.o (.text)
                  0000fe30    000000dc     nwt_i2c.o (.text.I2C_taskFxn)
                  0000ff0c    000000dc     rf_multiMode_cc26x2.a : RFCC26X2_multiMode.c.cc26x2.ticlang.o (.text.RF_control)
                  0000ffe8    000000dc     OneLib.a : ll_ae.o (.text)
                  000100c4    000000d8     devinfoservice.o (.text.DevInfo_SetParameter)
                  0001019c    000000d8     scif_framework.o (.text.scifInit)
                  00010274    000000d8     ti_sysbios_config.o (.text.ti_sysbios_family_arm_m3_Hwi_excFillContext)
                  0001034c    000000d0     drivers_cc26x2.a : PowerCC26X2.c.obj (.text.configureXOSCHF)
                  0001041c    000000cc                      : AESCTRDRBGXX.c.obj (.text.AESCTRDRBG_reseed)
                  000104e8    000000cc     ti_sysbios_config.o (.text.ti_sysbios_knl_Clock_workFuncDynamic)
                  000105b4    000000cc     OneLib.a : hci_event.o (.text)
                  00010680    000000cc     StackWrapper.a : osal.o (.text)
                  0001074c    000000ca     rf_multiMode_cc26x2.a : RFCC26X2_multiMode.c.cc26x2.ticlang.o (.text.RF_updatePaConfiguration)
                  00010816    00000002     rom_init.o (.text.MAP_llCoexInit)
                  00010818    000000c8     OneLib.a : gap_scanner.o (.text)
                  000108e0    000000c8              : ll.o (.text)
                  000109a8    000000c8              : ll_ae.o (.text)
                  00010a70    000000c4     driverlib.lib : setup.o (.text.TrimAfterColdResetWakeupFromShutDown)
                  00010b34    000000c4     OneLib.a : gapgattserver.o (.text)
                  00010bf8    000000c4              : ll_ae.o (.text)
                  00010cbc    000000c0              : ll.o (.text)
                  00010d7c    000000c0              : ll.o (.text)
                  00010e3c    000000c0              : ll_isr.o (.text)
                  00010efc    000000c0              : ll_scheduler.o (.text)
                  00010fbc    000000bc     rf_multiMode_cc26x2.a : RFCC26X2_multiMode.c.cc26x2.ticlang.o (.text.RF_swiHw)
                  00011078    000000bc     drivers_cc26x2.a : UART2CC26X2.c.obj (.text.UART2Support_dmaStartTx)
                  00011134    000000bc     OneLib.a : ble.o (.text)
                  000111f0    000000bc              : ll_ecc.o (.text)
                  000112ac    00000004     drivers_cc26x2.a : AESCTRCC26XX.c.obj (.text.AESCTR_releaseLock)
                  000112b0    000000b8     nwt_i2c.o (.text.I2C_read_acc)
                  00011368    000000b8     devinfoservice.o (.text.devInfo_ReadAttrCB)
                  00011420    000000b8     ti_ble_config.o (.text.setBondManagerParameters)
                  000114d8    000000b8     ti_sysbios_config.o (.text.ti_sysbios_knl_Task_Instance_finalize)
                  00011590    000000b8     OneLib.a : ll_slave_end_causes.o (.text)
                  00011648    000000b8     StackWrapper.a : gattservapp_util.o (.text)
                  00011700    000000b4     drivers_cc26x2.a : ECDHCC26X2.c.obj (.text.ECDHCC26X2_getKeyResult)
                  000117b4    000000b4     driverlib.lib : osc.o (.text.NOROM_OSCHF_AttemptToSwitchToXosc)
                  00011868    000000b4     ti_sysbios_config.o (.text.PowerCC26XX_standbyPolicy)
                  0001191c    000000b4     drivers_cc26x2.a : PowerCC26X2.c.obj (.text.Power_releaseDependency)
                  000119d0    000000b4     ti_sysbios_config.o (.text.ti_sysbios_knl_Task_setPri)
                  00011a84    000000b4     OneLib.a : gap_scanner.o (.text)
                  00011b38    000000b4     StackWrapper.a : gapbondmgr.o (.text)
                  00011bec    000000b0     drivers_cc26x2.a : PowerCC26X2.c.obj (.text.Power_setDependency)
                  00011c9c    000000b0     nwt_i2c.o (.text.i2cErrorHandler)
                  00011d4c    000000b0     OneLib.a : ll_common.o (.text)
                  00011dfc    000000b0              : ll_enc.o (.text)
                  00011eac    000000b0     StackWrapper.a : gapbondmgr.o (.text)
                  00011f5c    000000b0                    : gattservapp_util.o (.text)
                  0001200c    000000b0     libclang_rt.builtins.a : udivmoddi4.S.obj (.text)
                  000120bc    000000ac     rf_multiMode_cc26x2.a : RFCC26X2_multiMode.c.cc26x2.ticlang.o (.text.RF_pendCmd)
                  00012168    000000ac     simple_gatt_profile.o (.text.SimpleProfile_SetParameter)
                  00012214    000000ac     scif_framework.o (.text.scifCtrlTasksNbl)
                  000122c0    000000ac     StackWrapper.a : gapbondmgr.o (.text)
                  0001236c    000000a8     OneLib.a : hci_data.o (.text)
                  00012414    000000a8              : ll.o (.text)
                  000124bc    000000a8              : ll_common.o (.text)
                  00012564    000000a8     StackWrapper.a : osal_cbtimer.o (.text)
                  0001260c    000000a4     drivers_cc26x2.a : AESCTRCC26XX.c.obj (.text.AESCTR_startOneStepOperation)
                  000126b0    000000a4     icall.o (.text.ICall_heapMalloc)
                  00012754    000000a4     rf_multiMode_cc26x2.a : RFCC26X2_multiMode.c.cc26x2.ticlang.o (.text.RF_initRadioSetup)
                  000127f8    000000a4     ti_sysbios_config.o (.text.ti_sysbios_knl_Task_Instance_init)
                  0001289c    000000a4     OneLib.a : ll_ae.o (.text)
                  00012940    000000a4              : ll_ae.o (.text)
                  000129e4    000000a0     drivers_cc26x2.a : I2CCC26XX.c.obj (.text.I2CCC26XX_swiFxn)
                  00012a84    000000a0     rf_multiMode_cc26x2.a : RFCC26X2_multiMode.c.cc26x2.ticlang.o (.text.RF_calculateDispatchTime)
                  00012b24    000000a0     OneLib.a : gattservapp.o (.text)
                  00012bc4    000000a0              : ll_common.o (.text)
                  00012c64    000000a0              : ll_scheduler.o (.text)
                  00012d04    0000009c     display_cc26x2.a : DisplayUart2.c.obj (.text.DisplayUart2Ansi_clearLines)
                  00012da0    0000009c     simple_peripheral_oad_onchip.o (.text.SimplePeripheral_doSetConnPhy)
                  00012e3c    0000009c     libc.a : s_floorf.c.obj (.text.floorf)
                  00012ed8    0000009c     OneLib.a : ll_common.o (.text)
                  00012f74    0000009c              : ll_ecc.o (.text)
                  00013010    0000009a     drivers_cc26x2.a : UART2.c.obj (.text.UART2_writeCancel)
                  000130aa    00000002     rom_init.o (.text.MAP_llCoexSetParams)
                  000130ac    00000098     nvocmp.o (.text.NVOCMP_erase)
                  00013144    00000098     rf_multiMode_cc26x2.a : RFCC26X2_multiMode.c.cc26x2.ticlang.o (.text.RF_defaultSubmitPolicy)
                  000131dc    00000098     simple_peripheral_oad_onchip.o (.text.SimplePeripheral_updatePHYStat)
                  00013274    00000098     drivers_cc26x2.a : UART2CC26X2.c.obj (.text.UART2_close)
                  0001330c    00000098     OneLib.a : gattservapp.o (.text)
                  000133a4    00000098              : hci_event.o (.text)
                  0001343c    00000098              : ll_isr.o (.text)
                  000134d4    00000096     rf_multiMode_cc26x2.a : RFCC26X2_multiMode.c.cc26x2.ticlang.o (.text.RF_verifyGap)
                  0001356a    00000002     rom_init.o (.text.MAP_llCoexUpdateCounters)
                  0001356c    00000094     rf_multiMode_cc26x2.a : RFCC26X2_multiMode.c.cc26x2.ticlang.o (.text.RF_ratRestartChannels)
                  00013600    00000094     nwt_sc.o (.text.SC_taskFxn)
                  00013694    00000094     ti_sysbios_config.o (.text.ti_sysbios_knl_Clock_startI)
                  00013728    00000094     ti_sysbios_config.o (.text.ti_sysbios_knl_Task_sleep)
                  000137bc    00000094     OneLib.a : gatt_server.o (.text)
                  00013850    00000094              : ll.o (.text)
                  000138e4    00000094              : ll_common.o (.text)
                  00013978    00000094              : ll_scheduler.o (.text)
                  00013a0c    00000092              : gap_task.o (.text)
                  00013a9e    00000002     rom_init.o (.text.MAP_llDmmDynamicFree)
                  00013aa0    00000090     display_cc26x2.a : DisplayUart2.c.obj (.text.DisplayUart2Ansi_vprintf)
                  00013b30    00000090     drivers_cc26x2.a : GPIOCC26XX.c.obj (.text.GPIO_setConfigAndMux)
                  00013bc0    00000090     osal_icall_ble.o (.text.osalInitTasks)
                  00013c50    00000090     OneLib.a : ll.o (.text)
                  00013ce0    0000008c     BQ27427.o (.text.BQ27427_writeExtendedData)
                  00013d6c    0000008c     drivers_cc26x2.a : TRNGCC26XX.c.obj (.text.TRNG_construct)
                  00013df8    0000008c     ti_sysbios_config.o (.text.ti_sysbios_knl_Clock_init)
                  00013e84    0000008c     OneLib.a : ll_ae.o (.text)
                  00013f10    00000088     rf_multiMode_cc26x2.a : RFCC26X2_multiMode.c.cc26x2.ticlang.o (.text.RF_cmdDispatchTime)
                  00013f98    00000088                           : RFCC26X2_multiMode.c.cc26x2.ticlang.o (.text.RF_discardPendCmd)
                  00014020    00000088     simple_gatt_profile.o (.text.simpleProfile_WriteAttrCB)
                  000140a8    00000088     OneLib.a : ll_isr.o (.text)
                  00014130    00000088              : sm_rsppairing.o (.text)
                  000141b8    00000088     StackWrapper.a : osal_cbtimer.o (.text)
                  00014240    00000084     icall.o (.text.ICall_setTimer)
                  000142c4    00000084     nvocmp.o (.text.NVOCMP_readHeader)
                  00014348    00000084     rf_multiMode_cc26x2.a : RFCC26X2_multiMode.c.cc26x2.ticlang.o (.text.RF_getInfo)
                  000143cc    00000084     oad.o (.text.oadResetState)
                  00014450    00000084     OneLib.a : ll_common.o (.text)
                  000144d4    00000080     drivers_cc26x2.a : AESCTRCC26XX.c.obj (.text.AESCTR_hwiFxn)
                  00014554    00000080     nwt_i2c.o (.text.I2C_MLC_FSM_ULP_MODE)
                  000145d4    00000080     nwt_i2c.o (.text.I2C_MLC_Features)
                  00014654    00000080     driverlib.lib : sys_ctrl.o (.text.NOROM_SysCtrlSetRechargeBeforePowerDown)
                  000146d4    00000080     drivers_cc26x2.a : UART2CC26X2.c.obj (.text.UART2Support_dmaStopTx)
                  00014754    00000080                      : NVSCC26XX.c.obj (.text.doErase)
                  000147d4    00000080     oad.o (.text.oadSendNotification)
                  00014854    00000080     ti_sysbios_config.o (.text.ti_sysbios_family_arm_m3_Hwi_initNVIC)
                  000148d4    00000080     ti_sysbios_config.o (.text.ti_sysbios_gates_GateMutexPri_enter)
                  00014954    00000080     OneLib.a : ll_ae.o (.text)
                  000149d4    00000080              : ll_enc.o (.text)
                  00014a54    0000007e     driverlib.lib : chipinfo.o (.text.NOROM_ChipInfo_GetChipType)
                  00014ad2    0000007e     libc.a : s_roundf.c.obj (.text.roundf)
                  00014b50    0000007e     OneLib.a : gap_task.o (.text)
                  00014bce    00000002     rom_init.o (.text.MAP_llDmmSetThreshold)
                  00014bd0    0000007c     nwt_i2c.o (.text.I2C_MLC_FSM_LP_MODE)
                  00014c4c    0000007c     rf_multiMode_cc26x2.a : RFCC26X2_multiMode.c.cc26x2.ticlang.o (.text.RF_ratDisableChannel)
                  00014cc8    0000007c     icall.o (.text.icall_directAPI)
                  00014d44    0000007c     two_btn_menu.o (.text.tbm_displayItemPage)
                  00014dc0    0000007c     ti_sysbios_config.o (.text.ti_sysbios_family_arm_m3_Hwi_postInit)
                  00014e3c    0000007c     OneLib.a : ll_common.o (.text)
                  00014eb8    0000007c     StackWrapper.a : gapbondmgr.o (.text)
                  00014f34    0000007a     drivers_cc26x2.a : AESCTRDRBGXX.c.obj (.text.AESCTRDRBGXX_updateState)
                  00014fae    00000002     rom_init.o (.text.MAP_llHealthUpdate)
                  00014fb0    00000078     board_key.o (.text.Board_initKeys)
                  00015028    00000078     icall.o (.text.ICall_heapInit)
                  000150a0    00000078     driverlib.lib : osc.o (.text.NOROM_OSCHF_SwitchToRcOscTurnOffXosc)
                  00015118    00000078                   : osc.o (.text.NOROM_OSC_CapArrayAdjustWorkaround_Boot)
                  00015190    00000078     drivers_cc26x2.a : NVSCC26XX.c.obj (.text.NVSCC26XX_open)
                  00015208    00000078     rf_multiMode_cc26x2.a : RFCC26X2_multiMode.c.cc26x2.ticlang.o (.text.RF_ratFreeChannel)
                  00015280    00000078     simple_peripheral_oad_onchip.o (.text.SimplePeripheral_processParamUpdate)
                  000152f8    00000078     main.o (.text.main)
                  00015370    00000078     ti_sysbios_config.o (.text.ti_sysbios_knl_Task_postInit)
                  000153e8    00000078     OneLib.a : l2cap_task.o (.text)
                  00015460    00000078     StackWrapper.a : osal_bufmgr.o (.text)
                  000154d8    00000078                    : osal_cbtimer.o (.text)
                  00015550    00000076     OneLib.a : gattservapp.o (.text)
                  000155c6    00000076              : ll_common.o (.text)
                  0001563c    00000076     StackWrapper.a : gap.o (.text)
                  000156b2    00000002     rom_init.o (.text.MAP_llMaster_TaskEnd)
                  000156b4    00000074     drivers_cc26x2.a : I2CCC26XX.c.obj (.text.I2C_close)
                  00015728    00000074     nvocmp.o (.text.NVOCMP_readItemApi)
                  0001579c    00000074     drivers_cc26x2.a : PowerCC26X2_calibrateRCOSC_helpers.c.obj (.text.PowerCC26X2_updateSubSecInc)
                  00015810    00000074     rf_multiMode_cc26x2.a : RFCC26X2_multiMode.c.cc26x2.ticlang.o (.text.RF_hwiHw)
                  00015884    00000074     scif_framework.o (.text.scifInitIo)
                  000158f8    00000074     ti_sysbios_config.o (.text.ti_sysbios_knl_Swi_restoreHwi)
                  0001596c    00000074     ti_sysbios_config.o (.text.ti_sysbios_knl_Task_startup)
                  000159e0    00000074     OneLib.a : gap_linkmgr.o (.text)
                  00015a54    00000074              : ll.o (.text)
                  00015ac8    00000074              : ll_common.o (.text)
                  00015b3c    00000074              : ll_common.o (.text)
                  00015bb0    00000074              : ll_common.o (.text)
                  00015c24    00000074              : ll_enc.o (.text)
                  00015c98    00000072     simple_gatt_profile.o (.text.simpleProfile_ReadAttrCB)
                  00015d0a    00000002     rom_init.o (.text.MAP_llPeriodicAdv_PostProcess)
                  00015d0c    00000070     drivers_cc26x2.a : AESCCMCC26XX.c.obj (.text.AESCCM_cleanup)
                  00015d7c    00000070                      : AESCTRCC26XX.c.obj (.text.AESCTR_construct)
                  00015dec    00000070                      : AESECBCC26XX.c.obj (.text.AESECB_construct)
                  00015e5c    00000070     icall_cc2650.o (.text.ICallPlatform_pwrUpdActivityCounter)
                  00015ecc    00000070     icall.o (.text.ICall_createRemoteTasksAtRuntime)
                  00015f3c    00000070     ti_sysbios_config.o (.text.ti_sysbios_family_arm_m3_Hwi_Instance_init)
                  00015fac    00000070     ti_sysbios_config.o (.text.ti_sysbios_runtime_System_formatNum)
                  0001601c    00000070     OneLib.a : gatt_server.o (.text)
                  0001608c    00000070              : ll_ae.o (.text)
                  000160fc    00000070              : ll_common.o (.text)
                  0001616c    00000070              : ll_common.o (.text)
                  000161dc    00000070              : ll_enc.o (.text)
                  0001624c    00000070              : sm_rsppairing.o (.text)
                  000162bc    00000070     StackWrapper.a : osal.o (.text)
                  0001632c    0000006e     libclang_rt.builtins.a : comparedf2.c.obj (.text.__gedf2)
                  0001639a    00000002     rom_init.o (.text.MAP_llProcessPeriodicScanRxFIFO)
                  0001639c    0000006e     libclang_rt.builtins.a : comparedf2.c.obj (.text.__ledf2)
                  0001640a    00000002     rom_init.o (.text.MAP_llSetPeriodicSyncInfo)
                  0001640c    0000006e     libclang_rt.builtins.a : truncdfsf2.S.obj (.text)
                  0001647a    00000002     rom_init.o (.text.MAP_llTerminatePeriodicScan)
                  0001647c    0000006c     drivers_cc26x2.a : AESECBCC26XX.c.obj (.text.AESECB_hwiFxn)
                  000164e8    0000006c     nwt_i2c.o (.text.I2C_read_wake_up_thr)
                  00016554    0000006c     icall.o (.text.ICall_wait)
                  000165c0    0000006c     nvocmp.o (.text.NVOCMP_eraseNvApi)
                  0001662c    0000006c     nvocmp.o (.text.NVOCMP_writeItemApi)
                  00016698    0000006c     rf_multiMode_cc26x2.a : RFCC26X2_multiMode.c.cc26x2.ticlang.o (.text.RF_getTxPower)
                  00016704    0000006c                           : RFCC26X2_multiMode.c.cc26x2.ticlang.o (.text.RF_issueRadioFreeCb)
                  00016770    0000006c     drivers_cc26x2.a : Random.c.obj (.text.Random_seedAutomatic)
                  000167dc    0000006c                      : PowerCC26X2.c.obj (.text.oscillatorISR)
                  00016848    0000006c     ti_sysbios_config.o (.text.ti_sysbios_family_arm_m3_Hwi_dispatchC)
                  000168b4    0000006c     OneLib.a : gatt_server.o (.text)
                  00016920    0000006c              : ll_isr.o (.text)
                  0001698c    0000006c     StackWrapper.a : osal_cbtimer.o (.text)
                  000169f8    0000006a     drivers_cc26x2.a : I2CCC26XX.c.obj (.text.I2CSupport_primeTransfer)
                  00016a62    0000006a     nvocmp.o (.text.NVOCMP_verifyCRC)
                  00016acc    0000006a     libc.a : copy_decompress_lzss.c.obj (.text:decompress:lzss)
                  00016b36    00000002     rom_init.o (.text.MAP_llUpdateCteState)
                  00016b38    00000068     nwt_i2c.o (.text.I2C_read_fsm)
                  00016ba0    00000068     icall.o (.text.ICall_enrollService)
                  00016c08    00000068     icall.o (.text.ICall_send)
                  00016c70    00000068     icall.o (.text.ICall_sendServiceComplete)
                  00016cd8    00000068     rf_multiMode_cc26x2.a : RFCC26X2_multiMode.c.cc26x2.ticlang.o (.text.RF_detachOverrides)
                  00016d40    00000068     drivers_cc26x2.a : UART2CC26X2.c.obj (.text.UART2Support_dmaStopRx)
                  00016da8    00000068     two_btn_menu.o (.text.tbm_displayItem)
                  00016e10    00000068     ti_sysbios_config.o (.text.ti_sysbios_knl_Event_post)
                  00016e78    00000068     ti_sysbios_config.o (.text.ti_sysbios_knl_Swi_run)
                  00016ee0    00000068     OneLib.a : gap_task.o (.text)
                  00016f48    00000068              : ll.o (.text)
                  00016fb0    00000068              : ll_ae.o (.text)
                  00017018    00000068              : ll_common.o (.text)
                  00017080    00000068     StackWrapper.a : osal_timers.o (.text)
                  000170e8    00000066                    : icall_lite_translation.o (.text)
                  0001714e    00000002     rom_init.o (.text.MAP_llUpdatePeriodicAdvChainPacket)
                  00017150    00000064     drivers_cc26x2.a : AESCCMCC26XX.c.obj (.text.AESCCM_hwiFxn)
                  000171b4    00000064     display_cc26x2.a : DisplayUart2.c.obj (.text.DisplayUart2Ansi_open)
                  00017218    00000064     drivers_cc26x2.a : PowerCC26X2_calibrateRCOSC.c.obj (.text.PowerCC26X2_initiateCalibration)
                  0001727c    00000064     rf_multiMode_cc26x2.a : RFCC26X2_multiMode.c.cc26x2.ticlang.o (.text.RF_attachOverrides)
                  000172e0    00000064                           : RFCC26X2_multiMode.c.cc26x2.ticlang.o (.text.RF_dispatchNextEvent)
                  00017344    00000064                           : RFCC26X2_multiMode.c.cc26x2.ticlang.o (.text.RF_hwiCpe0PowerFsm)
                  000173a8    00000064     simple_gatt_profile.o (.text.SimpleProfile_AddService)
                  0001740c    00000064     drivers_cc26x2.a : UDMACC26XX.c.obj (.text.UDMACC26XX_open)
                  00017470    00000064     oad.o (.text.oadFindCurrentImageHdr)
                  000174d4    00000064     oad.o (.text.oadValidateCandidateHdr)
                  00017538    00000064     ti_sysbios_config.o (.text.ti_sysbios_gates_GateMutexPri_leave)
                  0001759c    00000064     ti_sysbios_config.o (.text.ti_sysbios_knl_Idle_init)
                  00017600    00000064     ti_sysbios_config.o (.text.ti_sysbios_knl_TaskSupport_buildTaskStack)
                  00017664    00000064     OneLib.a : gapgattserver.o (.text)
                  000176c8    00000064              : gattservapp.o (.text)
                  0001772c    00000064              : gattservapp.o (.text)
                  00017790    00000064              : ll_common.o (.text)
                  000177f4    00000064              : ll_scheduler.o (.text)
                  00017858    00000062     rf_multiMode_cc26x2.a : RFCC26X2_multiMode.c.cc26x2.ticlang.o (.text.RF_syncCb)
                  000178ba    00000002                           : rfc.c.cc26x2.ticlang.o (.text.NOROM_RFCCpePatchReset)
                  000178bc    00000062     libclang_rt.builtins.a : aeabi_dcmp.S.obj (.text)
                  0001791e    00000002     rf_multiMode_cc26x2.a : RFCC26X2_multiMode.c.cc26x2.ticlang.o (.text.RF_defaultCallback)
                  00017920    00000060     drivers_cc26x2.a : CryptoResourceCC26XX.c.obj (.text.CryptoResourceCC26XX_constructRTOSObjects)
                  00017980    00000060     nvocmp.o (.text.NVOCMP_checkItem)
                  000179e0    00000060     drivers_cc26x2.a : PKAResourceCC26XX.c.obj (.text.PKAResourceCC26XX_constructRTOSObjects)
                  00017a40    00000060     simple_gatt_profile.o (.text.SimpleProfile_GetParameter)
                  00017aa0    00000060     ti_drivers_config.o (.text.rfDriverCallbackAntennaSwitching)
                  00017b00    00000060     scif_framework.o (.text.scifSetSceOpmode)
                  00017b60    00000060     osal_icall_ble.o (.text.stack_main)
                  00017bc0    00000060     ti_sysbios_config.o (.text.ti_sysbios_knl_Clock_walkQueueDynamic)
                  00017c20    00000060     ti_sysbios_config.o (.text.ti_sysbios_knl_Semaphore_post)
                  00017c80    00000060     ti_sysbios_config.o (.text.ti_sysbios_knl_Swi_schedule)
                  00017ce0    00000060     OneLib.a : ll_common.o (.text)
                  00017d40    00000060              : sm_pairing.o (.text)
                  00017da0    00000060     StackWrapper.a : gapbondmgr.o (.text)
                  00017e00    0000005e     rf_multiMode_cc26x2.a : rfc.c.cc26x2.ticlang.o (.text.NOROM_RFCAnaDivTxOverride)
                  00017e5e    0000005e     OneLib.a : ll_common.o (.text)
                  00017ebc    0000005c     drivers_cc26x2.a : TRNGCC26XX.c.obj (.text.TRNGCC26XX_startTrng)
                  00017f18    0000005c     rf_multiMode_cc26x2.a : rf_patch_mce_bt5.c.cc26x2.ticlang.o (.text.rf_patch_mce_bt5)
                  00017f74    0000005c     OneLib.a : gap_perilinkmgr.o (.text)
                  00017fd0    0000005c              : ll_scheduler.o (.text)
                  0001802c    0000005c              : sm_intpairing.o (.text)
                  00018088    0000005c              : sm_rsppairing.o (.text)
                  000180e4    0000005c     StackWrapper.a : gapbondmgr.o (.text)
                  00018140    0000005a     OneLib.a : hci.o (.text)
                  0001819a    00000002     drivers_cc26x2.a : UART2CC26X2.c.obj (.text.UART2CC26X2_eventCallback)
                  0001819c    00000058     BQ27427.o (.text.BQ27427_i2cWriteBytes)
                  000181f4    00000058     drivers_cc26x2.a : ECDHCC26X2.c.obj (.text.ECDH_construct)
                  0001824c    00000058     icall.o (.text.HEAPMGR_GETLARGESTFREEBUF)
                  000182a4    00000058     icall.o (.text.ICall_fetchMsg)
                  000182fc    00000058     rf_multiMode_cc26x2.a : RFCC26X2_multiMode.c.cc26x2.ticlang.o (.text.RF_applyRfCorePatch)
                  00018354    00000058     drivers_cc26x2.a : TRNGCC26XX.c.obj (.text.TRNG_init)
                  000183ac    00000058     sysbios.a : Hwi_asm_switch_gcc.s.obj (.text.ti_sysbios_family_arm_m3_Hwi_initStacks)
                  00018404    00000058     OneLib.a : gap_scanner.o (.text)
                  0001845c    00000058              : ll_ae.o (.text)
                  000184b4    00000058              : ll_common.o (.text)
                  0001850c    00000058              : ll_enc.o (.text)
                  00018564    00000058              : ll_isr.o (.text)
                  000185bc    00000058              : sm_pairing.o (.text)
                  00018614    00000058     StackWrapper.a : sm_ecc.o (.text)
                  0001866c    00000056     drivers_cc26x2.a : StructRingBuf.c.obj (.text.StructRingBuf_put)
                  000186c2    00000056                      : UART2.c.obj (.text.UART2_readCancel)
                  00018718    00000056     ti_sysbios_config.o (.text.ti_sysbios_knl_Mailbox_pend)
                  0001876e    00000056     StackWrapper.a : gapbondmgr.o (.text)
                  000187c4    00000054     drivers_cc26x2.a : AESCCMCC26XX.c.obj (.text.AESCCM_construct)
                  00018818    00000054     BQ27427.o (.text.BQ27427_enterConfig)
                  0001886c    00000054     drivers_cc26x2.a : I2CCC26XX.c.obj (.text.I2CCC26XX_initHw)
                  000188c0    00000054     icall.o (.text.ICall_registerApp)
                  00018914    00000054     nvocmp.o (.text.NVOCMP_compactNvApi)
                  00018968    00000054     nvocmp.o (.text.NVOCMP_getDstPage)
                  000189bc    00000054     rf_multiMode_cc26x2.a : RFCC26X2_multiMode.c.cc26x2.ticlang.o (.text.RF_getCurrentTime)
                  00018a10    00000054     util.o (.text.Util_constructClock)
                  00018a64    00000054     OneLib.a : gattservapp.o (.text)
                  00018ab8    00000054              : hci_event.o (.text)
                  00018b0c    00000054              : linkdb.o (.text)
                  00018b60    00000054              : ll.o (.text)
                  00018bb4    00000054              : ll_ae.o (.text)
                  00018c08    00000054              : ll_ae.o (.text)
                  00018c5c    00000054              : ll_ae.o (.text)
                  00018cb0    00000052     driverlib.lib : chipinfo.o (.text.NOROM_ChipInfo_GetHwRevision)
                  00018d02    00000052     OneLib.a : gap_centlinkmgr.o (.text)
                  00018d54    00000050     ti_drivers_config.o (.text.Board_shutDownExtFlash)
                  00018da4    00000050     display_cc26x2.a : Display.c.obj (.text.Display_doOpen)
                  00018df4    00000050     nvocmp.o (.text.NVOCMP_loadApiPtrsMin)
                  00018e44    00000050     rf_multiMode_cc26x2.a : RFCC26X2_multiMode.c.cc26x2.ticlang.o (.text.RF_wakeupNotification)
                  00018e94    00000050     simple_peripheral_oad_onchip.o (.text.SimplePeripheral_doSelectConn)
                  00018ee4    00000050     ti_sysbios_config.o (.text.ti_sysbios_knl_Swi_post)
                  00018f34    00000050     ti_sysbios_config.o (.text.ti_sysbios_knl_Swi_runLoop)
                  00018f84    00000050     ti_sysbios_config.o (.text.ti_sysbios_knl_Task_schedule)
                  00018fd4    00000050     OneLib.a : gap_perilinkmgr.o (.text)
                  00019024    00000050              : gattservapp.o (.text)
                  00019074    00000050              : hci_tl.o (.text)
                  000190c4    00000050              : ll_enc.o (.text)
                  00019114    00000050     StackWrapper.a : osal.o (.text)
                  00019164    00000050                    : osal_clock.o (.text)
                  000191b4    0000004e     drivers_cc26x2.a : AESECBCC26XX.c.obj (.text.AESECB_startOperation)
                  00019202    0000004e     ti_drivers_config.o (.text.Board_sendExtFlashByte)
                  00019250    0000004e     nvocmp.o (.text.NVOCMP_readItem)
                  0001929e    0000004e     StackWrapper.a : gap.o (.text)
                  000192ec    0000004c     ti_sysbios_config.o (.text.BIOS_startFunc)
                  00019338    0000004c     drivers_cc26x2.a : CryptoUtils.c.obj (.text.CryptoUtils_reverseCopyPad)
                  00019384    0000004c     icall.o (.text.ICall_newTask)
                  000193d0    0000004c     driverlib.lib : osc.o (.text.NOROM_OSC_HPOSCRelativeFrequencyOffsetGet)
                  0001941c    0000004c     nvocmp.o (.text.NVOCMP_setItemInactive)
                  00019468    0000004c     drivers_cc26x2.a : NVSCC26XX.c.obj (.text.NVSCC26XX_init)
                  000194b4    0000004c                      : NVSCC26XX.c.obj (.text.NVSCC26XX_read)
                  00019500    0000004c     rf_multiMode_cc26x2.a : RFCC26X2_multiMode.c.cc26x2.ticlang.o (.text.RF_fsmXOSCState)
                  0001954c    0000004c     drivers_cc26x2.a : StructRingBuf.c.obj (.text.StructRingBuf_get)
                  00019598    0000004c     rf_multiMode_cc26x2.a : rf_patch_cpe_bt5.c.cc26x2.ticlang.o (.text.configureBt5Patch)
                  000195e4    0000004c     drivers_cc26x2.a : PowerCC26X2.c.obj (.text.switchXOSCHF)
                  00019630    0000004c     ti_sysbios_config.o (.text.ti_sysbios_knl_Swi_Instance_init)
                  0001967c    0000004c     ti_sysbios_config.o (.text.ti_sysbios_runtime_Startup_exec)
                  000196c8    0000004c     OneLib.a : ble.o (.text)
                  00019714    0000004c              : ll_common.o (.text)
                  00019760    0000004c              : ll_scheduler.o (.text)
                  000197ac    0000004c              : ll_scheduler.o (.text)
                  000197f8    0000004c     StackWrapper.a : gattservapp_util.o (.text)
                  00019844    00000048     BQ27427.o (.text.BQ27427_exitConfig)
                  0001988c    00000048     rom_init.o (.text.MAP_llInitFeatureSet)
                  000198d4    00000048     driverlib.lib : aux_sysif.o (.text.NOROM_AUXSYSIFOpModeChange)
                  0001991c    00000048     rf_multiMode_cc26x2.a : rfc.c.cc26x2.ticlang.o (.text.NOROM_RFCSynthPowerDown)
                  00019964    00000048     drivers_cc26x2.a : NVS.c.obj (.text.NVS_open)
                  000199ac    00000048                      : PowerCC26X2.c.obj (.text.PowerCC26XX_switchXOSC_HF)
                  000199f4    00000048     simple_peripheral_oad_onchip.o (.text.SimplePeripheral_clearConnListEntry)
                  00019a3c    00000048     shared.o (.text.init_semaphore)
                  00019a84    00000048     ti_sysbios_config.o (.text.ti_sysbios_family_arm_cc26xx_Timer_start)
                  00019acc    00000048     OneLib.a : att_util.o (.text)
                  00019b14    00000048              : gattservapp.o (.text)
                  00019b5c    00000048              : ll.o (.text)
                  00019ba4    00000048              : ll.o (.text)
                  00019bec    00000048              : ll.o (.text)
                  00019c34    00000048              : ll_common.o (.text)
                  00019c7c    00000048              : ll_common.o (.text)
                  00019cc4    00000048     libclang_rt.builtins.a : fixdfsi.S.obj (.text)
                  00019d0c    00000046     drivers_cc26x2.a : RingBuf.c.obj (.text.RingBuf_put)
                  00019d52    00000002     libclang_rt.builtins.a : aeabi_div0.c.obj (.text.__aeabi_ldiv0)
                  00019d54    00000044     ti_sysbios_config.o (.text.BIOS_atExitFunc)
                  00019d98    00000044     EEPROM.o (.text.EEPROM_Read)
                  00019ddc    00000044     drivers_cc26x2.a : GPIOCC26X2.c.obj (.text.GPIO_hwiIntFxn)
                  00019e20    00000044     nwt_i2c.o (.text.I2C_GET_SENSOR_ODR)
                  00019e64    00000044     icall.o (.text.ICall_getEntityId)
                  00019ea8    00000044     driverlib.lib : prcm.o (.text.NOROM_PRCMPowerDomainsAllOff)
                  00019eec    00000044                   : prcm.o (.text.NOROM_PRCMPowerDomainsAllOn)
                  00019f30    00000044     rf_multiMode_cc26x2.a : RFCC26X2_multiMode.c.cc26x2.ticlang.o (.text.RF_cmdGet)
                  00019f74    00000044                           : RFCC26X2_multiMode.c.cc26x2.ticlang.o (.text.RF_updatePowerupDuration)
                  00019fb8    00000044     two_btn_menu.o (.text.tbm_goTo)
                  00019ffc    00000044     ti_sysbios_config.o (.text.ti_sysbios_family_arm_m3_Hwi_Instance_finalize)
                  0001a040    00000044     ti_sysbios_config.o (.text.ti_sysbios_family_arm_m3_Hwi_construct2)
                  0001a084    00000044     ti_sysbios_config.o (.text.ti_sysbios_family_arm_m3_Hwi_disableInterrupt)
                  0001a0c8    00000044     ti_sysbios_config.o (.text.ti_sysbios_family_arm_m3_Hwi_enableInterrupt)
                  0001a10c    00000044     ti_sysbios_config.o (.text.ti_sysbios_knl_Swi_restore)
                  0001a150    00000044     OneLib.a : ll.o (.text)
                  0001a194    00000044              : ll.o (.text)
                  0001a1d8    00000044              : ll_ae.o (.text)
                  0001a21c    00000044     StackWrapper.a : osal.o (.text)
                  0001a260    00000044                    : osal_timers.o (.text)
                  0001a2a4    00000044     libclang_rt.builtins.a : fixunsdfsi.S.obj (.text)
                  0001a2e8    00000042     simple_peripheral_oad_onchip.o (.text.SimplePeripheral_passcodeCb)
                  0001a32a    00000042     OneLib.a : ll.o (.text)
                  0001a36c    00000042              : ll_ae.o (.text)
                  0001a3ae    00000042              : ll_common.o (.text)
                  0001a3f0    00000040     drivers_cc26x2.a : AESCTRDRBGXX.c.obj (.text.AESCTRDRBGXX_addBigendCounter)
                  0001a430    00000040                      : ECDHCC26X2.c.obj (.text.ECDHCC26X2_waitForResult)
                  0001a470    00000040                      : GPIOCC26XX.c.obj (.text.GPIO_getConfig)
                  0001a4b0    00000040     icall.o (.text.ICall_setTimerMSecs)
                  0001a4f0    00000040     drivers_cc26x2.a : PowerCC26X2_calibrateRCOSC.c.obj (.text.PowerCC26X2_RCOSC_clockFunc)
                  0001a530    00000040                      : PowerCC26X2_calibrateRCOSC_helpers.c.obj (.text.PowerCC26X2_setAclkRefSrc)
                  0001a570    00000040     oad_reset_service.o (.text.ResetWriteAttrCB)
                  0001a5b0    00000040     simple_peripheral_oad_onchip.o (.text.SimplePeripheral_stopAutoPhyChange)
                  0001a5f0    00000040     util.o (.text.Util_convertBdAddr2Str)
                  0001a630    00000040     util.o (.text.Util_rescheduleClock)
                  0001a670    00000040     drivers_cc26x2.a : NVSCC26XX.c.obj (.text.disableFlashCache)
                  0001a6b0    00000040     simple_peripheral_oad_onchip.o (.text.sp_enable_advertising)
                  0001a6f0    00000040     two_btn_menu.o (.text.tbm_buttonRight)
                  0001a730    00000040     two_btn_menu.o (.text.tbm_findActiveItem)
                  0001a770    00000040     ti_sysbios_config.o (.text.ti_sysbios_knl_Clock_getTicksUntilInterrupt)
                  0001a7b0    00000040     ti_sysbios_config.o (.text.ti_sysbios_knl_Task_exit)
                  0001a7f0    00000040     OneLib.a : gap_configmgr.o (.text)
                  0001a830    00000040              : gattservapp.o (.text)
                  0001a870    00000040              : ll_common.o (.text)
                  0001a8b0    00000040              : ll_common.o (.text)
                  0001a8f0    00000040              : sm_intpairing.o (.text)
                  0001a930    00000040     StackWrapper.a : osal.o (.text)
                  0001a970    00000040                    : osal_bufmgr.o (.text)
                  0001a9b0    00000040                    : osal_bufmgr.o (.text)
                  0001a9f0    00000040                    : osal_timers.o (.text)
                  0001aa30    0000003e     OneLib.a : ll_common.o (.text)
                  0001aa6e    00000002     libc.a : _lock.c.obj (.text._nop)
                  0001aa70    0000003c     drivers_cc26x2.a : GPIO.c.obj (.text.GPIO_resetConfig)
                  0001aaac    0000003c     ti_sysbios_config.o (.text.HwiP_construct)
                  0001aae8    0000003c     icall.o (.text.ICall_dispatch)
                  0001ab24    0000003c     driverlib.lib : sys_ctrl.o (.text.NOROM_SysCtrlIdle)
                  0001ab60    0000003c     nvocmp.o (.text.NVOCMP_getFreeNvApi)
                  0001ab9c    0000003c     oad.o (.text.OAD_setBlockSize)
                  0001abd8    0000003c     drivers_cc26x2.a : PowerCC26X2_calibrateRCOSC_helpers.c.obj (.text.PowerCC26X2_setTdcClkSrc24M)
                  0001ac14    0000003c     simple_peripheral_oad_onchip.o (.text.SimplePeripheral_clockHandler)
                  0001ac50    0000003c     ti_sysbios_config.o (.text.ti_sysbios_family_arm_cc26xx_Timer_periodicStub)
                  0001ac8c    0000003c     ti_sysbios_config.o (.text.ti_sysbios_family_arm_cc26xx_Timer_setThreshold)
                  0001acc8    0000003c     ti_sysbios_config.o (.text.ti_sysbios_heaps_HeapCallback_construct)
                  0001ad04    0000003c     ti_sysbios_config.o (.text.ti_sysbios_knl_ClockSupport_init)
                  0001ad40    0000003c     ti_sysbios_config.o (.text.ti_sysbios_knl_Task_blockI)
                  0001ad7c    0000003c     ti_sysbios_config.o (.text.ti_sysbios_knl_Task_create)
                  0001adb8    0000003c     ti_sysbios_config.o (.text.ti_sysbios_knl_Task_restore)
                  0001adf4    0000003c     ti_sysbios_config.o (.text.ti_sysbios_runtime_Memory_alloc)
                  0001ae30    0000003c     OneLib.a : gap_linkmgr.o (.text)
                  0001ae6c    0000003c              : gattservapp.o (.text)
                  0001aea8    0000003c              : gattservapp.o (.text)
                  0001aee4    0000003c              : gattservapp.o (.text)
                  0001af20    0000003c              : hci_event.o (.text)
                  0001af5c    0000003c              : hci_tl.o (.text)
                  0001af98    0000003c              : linkdb.o (.text)
                  0001afd4    0000003c              : ll_ae.o (.text)
                  0001b010    0000003c     StackWrapper.a : osal.o (.text)
                  0001b04c    0000003c                    : osal.o (.text)
                  0001b088    0000003c                    : osal.o (.text)
                  0001b0c4    0000003c                    : osal_timers.o (.text)
                  0001b100    0000003c                    : sm_ecc.o (.text)
                  0001b13c    0000003a     drivers_cc26x2.a : CryptoUtils.c.obj (.text.CryptoUtils_copyPad)
                  0001b176    0000003a     nwt_i2c.o (.text.half_to_uint16)
                  0001b1b0    0000003a     ti_sysbios_config.o (.text.ti_sysbios_knl_Task_checkStacks)
                  0001b1ea    0000003a     StackWrapper.a : osal.o (.text)
                  0001b224    00000038     drivers_cc26x2.a : AESCTRCC26XX.c.obj (.text.AESCTR_cleanup)
                  0001b25c    00000038                      : AESECBCC26XX.c.obj (.text.AESECB_cleanup)
                  0001b294    00000038     board_key.o (.text.GPIO_Board_keyCallback)
                  0001b2cc    00000038     nwt_i2c.o (.text.I2C_createTask)
                  0001b304    00000038     icall.o (.text.ICall_heapFree)
                  0001b33c    00000038     icall.o (.text.ICall_searchServiceEntity)
                  0001b374    00000038     nvocmp.o (.text.NVOCMP_disableCache)
                  0001b3ac    00000038     nvocmp.o (.text.NVOCMP_write)
                  0001b3e4    00000038     drivers_cc26x2.a : PowerCC26X2_helpers.c.obj (.text.PowerCC26X2_oscDisableQualifiers)
                  0001b41c    00000038                      : Random.c.obj (.text.Random_getNumber)
                  0001b454    00000038                      : RingBuf.c.obj (.text.RingBuf_putAdvance)
                  0001b48c    00000038     nwt_sc.o (.text.SC_createTask)
                  0001b4c4    00000038     simple_peripheral_oad_onchip.o (.text.SimplePeripheral_createTask)
                  0001b4fc    00000038     simple_peripheral_oad_onchip.o (.text.SimplePeripheral_setPhy)
                  0001b534    00000038     drivers_cc26x2.a : UDMACC26XX.c.obj (.text.UDMACC26XX_close)
                  0001b56c    00000038     rf_multiMode_cc26x2.a : rf_patch_cpe_bt5.c.cc26x2.ticlang.o (.text.rf_patch_cpe_bt5)
                  0001b5a4    00000038     scif_framework.o (.text.scifAckAlertEvents)
                  0001b5dc    00000038     scif_framework.o (.text.scifReinitIo)
                  0001b614    00000038     scif_framework.o (.text.scifSetMcuwusel)
                  0001b64c    00000038     ti_sysbios_config.o (.text.ti_sysbios_knl_Task_processVitalTaskFlag)
                  0001b684    00000038     OneLib.a : hci.o (.text)
                  0001b6bc    00000038              : linkdb.o (.text)
                  0001b6f4    00000038              : ll_ae.o (.text)
                  0001b72c    00000038              : ll_ae.o (.text)
                  0001b764    00000038              : ll_enc.o (.text)
                  0001b79c    00000038              : ll_scheduler.o (.text)
                  0001b7d4    00000038              : ll_scheduler.o (.text)
                  0001b80c    00000038              : ll_scheduler.o (.text)
                  0001b844    00000038              : sm_rsppairing.o (.text)
                  0001b87c    00000038     StackWrapper.a : gattservapp_util.o (.text)
                  0001b8b4    00000038                    : osal_timers.o (.text)
                  0001b8ec    00000038     libc.a : autoinit.c.obj (.text:__TI_auto_init_nobinit_nopinit)
                  0001b924    00000038     libclang_rt.builtins.a : extendsfdf2.S.obj (.text)
                  0001b95c    00000036     drivers_cc26x2.a : CryptoUtils.c.obj (.text.CryptoUtils_buffersMatch)
                  0001b992    00000036     icall.o (.text.ICall_fetchServiceMsg)
                  0001b9c8    00000036     ti_sysbios_config.o (.text.mq_receive)
                  0001b9fe    00000036     StackWrapper.a : ble_dispatch_lite.o (.text)
                  0001ba34    00000034     icall.o (.text.ICall_searchTask)
                  0001ba68    00000034     nvocmp.o (.text.NVOCMP_changePageState)
                  0001ba9c    00000034     drivers_cc26x2.a : PowerCC26X2_helpers.c.obj (.text.PowerCC26X2_setSubSecIncToXoscLf)
                  0001bad0    00000034                      : PowerCC26X2.c.obj (.text.Power_releaseConstraint)
                  0001bb04    00000034     rf_multiMode_cc26x2.a : RFCC26X2_multiMode.c.cc26x2.ticlang.o (.text.RF_powerConstraintRelease)
                  0001bb38    00000034                           : RFCC26X2_multiMode.c.cc26x2.ticlang.o (.text.RF_runDirectImmediateCmd)
                  0001bb6c    00000034     oad_reset_service.o (.text.Reset_addService)
                  0001bba0    00000034     ti_sysbios_config.o (.text.SwiP_construct)
                  0001bbd4    00000034     drivers_cc26x2.a : UART2CC26X2.c.obj (.text.UART2Support_sendData)
                  0001bc08    00000034                      : UART2.c.obj (.text.UART2_rxDisable)
                  0001bc3c    00000034     util.o (.text.Util_enqueueMsg)
                  0001bc70    00000034     ti_sysbios_config.o (.text._pthread_cleanupFxn)
                  0001bca4    00000034     flash_interface_int_rtos_NVS.o (.text.eraseFlashPg)
                  0001bcd8    00000034     ti_sysbios_config.o (.text.ti_sysbios_family_arm_m3_Hwi_getStackInfo)
                  0001bd0c    00000034     ti_sysbios_config.o (.text.ti_sysbios_family_arm_m3_Hwi_init)
                  0001bd40    00000034     ti_sysbios_config.o (.text.ti_sysbios_knl_Clock_Instance_init)
                  0001bd74    00000034     ti_sysbios_config.o (.text.ti_sysbios_knl_Task_unblockI)
                  0001bda8    00000034     ti_sysbios_config.o (.text.ti_sysbios_runtime_Error_raiseX)
                  0001bddc    00000034     flash_interface_int_rtos_NVS.o (.text.writeFlash)
                  0001be10    00000034     flash_interface_int_rtos_NVS.o (.text.writeFlashPg)
                  0001be44    00000034     OneLib.a : hci.o (.text)
                  0001be78    00000034              : ll_ae.o (.text)
                  0001beac    00000034     StackWrapper.a : gapbondmgr.o (.text)
                  0001bee0    00000034                    : icall_startup.o (.text)
                  0001bf14    00000034     sysbios.a : boot_cortex_m.c.obj (.text:_c_int00)
                  0001bf48    00000032     ti_sysbios_config.o (.text.ti_sysbios_knl_Event_pendTimeout)
                  0001bf7a    00000032     ti_sysbios_config.o (.text.ti_sysbios_knl_Semaphore_pendTimeout)
                  0001bfac    00000030     ti_sysbios_config.o (.text.BIOS_init)
                  0001bfdc    00000030     BQ27427.o (.text.BQ27427_i2cReadBytes)
                  0001c00c    00000030     BQ27427.o (.text.BQ27427_readControlWord)
                  0001c03c    00000030     BQ27427.o (.text.BQ27427_setTerminateVoltageMin)
                  0001c06c    00000030     ti_drivers_config.o (.text.Board_wakeUpExtFlash)
                  0001c09c    00000030     ti_sysbios_config.o (.text.ClockP_construct)
                  0001c0cc    00000030     icall.o (.text.ICall_primEntityId2ServiceId)
                  0001c0fc    00000030     drivers_cc26x2.a : NVSCC26XX.c.obj (.text.NVSCC26XX_erase)
                  0001c12c    00000030                      : PowerCC26X2.c.obj (.text.Power_setConstraint)
                  0001c15c    00000030     rf_multiMode_cc26x2.a : RFCC26X2_multiMode.c.cc26x2.ticlang.o (.text.RF_checkCmdFsError)
                  0001c18c    00000030     rom_init.o (.text.ROM_Init)
                  0001c1bc    00000030     simple_peripheral_oad_onchip.o (.text.SimplePeripheral_enqueueMsg)
                  0001c1ec    00000030     flash_interface_int_rtos_NVS.o (.text.flash_open)
                  0001c21c    00000030     drivers_cc26x2.a : PowerCC26X2.c.obj (.text.notify)
                  0001c24c    00000030     oad.o (.text.oadEraseExtFlashPages)
                  0001c27c    00000030     oad.o (.text.oadGetNextBlockReq)
                  0001c2ac    00000030     flash_interface_int_rtos_NVS.o (.text.readFlash)
                  0001c2dc    00000030     flash_interface_int_rtos_NVS.o (.text.readFlashPg)
                  0001c30c    00000030     scif_framework.o (.text.scifOsalInit)
                  0001c33c    00000030     two_btn_menu.o (.text.tbm_buttonLeft)
                  0001c36c    00000030     two_btn_menu.o (.text.tbm_initTwoBtnMenu)
                  0001c39c    00000030     ti_sysbios_config.o (.text.ti_sysbios_family_arm_m3_Hwi_excHandlerMin)
                  0001c3cc    00000030     ti_sysbios_config.o (.text.ti_sysbios_knl_TaskSupport_start)
                  0001c3fc    00000030     ti_sysbios_config.o (.text.ti_sysbios_runtime_System_atexit)
                  0001c42c    00000030     ti_sysbios_config.o (.text.ti_sysbios_runtime_System_processAtExit)
                  0001c45c    00000030     OneLib.a : ll.o (.text)
                  0001c48c    00000030              : ll_scheduler.o (.text)
                  0001c4bc    00000030     StackWrapper.a : osal_timers.o (.text)
                  0001c4ec    0000002e     driverlib.lib : chipinfo.o (.text.NOROM_ThisLibraryIsFor_CC13x2_CC26x2_HwRev20AndLater_HaltIfViolated)
                  0001c51a    0000002e     rf_multiMode_cc26x2.a : RFCC26X2_multiMode.c.cc26x2.ticlang.o (.text.RF_calculateDeltaTimeUs)
                  0001c548    0000002e     drivers_cc26x2.a : RingBuf.c.obj (.text.RingBuf_getConsume)
                  0001c576    0000002e                      : RingBuf.c.obj (.text.RingBuf_putPointer)
                  0001c5a4    0000002e     simple_peripheral_oad_onchip.o (.text.SimplePeripheral_pairStateCb)
                  0001c5d2    0000002e     OneLib.a : gattservapp.o (.text)
                  0001c600    0000002e              : gattservapp.o (.text)
                  0001c62e    00000002     drivers_cc26x2.a : PowerCC26X2.c.obj (.text.emptyClockFunc)
                  0001c630    0000002e     libclang_rt.builtins.a : floatsidf.S.obj (.text)
                  0001c65e    00000002     drivers_cc26x2.a : CryptoResourceCC26XX.c.obj (.text.errorSpin)
                  0001c660    0000002c     BQ27427.o (.text.BQ27427_init)
                  0001c68c    0000002c     display_cc26x2.a : DisplayUart2.c.obj (.text.DisplayUart2Ansi_clear)
                  0001c6b8    0000002c     main.o (.text.I2C_INIT)
                  0001c6e4    0000002c     icall_cc2650.o (.text.ICallPlatform_pwrDispenseImpl)
                  0001c710    0000002c     icall_cc2650.o (.text.ICallPlatform_pwrRequireImpl)
                  0001c73c    0000002c     icall.o (.text.ICall_getLocalMsgEntityId)
                  0001c768    0000002c     icall.o (.text.ICall_init)
                  0001c794    0000002c     nvocmp.o (.text.NVOCMP_setCompactHdr)
                  0001c7c0    0000002c     drivers_cc26x2.a : NVS.c.obj (.text.NVS_init)
                  0001c7ec    0000002c     ti_sysbios_config.o (.text.PowerCC26XX_schedulerDisable)
                  0001c818    0000002c     rf_multiMode_cc26x2.a : RFCC26X2_multiMode.c.cc26x2.ticlang.o (.text.RF_executeDirectImmediateCmd)
                  0001c844    0000002c     drivers_cc26x2.a : TRNGCC26XX.c.obj (.text.TRNGCC26XX_stopTrng)
                  0001c870    0000002c                      : UART2CC26X2.c.obj (.text.UART2CC26X2_getRxData)
                  0001c89c    0000002c     ti_sysbios_config.o (.text._pthread_delete)
                  0001c8c8    0000002c     simple_peripheral_oad_onchip.o (.text.sp_disable_advertising)
                  0001c8f4    0000002c     ti_sysbios_config.o (.text.ti_sysbios_knl_Clock_getTicks)
                  0001c920    0000002c     ti_sysbios_config.o (.text.ti_sysbios_knl_Clock_getTimeout)
                  0001c94c    0000002c     ti_sysbios_config.o (.text.ti_sysbios_knl_Swi_setPri)
                  0001c978    0000002c     ti_sysbios_config.o (.text.ti_sysbios_knl_Task_restoreHwi)
                  0001c9a4    0000002c     OneLib.a : gatt_task.o (.text)
                  0001c9d0    0000002c              : gattservapp.o (.text)
                  0001c9fc    0000002c              : ll_common.o (.text)
                  0001ca28    0000002c     StackWrapper.a : hal_assert.o (.text)
                  0001ca54    0000002c                    : osal_bufmgr.o (.text)
                  0001ca80    0000002a     BQ27427.o (.text.BQ27427_computeBlockChecksum)
                  0001caaa    0000002a     BQ27427.o (.text.BQ27427_setTaperRateTime)
                  0001cad4    0000002a     driverlib.lib : osc.o (.text.NOROM_OSCHF_TurnOnXosc)
                  0001cafe    0000002a     simple_peripheral_oad_onchip.o (.text.SimplePeripheral_advCallback)
                  0001cb28    0000002a     drivers_cc26x2.a : TRNGCC26XX.c.obj (.text.TRNG_generateKey)
                  0001cb52    0000002a                      : UART2CC26X2.c.obj (.text.UART2Support_powerRelConstraint)
                  0001cb7c    0000002a     ti_sysbios_config.o (.text.ti_sysbios_family_arm_cc26xx_Timer_setNextTick)
                  0001cba6    0000002a     ti_sysbios_config.o (.text.ti_sysbios_knl_Task_allBlockedFunction)
                  0001cbd0    00000028     ti_sysbios_config.o (.text.BIOS_registerRTSLock)
                  0001cbf8    00000028     BQ27427.o (.text.BQ27427_setSLEEPenable)
                  0001cc20    00000028     devinfoservice.o (.text.DevInfo_AddService)
                  0001cc48    00000028     drivers_cc26x2.a : I2C.c.obj (.text.I2C_cancel)
                  0001cc70    00000028     icall.o (.text.ICall_createRemoteTasks)
                  0001cc98    00000028     icall.o (.text.ICall_getMaxMSecs)
                  0001ccc0    00000028     icall.o (.text.ICall_heapGetStats)
                  0001cce8    00000028     icall.o (.text.ICall_sendServiceMsg)
                  0001cd10    00000028     drivers_cc26x2.a : List.c.obj (.text.List_remove)
                  0001cd38    00000028     driverlib.lib : chipinfo.o (.text.NOROM_ChipInfo_GetChipFamily)
                  0001cd60    00000028     drivers_cc26x2.a : PowerCC26X2.c.obj (.text.PowerCC26XX_isStableXOSC_HF)
                  0001cd88    00000028     rf_multiMode_cc26x2.a : RFCC26X2_multiMode.c.cc26x2.ticlang.o (.text.RF_cmdStoreEvents)
                  0001cdb0    00000028     scif_framework.o (.text.osalCtrlReadyIsr)
                  0001cdd8    00000028     scif_framework.o (.text.scifUninitIo)
                  0001ce00    00000028     sysbios.a : Hwi_asm_gcc.s.obj (.text.ti_sysbios_family_arm_m3_Hwi_excHandlerAsm)
                  0001ce28    00000028     ti_sysbios_config.o (.text.ti_sysbios_knl_Semaphore_Instance_init)
                  0001ce50    00000028     ti_sysbios_config.o (.text.ti_sysbios_knl_Swi_init)
                  0001ce78    00000028     sysbios.a : TaskSupport_asm_gcc.s.obj (.text.ti_sysbios_knl_TaskSupport_swap)
                  0001cea0    00000028     ti_sysbios_config.o (.text.ti_sysbios_knl_Task_construct)
                  0001cec8    00000028     ti_sysbios_config.o (.text.ti_sysbios_knl_Task_init)
                  0001cef0    00000028     OneLib.a : gattservapp.o (.text)
                  0001cf18    00000028              : ll.o (.text)
                  0001cf40    00000028              : ll_common.o (.text)
                  0001cf68    00000028     StackWrapper.a : osal.o (.text)
                  0001cf90    00000028                    : osal_snv_wrapper.o (.text)
                  0001cfb8    00000028                    : osal_snv_wrapper.o (.text)
                  0001cfe0    00000028                    : osal_snv_wrapper.o (.text)
                  0001d008    00000026     drivers_cc26x2.a : AESCTRDRBGXX.c.obj (.text.AESCTRDRBG_generateKey)
                  0001d02e    00000026     icall.o (.text.ICall_msgEnqueue)
                  0001d054    00000026     drivers_cc26x2.a : List.c.obj (.text.List_insert)
                  0001d07a    00000026                      : List.c.obj (.text.List_putHead)
                  0001d0a0    00000026     rf_multiMode_cc26x2.a : RFCC26X2_multiMode.c.cc26x2.ticlang.o (.text.RF_runScheduleCmd)
                  0001d0c6    00000026     simple_peripheral_oad_onchip.o (.text.SimplePeripheral_charValueChangeCB)
                  0001d0ec    00000026     simple_peripheral_oad_onchip.o (.text.SimplePeripheral_keyChangeHandler)
                  0001d112    00000026     drivers_cc26x2.a : UART2CC26X2.c.obj (.text.UART2Support_powerSetConstraint)
                  0001d138    00000026     ti_sysbios_config.o (.text.ti_sysbios_knl_Clock_create)
                  0001d15e    00000026     StackWrapper.a : gattservapp_util.o (.text)
                  0001d184    00000024     drivers_cc26x2.a : AESCTRCC26XX.c.obj (.text.AESCTR_setOperationInProgress)
                  0001d1a8    00000024     ti_sysbios_config.o (.text.BIOS_removeRTSLock)
                  0001d1cc    00000024     display_cc26x2.a : Display.c.obj (.text.Display_doInit)
                  0001d1f0    00000024     drivers_cc26x2.a : List.c.obj (.text.List_put)
                  0001d214    00000024                      : PowerCC26X2_helpers.c.obj (.text.PowerCC26X2_getOscHfSourceReady)
                  0001d238    00000024                      : PowerCC26X2_calibrateRCOSC_helpers.c.obj (.text.PowerCC26X2_writeCtrim)
                  0001d25c    00000024                      : PowerCC26X2_calibrateRCOSC_helpers.c.obj (.text.PowerCC26X2_writeCtrimFract)
                  0001d280    00000024                      : PowerCC26X2_calibrateRCOSC_helpers.c.obj (.text.PowerCC26X2_writeCtrimFractEn)
                  0001d2a4    00000024                      : PowerCC26X2_calibrateRCOSC_helpers.c.obj (.text.PowerCC26X2_writeRtrim)
                  0001d2c8    00000024                      : PowerCC26X2.c.obj (.text.Power_registerNotify)
                  0001d2ec    00000024     rf_multiMode_cc26x2.a : RFCC26X2_multiMode.c.cc26x2.ticlang.o (.text.RF_clkPowerUp)
                  0001d310    00000024                           : RFCC26X2_multiMode.c.cc26x2.ticlang.o (.text.RF_hwiCpe0ChangePhy)
                  0001d334    00000024                           : RFCC26X2_multiMode.c.cc26x2.ticlang.o (.text.RF_isStateTransitionAllowed)
                  0001d358    00000024                           : RFCC26X2_multiMode.c.cc26x2.ticlang.o (.text.RF_searchAndReplacePAOverride)
                  0001d37c    00000024     ti_sysbios_config.o (.text.SemaphoreP_createBinary)
                  0001d3a0    00000024     drivers_cc26x2.a : NVSCC26XX.c.obj (.text.restoreFlashCache)
                  0001d3c4    00000024     scif.o (.text.scifDriverSetupInit)
                  0001d3e8    00000024     two_btn_menu.o (.text.tbm_getNumDisplayItem)
                  0001d40c    00000024     two_btn_menu.o (.text.tbm_setItemStatus)
                  0001d430    00000024     ti_sysbios_config.o (.text.ti_sysbios_family_arm_m3_Hwi_construct)
                  0001d454    00000024     ti_sysbios_config.o (.text.ti_sysbios_knl_Semaphore_create)
                  0001d478    00000024     ti_sysbios_config.o (.text.ti_sysbios_knl_Semaphore_destruct)
                  0001d49c    00000024     ti_sysbios_config.o (.text.ti_sysbios_knl_Task_enter)
                  0001d4c0    00000024     nwt_i2c.o (.text.uint16_to_half)
                  0001d4e4    00000024     OneLib.a : gapgattserver.o (.text)
                  0001d508    00000024              : gatt_server.o (.text)
                  0001d52c    00000024              : ll_common.o (.text)
                  0001d550    00000024              : ll_isr.o (.text)
                  0001d574    00000024     StackWrapper.a : ble_dispatch_lite.o (.text)
                  0001d598    00000024                    : gapbondmgr.o (.text)
                  0001d5bc    00000024                    : osal.o (.text)
                  0001d5e0    00000024                    : osal.o (.text)
                  0001d604    00000024                    : osal_timers.o (.text)
                  0001d628    00000024                    : osal_timers.o (.text)
                  0001d64c    00000022     drivers_cc26x2.a : List.c.obj (.text.List_get)
                  0001d66e    00000022     oad.o (.text.OAD_getSWVersion)
                  0001d690    00000022     rf_multiMode_cc26x2.a : RFCC26X2_multiMode.c.cc26x2.ticlang.o (.text.RF_queueEnd)
                  0001d6b2    00000022     drivers_cc26x2.a : RingBuf.c.obj (.text.RingBuf_getPointer)
                  0001d6d4    00000022     nvocmp.o (.text.memcmp)
                  0001d6f6    00000022     ti_sysbios_config.o (.text.ti_sysbios_gates_GateMutexPri_insertPri)
                  0001d718    00000022     OneLib.a : gatt_server.o (.text)
                  0001d73a    00000002     drivers_cc26x2.a : PKAResourceCC26XX.c.obj (.text.errorSpin)
                  0001d73c    00000020     driverlib.lib : aes.o (.text.AESReadNonAuthenticationModeIV)
                  0001d75c    00000020     BQ27427.o (.text.BQ27427_executeControlWord)
                  0001d77c    00000020     BQ27427.o (.text.BQ27427_unseal)
                  0001d79c    00000020     crc32.o (.text.CRC32_value)
                  0001d7bc    00000020     drivers_cc26x2.a : ECDHCC26X2.c.obj (.text.ECDHCC26X2_internalCallbackFxn)
                  0001d7dc    00000020     icall.o (.text.ICall_primRepostSync)
                  0001d7fc    00000020     driverlib.lib : pka.o (.text.NOROM_PKAClearPkaRam)
                  0001d81c    00000020     rf_multiMode_cc26x2.a : rfc.c.cc26x2.ticlang.o (.text.NOROM_RFCDoorbellSendTo)
                  0001d83c    00000020                           : rfc.c.cc26x2.ticlang.o (.text.NOROM_RFCOverrideSearch)
                  0001d85c    00000020     drivers_cc26x2.a : NVSCC26XX.c.obj (.text.NVSCC26XX_getAttrs)
                  0001d87c    00000020                      : PowerCC26X2_helpers.c.obj (.text.PowerCC26X2_disableTCXOQual)
                  0001d89c    00000020                      : PowerCC26X2_helpers.c.obj (.text.PowerCC26X2_enableTCXOQual)
                  0001d8bc    00000020     ti_sysbios_config.o (.text.PowerCC26XX_schedulerRestore)
                  0001d8dc    00000020     drivers_cc26x2.a : PowerCC26X2.c.obj (.text.Power_unregisterNotify)
                  0001d8fc    00000020     rf_multiMode_cc26x2.a : RFCC26X2_multiMode.c.cc26x2.ticlang.o (.text.RF_cmdAlloc)
                  0001d91c    00000020                           : RFCC26X2_multiMode.c.cc26x2.ticlang.o (.text.RF_getRssi)
                  0001d93c    00000020                           : RFCC26X2_multiMode.c.cc26x2.ticlang.o (.text.RF_invokeGlobalCallback)
                  0001d95c    00000020                           : RFCC26X2_multiMode.c.cc26x2.ticlang.o (.text.RF_ratIsRunning)
                  0001d97c    00000020                           : RFCC26X2_multiMode.c.cc26x2.ticlang.o (.text.RF_setTxPower)
                  0001d99c    00000020     ti_sysbios_config.o (.text.SemaphoreP_constructBinary)
                  0001d9bc    00000020     simple_peripheral_oad_onchip.o (.text.SimplePeripheral_getConnIndex)
                  0001d9dc    00000020     flash_interface_int_rtos_NVS.o (.text.flash_close)
                  0001d9fc    00000020     shared.o (.text.init_display)
                  0001da1c    00000020     ti_sysbios_config.o (.text.ti_sysbios_family_arm_m3_Hwi_clearInterrupt)
                  0001da3c    00000020     ti_sysbios_config.o (.text.ti_sysbios_family_arm_m3_Hwi_initStack)
                  0001da5c    00000020     ti_sysbios_config.o (.text.ti_sysbios_gates_GateMutexPri_Instance_init)
                  0001da7c    00000020     ti_sysbios_config.o (.text.ti_sysbios_knl_Semaphore_delete)
                  0001da9c    00000020     ti_sysbios_config.o (.text.ti_sysbios_knl_Task_delete)
                  0001dabc    00000020     ti_sysbios_config.o (.text.ti_sysbios_knl_Task_destruct)
                  0001dadc    00000020     OneLib.a : gattservapp.o (.text)
                  0001dafc    00000020              : ll.o (.text)
                  0001db1c    00000020              : ll_isr.o (.text)
                  0001db3c    00000020              : ll_isr.o (.text)
                  0001db5c    00000020              : ll_isr.o (.text)
                  0001db7c    00000020              : ll_rat.o (.text)
                  0001db9c    00000020              : sm_intpairing.o (.text)
                  0001dbbc    00000020              : sm_rsppairing.o (.text)
                  0001dbdc    00000020     StackWrapper.a : gattservapp_util.o (.text)
                  0001dbfc    00000020                    : osal_cbtimer.o (.text)
[...]
20002a40  pOverrides_bleCommon                                               
20002a98  fsm_mlc_conf_ULP                                                   
20002aea  read_mlc_features                                                  
20002b80  gattAttrTbl                                                        
20002bc0  sm_eccKeys_sc_host_debug                                           
20002c00  nvintfFncStruct                                                    
20002c3c  ti_sysbios_knl_Task_Module_state                                   
20002ce8  argPeriodic                                                        
20002ce9  advertising_initialized                                            
20002cea  reconfig_mlc_flag                                                  
20002cee  resetConnHandle                                                    
20002cf0  sn                                                                 
20002cf2  iter_counter                                                       
20002cf4  sw_v                                                               
20002cf8  delta_thr                                                          
20002cfc  delta_thr_off                                                      
20002d5a  metaPage                                                           
20002da6  bleUserCfg_maxPduSize                                              
20002df8  eccParams_NISTP256                                                 
20002e1c  pOverrides_ble2Mbps                                                
20002e80  advParams1                                                         
20002e9c  advParams2                                                         
20002eb8  pOverrides_bleTx20                                                 
20002ed4  pOverrides_bleTxStd                                                
20002f0c  pOverrides_ble1Mbps                                                
20002f3c  ICall_enterCriticalSection                                         
20002f40  ICall_leaveCriticalSection                                         
20002f44  heapmgrMemFreeTotal                                                
20002f60  DisplayUart2Ansi_escInitial                                        
20002f73  scanResData1                                                       
20002fbc  RF_modeBle                                                         
20002fcc  _hposcCoeffs                                                       
20002fdc  bleAppServiceInfoTable                                             
20002fec  pOverrides_bleCoded                                                
2000301c  user0Cfg                                                           
2000302c  gattAttrTbl_gatt_no_service_changed                                
2000303c  sizeInfo                                                           
2000304c  pairMode                                                           
2000304d  mitm                                                               
2000304e  ioCap                                                              
2000304f  bonding                                                            
20003050  secureConnection                                                   
20003051  authenPairingOnly                                                  
20003052  autoSyncWL                                                         
20003053  eccReGenPolicy                                                     
20003054  KeySize                                                            
20003055  removeLRUBond                                                      
20003056  KeyDistList                                                        
20003057  eccDebugKeys                                                       
20003058  allowDebugKeys                                                     
20003059  eraseBondWhileInConn                                               
2000305a  sameIrkAction                                                      
2000306a  attDeviceName                                                      
20003090  advData1                                                           
20003099  advData2                                                           
200030ab  PKAResourceCC26XX_pollingFlag                                      
200030d4  RFCC26XX_schedulerPolicy                                           
200030dc  ti_sysbios_gates_GateMutexPri_Module_state                         
200030e4  ti_sysbios_heaps_HeapCallback_Module_state                         
200030ec  ti_sysbios_knl_Event_state                                         
200030f4  ti_sysbios_knl_Semaphore_Module_state                              
200030fc  periConnParameters                                                 
20003104  clientCbs                                                          
2000310c  DisplayUart2Ansi_escClearScreen                                    
20003111  SelfCheck                                                          
20003116  disconnectImmedConnId                                              
2000311c  __aeabi_errno                                                      
20003120  _lock                                                              
20003124  _unlock                                                            
20003128  acc                                                                
2000312c  appAssertCback                                                     
20003130  appKeyChangeHandler                                                
20003134  icallServiceTblPtr                                                 
2000313c  pRandomAddress                                                     
20003140  pRfErrCb                                                           
20003144  pfnBMAlloc                                                         
20003148  pfnBMFree                                                          
2000314c  patchedSlaveCtrlPktList                                            
20003150  halAssertCback                                                     
20003154  llUserConfig_maxPduSize                                            
20003156  baseTaskID                                                         
20003162  i2c_error_flag                                                     
2000316c  mlc_config                                                         
20003178  deviceNameCharProps                                                
20003179  appearanceCharProps                                                
2000317a  periConnParamCharProps                                             
2000317b  centAddrResCharProps                                               
2000317c  centAddrRes                                                        
2000317d  resolvablePrivateAddressOnlyCharProps                              
2000317e  GATTServApp_gatt_no_service_changed                                
20003180  qosDefaultPriorityConnParameter                                    
20003181  extScanChanMap                                                     
20003182  sizeOfAllExtConnParam                                              
20003183  rfRatHandle                                                        
20003184  smAllowDebugKeysMode                                               
20003185  gapEndAppTaskID                                                    
20003186  gapAppTaskID                                                       
20003187  legacyMode                                                         
20003188  i2cTaskStack                                                       
20003988  scTaskStack                                                        
20004188  spTaskStack                                                        
20004988  ti_sysbios_knl_Idle_taskStack                                      
20004f48  uart2CC26X2Objects                                                 
200050b8  i2cCC26xxObjects                                                   
200051f8  rfObject                                                           
200052f8  crcBuf                                                             
200053f8  ti_sysbios_family_arm_m3_Hwi_dispatchTable                         
200054d0  aesctrdrbgXXObjects                                                
200056a2  appearance                                                         
200056a4  trngCC26XXObjects                                                  
200057a8  gpioCallbackFunctions                                              
20005828  gpioUserArgs                                                       
200058a8  cbTimers                                                           
20005988  ti_sysbios_knl_ClockSupport_timerStruct                            
200059e8  i2cTask                                                            
20005a40  scTask                                                             
20005a98  spTask                                                             
20005af0  ti_sysbios_knl_Idle_taskStruct                                     
20005b48  CryptoResourceCC26XX_accessSemaphore                               
20005b98  CryptoResourceCC26XX_operationSemaphore                            
20005be8  PKAResourceCC26XX_accessSemaphore                                  
20005c38  PKAResourceCC26XX_operationSemaphore                               
20005d4c  nvFptrs                                                            
20005d88  ti_sysbios_knl_Swi_readyQs                                         
20005db8  ti_sysbios_knl_Task_readyQs                                        
20005de8  NVOCMP_nvHandle                                                    
20005e16  maximumPduSize                                                     
20005e18  rfSetup                                                            
20005e44  aesecbCC26XXObjects                                                
20005e6c  llCteSamples                                                       
20005ed0  req                                                                
20005ef0  extInitCmd                                                         
20005f10  extScanCmd                                                         
20005f30  gapBond_remoteOobData                                              
20005f50  gapBond_localOobData                                               
20005f70  ecdhCC26X2Objects                                                  
20005f90  i2cTransaction                                                     
20005fb0  ti_sysbios_runtime_System_atexitHandlers                           
20005fd0  udmaCC26XXObject                                                   
20006028  BIOS_heapCallbackObject                                            
20006044  BIOS_rtsGate                                                       
20006060  CryptoResourceCC26XX_hwi                                           
2000607c  PKAResourceCC26XX_hwi                                              
20006098  deviceName                                                         
200060b0  aesccmCC26XXObjects                                                
200060c8  SensorData                                                         
200060f4  spMenuConnPhy                                                      
20006108  spMenuMain                                                         
2000611c  spMenuPerConn                                                      
20006130  spMenuSelectConn                                                   
20006144  rfMode                                                             
20006154  i2cParams                                                          
20006173  scanResToDiscard                                                   
20006174  llCteTest                                                          
20006180  cteAntennaProp                                                     
2000618c  llTaskList                                                         
20006198  BQ27427                                                            
200061a4  displayUart2Object                                                 
200061b8  defaultChannelMap                                                  
200061c0  secondaryAdvChannelMap                                             
200061c8  llRfCmdPreemption                                                  
200061d8  rxBuffer                                                           
200061e0  txBuffer                                                           
20006200  ggs_AppCBs                                                         
20006204  pClientSecCBs                                                      
2000620c  BDAddrPerConnHandle                                                
20006210  llCte                                                              
20006214  llConnExtParam                                                     
20006218  extStackSettings                                                   
2000621c  trngHandle                                                         
20006220  LSTORecoveryArr                                                    
20006224  pNextAdvSet                                                        
20006228  llCurrentMappedChan                                                
2000622c  drbgHandle                                                         
20006230  pRpaCfg                                                            
20006234  gapBond_lruBondList                                                
20006238  gapBondStateNodeHead                                               
2000623c  osal_syncHandle                                                    
20006240  osal_icallMsg_hook                                                 
20006244  osal_qHead                                                         
20006248  osal_max_msecs                                                     
2000624c  osal_tickperiod                                                    
20006250  osal_eventloop_hook                                                
20006254  bm_preReleaseBuffCB                                                
20006260  OSAL_timeSeconds                                                   
20006264  timerHead                                                          
2000626c  osal_last_timestamp                                                
20006270  HEAPMGR_SIZE                                                       
20006274  PowerCC26XX_swiKey                                                 
20006278  PowerCC26XX_taskKey                                                
2000627c  cptF1                                                              
20006280  cptON                                                              
20006284  dispHandle                                                         
20006288  i2c                                                                
2000628c  sail_real_state                                                    
20006290  sem_display                                                        
20006294  sem_fdcan_thread                                                   
20006298  sem_i2c_thread                                                     
2000629c  sem_magn                                                           
200062a0  sem_sc_event                                                       
200062a4  sem_sc_thread                                                      
200062a8  tasksEvents                                                        
200062ac  ti_sysbios_family_arm_cc26xx_TimestampProvider_Module_state        
200062b0  ti_sysbios_knl_Task_defaultStackHeap                               
200062b4  pwrmgr_attribute                                                   
200062b6  CellCurrent_s                                                      
200062b8  CellSoC_s                                                          
200062ba  CellVoltage_s                                                      
200062bc  nvsCC26XXObjects                                                   
200062be  resolvablePrivateAddressOnly                                       
200062bf  GATTServApp_att_delayed_req                                        
200062c0  hciTaskID                                                          
200062c1  hciL2capTaskID                                                     
200062c2  hciGapTaskID                                                       
200062c3  hciSmpTaskID                                                       
200062c4  hciTestTaskID                                                      
200062c5  hciVsEvtMask                                                       
200062c6  scanReqRpt                                                         
200062c7  secondaryAdvChannelMapPopCount                                     
200062c8  qosDefaultPriorityAdvParameter                                     
200062c9  maxNumCteDataBufs                                                  
200062ca  numActiveAdvSets                                                   
200062cb  wlSize                                                             
200062cc  rlSize                                                             
200062cd  decryptResult                                                      
200062ce  llUnhandleNextIntFlag                                              
200062cf  smAuthenPairingOnlyMode                                            
200062d0  icall_liteTaskId                                                   
200062d1  gapBond_removeLRUBond                                              
200062d2  gapBond_syncRL                                                     
200062d3  assertSubcause                                                     
200062d4  osal_entity                                                        
200062d5  pwrmgr_initialized                                                 
200062d6  NVOCMP_size                                                        
200062d7  SelfCheckFlags                                                     
200062d8  advHandleLegacy                                                    
200062d9  advHandleLongRange                                                 
200062da  calculated_threshold                                               
200062db  gAction                                                            
200062dc  tbmRowItemLast                                                     
20006300  ti_sysbios_family_arm_m3_Hwi_ramVectors                            
200063d8  heapStart                                                          
20013c00  __stack                                                            
20013c00  heapEnd                                                            
20014000  __STACK_END                                                        
20014000  __STACK_TOP                                                        
20014000  __UNUSED_SRAM_end__                                                
ffffffff  __TI_pprof_out_hndl                                                
ffffffff  __TI_prof_data_size                                                
ffffffff  __TI_prof_data_start                                               
ffffffff  __binit__                                                          
ffffffff  binit                                                              
UNDEFED   ITM_flush                                                          
UNDEFED   ITM_restore                                                        
UNDEFED   __c_args__                                                         
UNDEFED   __mpu_init                                                         

[2803 symbols]
